Archive member included to satisfy reference by file (symbol)

C:/ST/STM32CubeIDE_2.1.1/STM32CubeIDE/plugins/com.st.stm32cube.ide.mcu.externaltools.gnu-tools-for-stm32.14.3.rel1.win32_1.0.100.202602081740/tools/bin/../lib/gcc/arm-none-eabi/14.3.1/../../../../arm-none-eabi/lib/thumb/v7e-m+dp/hard\libc_nano.a(libc_a-exit.o)
                              C:/ST/STM32CubeIDE_2.1.1/STM32CubeIDE/plugins/com.st.stm32cube.ide.mcu.externaltools.gnu-tools-for-stm32.14.3.rel1.win32_1.0.100.202602081740/tools/bin/../lib/gcc/arm-none-eabi/14.3.1/../../../../arm-none-eabi/lib/thumb/v7e-m+dp/hard/crt0.o (exit)
C:/ST/STM32CubeIDE_2.1.1/STM32CubeIDE/plugins/com.st.stm32cube.ide.mcu.externaltools.gnu-tools-for-stm32.14.3.rel1.win32_1.0.100.202602081740/tools/bin/../lib/gcc/arm-none-eabi/14.3.1/../../../../arm-none-eabi/lib/thumb/v7e-m+dp/hard\libc_nano.a(libc_a-findfp.o)
                              C:/ST/STM32CubeIDE_2.1.1/STM32CubeIDE/plugins/com.st.stm32cube.ide.mcu.externaltools.gnu-tools-for-stm32.14.3.rel1.win32_1.0.100.202602081740/tools/bin/../lib/gcc/arm-none-eabi/14.3.1/../../../../arm-none-eabi/lib/thumb/v7e-m+dp/hard\libc_nano.a(libc_a-exit.o) (__stdio_exit_handler)
C:/ST/STM32CubeIDE_2.1.1/STM32CubeIDE/plugins/com.st.stm32cube.ide.mcu.externaltools.gnu-tools-for-stm32.14.3.rel1.win32_1.0.100.202602081740/tools/bin/../lib/gcc/arm-none-eabi/14.3.1/../../../../arm-none-eabi/lib/thumb/v7e-m+dp/hard\libc_nano.a(libc_a-fwalk.o)
                              C:/ST/STM32CubeIDE_2.1.1/STM32CubeIDE/plugins/com.st.stm32cube.ide.mcu.externaltools.gnu-tools-for-stm32.14.3.rel1.win32_1.0.100.202602081740/tools/bin/../lib/gcc/arm-none-eabi/14.3.1/../../../../arm-none-eabi/lib/thumb/v7e-m+dp/hard\libc_nano.a(libc_a-findfp.o) (_fwalk_sglue)
C:/ST/STM32CubeIDE_2.1.1/STM32CubeIDE/plugins/com.st.stm32cube.ide.mcu.externaltools.gnu-tools-for-stm32.14.3.rel1.win32_1.0.100.202602081740/tools/bin/../lib/gcc/arm-none-eabi/14.3.1/../../../../arm-none-eabi/lib/thumb/v7e-m+dp/hard\libc_nano.a(libc_a-stdio.o)
                              C:/ST/STM32CubeIDE_2.1.1/STM32CubeIDE/plugins/com.st.stm32cube.ide.mcu.externaltools.gnu-tools-for-stm32.14.3.rel1.win32_1.0.100.202602081740/tools/bin/../lib/gcc/arm-none-eabi/14.3.1/../../../../arm-none-eabi/lib/thumb/v7e-m+dp/hard\libc_nano.a(libc_a-findfp.o) (__sread)
C:/ST/STM32CubeIDE_2.1.1/STM32CubeIDE/plugins/com.st.stm32cube.ide.mcu.externaltools.gnu-tools-for-stm32.14.3.rel1.win32_1.0.100.202602081740/tools/bin/../lib/gcc/arm-none-eabi/14.3.1/../../../../arm-none-eabi/lib/thumb/v7e-m+dp/hard\libc_nano.a(libc_a-memset.o)
                              C:/ST/STM32CubeIDE_2.1.1/STM32CubeIDE/plugins/com.st.stm32cube.ide.mcu.externaltools.gnu-tools-for-stm32.14.3.rel1.win32_1.0.100.202602081740/tools/bin/../lib/gcc/arm-none-eabi/14.3.1/../../../../arm-none-eabi/lib/thumb/v7e-m+dp/hard/crt0.o (memset)
C:/ST/STM32CubeIDE_2.1.1/STM32CubeIDE/plugins/com.st.stm32cube.ide.mcu.externaltools.gnu-tools-for-stm32.14.3.rel1.win32_1.0.100.202602081740/tools/bin/../lib/gcc/arm-none-eabi/14.3.1/../../../../arm-none-eabi/lib/thumb/v7e-m+dp/hard\libc_nano.a(libc_a-closer.o)
                              C:/ST/STM32CubeIDE_2.1.1/STM32CubeIDE/plugins/com.st.stm32cube.ide.mcu.externaltools.gnu-tools-for-stm32.14.3.rel1.win32_1.0.100.202602081740/tools/bin/../lib/gcc/arm-none-eabi/14.3.1/../../../../arm-none-eabi/lib/thumb/v7e-m+dp/hard\libc_nano.a(libc_a-stdio.o) (_close_r)
C:/ST/STM32CubeIDE_2.1.1/STM32CubeIDE/plugins/com.st.stm32cube.ide.mcu.externaltools.gnu-tools-for-stm32.14.3.rel1.win32_1.0.100.202602081740/tools/bin/../lib/gcc/arm-none-eabi/14.3.1/../../../../arm-none-eabi/lib/thumb/v7e-m+dp/hard\libc_nano.a(libc_a-reent.o)
                              C:/ST/STM32CubeIDE_2.1.1/STM32CubeIDE/plugins/com.st.stm32cube.ide.mcu.externaltools.gnu-tools-for-stm32.14.3.rel1.win32_1.0.100.202602081740/tools/bin/../lib/gcc/arm-none-eabi/14.3.1/../../../../arm-none-eabi/lib/thumb/v7e-m+dp/hard\libc_nano.a(libc_a-closer.o) (errno)
C:/ST/STM32CubeIDE_2.1.1/STM32CubeIDE/plugins/com.st.stm32cube.ide.mcu.externaltools.gnu-tools-for-stm32.14.3.rel1.win32_1.0.100.202602081740/tools/bin/../lib/gcc/arm-none-eabi/14.3.1/../../../../arm-none-eabi/lib/thumb/v7e-m+dp/hard\libc_nano.a(libc_a-impure.o)
                              C:/ST/STM32CubeIDE_2.1.1/STM32CubeIDE/plugins/com.st.stm32cube.ide.mcu.externaltools.gnu-tools-for-stm32.14.3.rel1.win32_1.0.100.202602081740/tools/bin/../lib/gcc/arm-none-eabi/14.3.1/../../../../arm-none-eabi/lib/thumb/v7e-m+dp/hard\libc_nano.a(libc_a-reent.o) (_impure_ptr)
C:/ST/STM32CubeIDE_2.1.1/STM32CubeIDE/plugins/com.st.stm32cube.ide.mcu.externaltools.gnu-tools-for-stm32.14.3.rel1.win32_1.0.100.202602081740/tools/bin/../lib/gcc/arm-none-eabi/14.3.1/../../../../arm-none-eabi/lib/thumb/v7e-m+dp/hard\libc_nano.a(libc_a-lseekr.o)
[...]
Memory Configuration

Name             Origin             Length             Attributes
RAM_D1           0x24000000         0x00080000         xrw
FLASH            0x08000000         0x00100000         xr
DTCMRAM          0x20000000         0x00020000         xrw
RAM_D2           0x30000000         0x00048000         xrw
RAM_D3           0x38000000         0x00010000         xrw
ITCMRAM          0x00000000         0x00010000         xrw
*default*        0x00000000         0xffffffff

Linker script and memory map

LOAD C:/ST/STM32CubeIDE_2.1.1/STM32CubeIDE/plugins/com.st.stm32cube.ide.mcu.externaltools.gnu-tools-for-stm32.14.3.rel1.win32_1.0.100.202602081740/tools/bin/../lib/gcc/arm-none-eabi/14.3.1/thumb/v7e-m+dp/hard/crti.o
LOAD C:/ST/STM32CubeIDE_2.1.1/STM32CubeIDE/plugins/com.st.stm32cube.ide.mcu.externaltools.gnu-tools-for-stm32.14.3.rel1.win32_1.0.100.202602081740/tools/bin/../lib/gcc/arm-none-eabi/14.3.1/thumb/v7e-m+dp/hard/crtbegin.o
LOAD C:/ST/STM32CubeIDE_2.1.1/STM32CubeIDE/plugins/com.st.stm32cube.ide.mcu.externaltools.gnu-tools-for-stm32.14.3.rel1.win32_1.0.100.202602081740/tools/bin/../lib/gcc/arm-none-eabi/14.3.1/../../../../arm-none-eabi/lib/thumb/v7e-m+dp/hard/crt0.o
LOAD ./Common/Src/system_stm32h7xx_dualcore_boot_cm4_cm7.o
LOAD ./Core/Src/gpio.o
LOAD ./Core/Src/i2c.o
LOAD ./Core/Src/main.o
LOAD ./Core/Src/sdmmc.o
LOAD ./Core/Src/stm32h7xx_hal_msp.o
LOAD ./Core/Src/stm32h7xx_it.o
LOAD ./Core/Src/syscalls.o
LOAD ./Core/Src/sysmem.o
LOAD ./Core/Startup/startup_stm32h755zitx.o
LOAD ./Drivers/STM32H7xx_HAL_Driver/stm32h7xx_hal.o
LOAD ./Drivers/STM32H7xx_HAL_Driver/stm32h7xx_hal_cortex.o
LOAD ./Drivers/STM32H7xx_HAL_Driver/stm32h7xx_hal_dma.o
LOAD ./Drivers/STM32H7xx_HAL_Driver/stm32h7xx_hal_dma_ex.o
LOAD ./Drivers/STM32H7xx_HAL_Driver/stm32h7xx_hal_exti.o
LOAD ./Drivers/STM32H7xx_HAL_Driver/stm32h7xx_hal_flash.o
LOAD ./Drivers/STM32H7xx_HAL_Driver/stm32h7xx_hal_flash_ex.o
LOAD ./Drivers/STM32H7xx_HAL_Driver/stm32h7xx_hal_gpio.o
LOAD ./Drivers/STM32H7xx_HAL_Driver/stm32h7xx_hal_hsem.o
LOAD ./Drivers/STM32H7xx_HAL_Driver/stm32h7xx_hal_i2c.o
LOAD ./Drivers/STM32H7xx_HAL_Driver/stm32h7xx_hal_i2c_ex.o
LOAD ./Drivers/STM32H7xx_HAL_Driver/stm32h7xx_hal_mdma.o
LOAD ./Drivers/STM32H7xx_HAL_Driver/stm32h7xx_hal_mmc.o
LOAD ./Drivers/STM32H7xx_HAL_Driver/stm32h7xx_hal_mmc_ex.o
LOAD ./Drivers/STM32H7xx_HAL_Driver/stm32h7xx_hal_pwr.o
LOAD ./Drivers/STM32H7xx_HAL_Driver/stm32h7xx_hal_pwr_ex.o
LOAD ./Drivers/STM32H7xx_HAL_Driver/stm32h7xx_hal_rcc.o
LOAD ./Drivers/STM32H7xx_HAL_Driver/stm32h7xx_hal_rcc_ex.o
LOAD ./Drivers/STM32H7xx_HAL_Driver/stm32h7xx_hal_sd.o
LOAD ./Drivers/STM32H7xx_HAL_Driver/stm32h7xx_hal_sd_ex.o
LOAD ./Drivers/STM32H7xx_HAL_Driver/stm32h7xx_hal_tim.o
LOAD ./Drivers/STM32H7xx_HAL_Driver/stm32h7xx_hal_tim_ex.o
LOAD ./Drivers/STM32H7xx_HAL_Driver/stm32h7xx_ll_delayblock.o
LOAD ./Drivers/STM32H7xx_HAL_Driver/stm32h7xx_ll_sdmmc.o
LOAD ./FATFS/App/fatfs.o
LOAD ./FATFS/Target/bsp_driver_sd.o
LOAD ./FATFS/Target/sd_diskio.o
LOAD ./Middlewares/Third_Party/FatFs/diskio.o
LOAD ./Middlewares/Third_Party/FatFs/ff.o
LOAD ./Middlewares/Third_Party/FatFs/ff_gen_drv.o
LOAD ./Middlewares/Third_Party/FatFs/syscall.o
START GROUP
LOAD C:/ST/STM32CubeIDE_2.1.1/STM32CubeIDE/plugins/com.st.stm32cube.ide.mcu.externaltools.gnu-tools-for-stm32.14.3.rel1.win32_1.0.100.202602081740/tools/bin/../lib/gcc/arm-none-eabi/14.3.1/../../../../arm-none-eabi/lib/thumb/v7e-m+dp/hard\libc_nano.a
LOAD C:/ST/STM32CubeIDE_2.1.1/STM32CubeIDE/plugins/com.st.stm32cube.ide.mcu.externaltools.gnu-tools-for-stm32.14.3.rel1.win32_1.0.100.202602081740/tools/bin/../lib/gcc/arm-none-eabi/14.3.1/../../../../arm-none-eabi/lib/thumb/v7e-m+dp/hard\libm.a
END GROUP
START GROUP
LOAD C:/ST/STM32CubeIDE_2.1.1/STM32CubeIDE/plugins/com.st.stm32cube.ide.mcu.externaltools.gnu-tools-for-stm32.14.3.rel1.win32_1.0.100.202602081740/tools/bin/../lib/gcc/arm-none-eabi/14.3.1/thumb/v7e-m+dp/hard\libgcc.a
LOAD C:/ST/STM32CubeIDE_2.1.1/STM32CubeIDE/plugins/com.st.stm32cube.ide.mcu.externaltools.gnu-tools-for-stm32.14.3.rel1.win32_1.0.100.202602081740/tools/bin/../lib/gcc/arm-none-eabi/14.3.1/../../../../arm-none-eabi/lib/thumb/v7e-m+dp/hard\libc_nano.a
END GROUP
START GROUP
LOAD C:/ST/STM32CubeIDE_2.1.1/STM32CubeIDE/plugins/com.st.stm32cube.ide.mcu.externaltools.gnu-tools-for-stm32.14.3.rel1.win32_1.0.100.202602081740/tools/bin/../lib/gcc/arm-none-eabi/14.3.1/thumb/v7e-m+dp/hard\libgcc.a
LOAD C:/ST/STM32CubeIDE_2.1.1/STM32CubeIDE/plugins/com.st.stm32cube.ide.mcu.externaltools.gnu-tools-for-stm32.14.3.rel1.win32_1.0.100.202602081740/tools/bin/../lib/gcc/arm-none-eabi/14.3.1/../../../../arm-none-eabi/lib/thumb/v7e-m+dp/hard\libc_nano.a
LOAD C:/ST/STM32CubeIDE_2.1.1/STM32CubeIDE/plugins/com.st.stm32cube.ide.mcu.externaltools.gnu-tools-for-stm32.14.3.rel1.win32_1.0.100.202602081740/tools/bin/../lib/gcc/arm-none-eabi/14.3.1/../../../../arm-none-eabi/lib/thumb/v7e-m+dp/hard\libnosys.a
END GROUP
START GROUP
LOAD C:/ST/STM32CubeIDE_2.1.1/STM32CubeIDE/plugins/com.st.stm32cube.ide.mcu.externaltools.gnu-tools-for-stm32.14.3.rel1.win32_1.0.100.202602081740/tools/bin/../lib/gcc/arm-none-eabi/14.3.1/thumb/v7e-m+dp/hard\libgcc.a
LOAD C:/ST/STM32CubeIDE_2.1.1/STM32CubeIDE/plugins/com.st.stm32cube.ide.mcu.externaltools.gnu-tools-for-stm32.14.3.rel1.win32_1.0.100.202602081740/tools/bin/../lib/gcc/arm-none-eabi/14.3.1/../../../../arm-none-eabi/lib/thumb/v7e-m+dp/hard\libc_nano.a
LOAD C:/ST/STM32CubeIDE_2.1.1/STM32CubeIDE/plugins/com.st.stm32cube.ide.mcu.externaltools.gnu-tools-for-stm32.14.3.rel1.win32_1.0.100.202602081740/tools/bin/../lib/gcc/arm-none-eabi/14.3.1/../../../../arm-none-eabi/lib/thumb/v7e-m+dp/hard\libnosys.a
END GROUP
LOAD C:/ST/STM32CubeIDE_2.1.1/STM32CubeIDE/plugins/com.st.stm32cube.ide.mcu.externaltools.gnu-tools-for-stm32.14.3.rel1.win32_1.0.100.202602081740/tools/bin/../lib/gcc/arm-none-eabi/14.3.1/thumb/v7e-m+dp/hard/crtend.o
LOAD C:/ST/STM32CubeIDE_2.1.1/STM32CubeIDE/plugins/com.st.stm32cube.ide.mcu.externaltools.gnu-tools-for-stm32.14.3.rel1.win32_1.0.100.202602081740/tools/bin/../lib/gcc/arm-none-eabi/14.3.1/thumb/v7e-m+dp/hard/crtn.o
                0x24080000                        _estack = (ORIGIN (RAM_D1) + LENGTH (RAM_D1))
                0x00000400                        _Min_Heap_Size = 0x400
                0x00000800                        _Min_Stack_Size = 0x800

.isr_vector     0x08000000      0x298
                0x08000000                        . = ALIGN (0x4)
 *(.isr_vector)
 .isr_vector    0x08000000      0x298 ./Core/Startup/startup_stm32h755zitx.o
                0x08000000                g_pfnVectors
                0x08000298                        . = ALIGN (0x4)

.text           0x08000298     0x9d18
                0x08000298                        . = ALIGN (0x4)
 *(.text)
 .text          0x08000298       0x40 C:/ST/STM32CubeIDE_2.1.1/STM32CubeIDE/plugins/com.st.stm32cube.ide.mcu.externaltools.gnu-tools-for-stm32.14.3.rel1.win32_1.0.100.202602081740/tools/bin/../lib/gcc/arm-none-eabi/14.3.1/thumb/v7e-m+dp/hard/crtbegin.o
 *(.text*)
 .text.SystemInit
                0x080002d8      0x15c ./Common/Src/system_stm32h7xx_dualcore_boot_cm4_cm7.o
                0x080002d8                SystemInit
 .text.ExitRun0Mode
                0x08000434       0x18 ./Common/Src/system_stm32h7xx_dualcore_boot_cm4_cm7.o
                0x08000434                ExitRun0Mode
 .text.MX_GPIO_Init
                0x0800044c       0x90 ./Core/Src/gpio.o
                0x0800044c                MX_GPIO_Init
 .text.MX_I2C1_Init
                0x080004dc       0x80 ./Core/Src/i2c.o
                0x080004dc                MX_I2C1_Init
 .text.HAL_I2C_MspInit
                0x0800055c       0xd0 ./Core/Src/i2c.o
                0x0800055c                HAL_I2C_MspInit
 .text.main     0x0800062c      0x13c ./Core/Src/main.o
                0x0800062c                main
 .text.SystemClock_Config
                0x08000768       0xfc ./Core/Src/main.o
                0x08000768                SystemClock_Config
 .text.MPU_Config
                0x08000864       0x58 ./Core/Src/main.o
 .text.Error_Handler
                0x080008bc        0xc ./Core/Src/main.o
                0x080008bc                Error_Handler
 .text.MX_SDMMC2_SD_Init
                0x080008c8       0x48 ./Core/Src/sdmmc.o
                0x080008c8                MX_SDMMC2_SD_Init
 .text.HAL_SD_MspInit
                0x08000910      0x1c8 ./Core/Src/sdmmc.o
                0x08000910                HAL_SD_MspInit
 .text.HAL_MspInit
                0x08000ad8       0x34 ./Core/Src/stm32h7xx_hal_msp.o
                0x08000ad8                HAL_MspInit
 .text.NMI_Handler
                0x08000b0c        0x8 ./Core/Src/stm32h7xx_it.o
                0x08000b0c                NMI_Handler
 .text.HardFault_Handler
                0x08000b14        0x8 ./Core/Src/stm32h7xx_it.o
                0x08000b14                HardFault_Handler
 .text.MemManage_Handler
                0x08000b1c        0x8 ./Core/Src/stm32h7xx_it.o
                0x08000b1c                MemManage_Handler
 .text.BusFault_Handler
                0x08000b24        0x8 ./Core/Src/stm32h7xx_it.o
                0x08000b24                BusFault_Handler
 .text.UsageFault_Handler
                0x08000b2c        0x8 ./Core/Src/stm32h7xx_it.o
                0x08000b2c                UsageFault_Handler
 .text.SVC_Handler
                0x08000b34        0xe ./Core/Src/stm32h7xx_it.o
                0x08000b34                SVC_Handler
 .text.DebugMon_Handler
                0x08000b42        0xe ./Core/Src/stm32h7xx_it.o
                0x08000b42                DebugMon_Handler
 .text.PendSV_Handler
                0x08000b50        0xe ./Core/Src/stm32h7xx_it.o
                0x08000b50                PendSV_Handler
 .text.SysTick_Handler
                0x08000b5e        0xc ./Core/Src/stm32h7xx_it.o
                0x08000b5e                SysTick_Handler
 *fill*         0x08000b6a        0x2 
 .text.SDMMC2_IRQHandler
                0x08000b6c       0x14 ./Core/Src/stm32h7xx_it.o
                0x08000b6c                SDMMC2_IRQHandler
 .text.Reset_Handler
                0x08000b80       0x54 ./Core/Startup/startup_stm32h755zitx.o
                0x08000b80                Reset_Handler
 .text.Default_Handler
                0x08000bd4        0x2 ./Core/Startup/startup_stm32h755zitx.o
                0x08000bd4                RTC_Alarm_IRQHandler
                0x08000bd4                HASH_RNG_IRQHandler
                0x08000bd4                EXTI2_IRQHandler
                0x08000bd4                TIM8_CC_IRQHandler
                0x08000bd4                HRTIM1_Master_IRQHandler
                0x08000bd4                UART8_IRQHandler
                0x08000bd4                SPI4_IRQHandler
                0x08000bd4                TIM1_CC_IRQHandler
                0x08000bd4                BDMA_Channel6_IRQHandler
                0x08000bd4                DMA2_Stream5_IRQHandler
                0x08000bd4                HRTIM1_FLT_IRQHandler
                0x08000bd4                JPEG_IRQHandler
                0x08000bd4                DMA1_Stream5_IRQHandler
                0x08000bd4                BDMA_Channel1_IRQHandler
                0x08000bd4                HRTIM1_TIMD_IRQHandler
                0x08000bd4                TAMP_STAMP_IRQHandler
                0x08000bd4                EXTI3_IRQHandler
                0x08000bd4                LPTIM4_IRQHandler
                0x08000bd4                TIM8_TRG_COM_TIM14_IRQHandler
                0x08000bd4                LPTIM2_IRQHandler
                0x08000bd4                DFSDM1_FLT1_IRQHandler
                0x08000bd4                DMAMUX2_OVR_IRQHandler
                0x08000bd4                TIM8_UP_TIM13_IRQHandler
                0x08000bd4                I2C3_ER_IRQHandler
                0x08000bd4                DFSDM1_FLT2_IRQHandler
                0x08000bd4                MDMA_IRQHandler
                0x08000bd4                LPTIM3_IRQHandler
                0x08000bd4                HSEM1_IRQHandler
                0x08000bd4                EXTI0_IRQHandler
                0x08000bd4                I2C2_EV_IRQHandler
                0x08000bd4                DMA1_Stream2_IRQHandler
                0x08000bd4                FPU_IRQHandler
                0x08000bd4                OTG_HS_WKUP_IRQHandler
                0x08000bd4                FDCAN1_IT1_IRQHandler
                0x08000bd4                LTDC_ER_IRQHandler
                0x08000bd4                DMA2_Stream2_IRQHandler
                0x08000bd4                HRTIM1_TIME_IRQHandler
                0x08000bd4                SPI1_IRQHandler
                0x08000bd4                TIM6_DAC_IRQHandler
                0x08000bd4                DCMI_IRQHandler
                0x08000bd4                HRTIM1_TIMC_IRQHandler
                0x08000bd4                DMA2_Stream3_IRQHandler
                0x08000bd4                SAI2_IRQHandler
                0x08000bd4                DFSDM1_FLT3_IRQHandler
                0x08000bd4                USART6_IRQHandler
                0x08000bd4                TIM17_IRQHandler
                0x08000bd4                USART3_IRQHandler
                0x08000bd4                BDMA_Channel7_IRQHandler
                0x08000bd4                CRYP_IRQHandler
                0x08000bd4                LPTIM5_IRQHandler
                0x08000bd4                UART5_IRQHandler
                0x08000bd4                ADC3_IRQHandler
                0x08000bd4                DMA2_Stream0_IRQHandler
                0x08000bd4                TIM4_IRQHandler
                0x08000bd4                BDMA_Channel2_IRQHandler
                0x08000bd4                QUADSPI_IRQHandler
                0x08000bd4                I2C1_EV_IRQHandler
                0x08000bd4                DMA1_Stream6_IRQHandler
                0x08000bd4                DMAMUX1_OVR_IRQHandler
                0x08000bd4                DMA1_Stream1_IRQHandler
                0x08000bd4                TIM16_IRQHandler
                0x08000bd4                UART4_IRQHandler
                0x08000bd4                BDMA_Channel5_IRQHandler
                0x08000bd4                TIM3_IRQHandler
                0x08000bd4                RCC_IRQHandler
                0x08000bd4                TIM8_BRK_TIM12_IRQHandler
                0x08000bd4                TIM1_TRG_COM_IRQHandler
                0x08000bd4                Default_Handler
                0x08000bd4                ECC_IRQHandler
                0x08000bd4                CEC_IRQHandler
                0x08000bd4                EXTI15_10_IRQHandler
                0x08000bd4                BDMA_Channel0_IRQHandler
                0x08000bd4                ADC_IRQHandler
                0x08000bd4                DMA1_Stream7_IRQHandler
                0x08000bd4                HRTIM1_TIMA_IRQHandler
                0x08000bd4                SPI5_IRQHandler
                0x08000bd4                TIM7_IRQHandler
                0x08000bd4                SDMMC1_IRQHandler
                0x08000bd4                TIM5_IRQHandler
                0x08000bd4                DMA2_Stream7_IRQHandler
                0x08000bd4                TIM15_IRQHandler
                0x08000bd4                PVD_AVD_IRQHandler
                0x08000bd4                I2C3_EV_IRQHandler
                0x08000bd4                EXTI9_5_IRQHandler
                0x08000bd4                RTC_WKUP_IRQHandler
                0x08000bd4                LTDC_IRQHandler
                0x08000bd4                SAI3_IRQHandler
                0x08000bd4                ETH_WKUP_IRQHandler
                0x08000bd4                SPDIF_RX_IRQHandler
                0x08000bd4                SPI2_IRQHandler
                0x08000bd4                OTG_HS_EP1_IN_IRQHandler
                0x08000bd4                DMA1_Stream0_IRQHandler
                0x08000bd4                CRS_IRQHandler
                0x08000bd4                CM7_SEV_IRQHandler
                0x08000bd4                EXTI4_IRQHandler
                0x08000bd4                CM4_SEV_IRQHandler
                0x08000bd4                HRTIM1_TIMB_IRQHandler
                0x08000bd4                FDCAN2_IT1_IRQHandler
                0x08000bd4                ETH_IRQHandler
                0x08000bd4                TIM1_UP_IRQHandler
                0x08000bd4                WWDG_RST_IRQHandler
                0x08000bd4                BDMA_Channel4_IRQHandler
                0x08000bd4                OTG_HS_EP1_OUT_IRQHandler
                0x08000bd4                WWDG_IRQHandler
                0x08000bd4                SPI6_IRQHandler
                0x08000bd4                MDIOS_IRQHandler
                0x08000bd4                I2C4_EV_IRQHandler
                0x08000bd4                FDCAN2_IT0_IRQHandler
                0x08000bd4                LPUART1_IRQHandler
                0x08000bd4                FDCAN1_IT0_IRQHandler
                0x08000bd4                TIM2_IRQHandler
                0x08000bd4                OTG_FS_WKUP_IRQHandler
                0x08000bd4                OTG_HS_IRQHandler
                0x08000bd4                HSEM2_IRQHandler
                0x08000bd4                DMA2D_IRQHandler
                0x08000bd4                TIM1_BRK_IRQHandler
                0x08000bd4                EXTI1_IRQHandler
                0x08000bd4                OTG_FS_EP1_OUT_IRQHandler
                0x08000bd4                BDMA_Channel3_IRQHandler
                0x08000bd4                HOLD_CORE_IRQHandler
                0x08000bd4                UART7_IRQHandler
                0x08000bd4                MDIOS_WKUP_IRQHandler
                0x08000bd4                USART2_IRQHandler
                0x08000bd4                DFSDM1_FLT0_IRQHandler
                0x08000bd4                SAI4_IRQHandler
                0x08000bd4                I2C2_ER_IRQHandler
                0x08000bd4                DMA2_Stream1_IRQHandler
                0x08000bd4                FLASH_IRQHandler
                0x08000bd4                DMA2_Stream4_IRQHandler
                0x08000bd4                USART1_IRQHandler
                0x08000bd4                OTG_FS_IRQHandler
                0x08000bd4                SPI3_IRQHandler
                0x08000bd4                WAKEUP_PIN_IRQHandler
                0x08000bd4                DMA1_Stream4_IRQHandler
                0x08000bd4                OTG_FS_EP1_IN_IRQHandler
                0x08000bd4                I2C1_ER_IRQHandler
                0x08000bd4                FMC_IRQHandler
                0x08000bd4                FDCAN_CAL_IRQHandler
                0x08000bd4                SWPMI1_IRQHandler
                0x08000bd4                COMP1_IRQHandler
                0x08000bd4                LPTIM1_IRQHandler
                0x08000bd4                I2C4_ER_IRQHandler
                0x08000bd4                DMA2_Stream6_IRQHandler
                0x08000bd4                SAI1_IRQHandler
                0x08000bd4                DMA1_Stream3_IRQHandler
 *fill*         0x08000bd6        0x2 
 .text.HAL_Init
                0x08000bd8       0x78 ./Drivers/STM32H7xx_HAL_Driver/stm32h7xx_hal.o
                0x08000bd8                HAL_Init
 .text.HAL_InitTick
                0x08000c50       0x6c ./Drivers/STM32H7xx_HAL_Driver/stm32h7xx_hal.o
                0x08000c50                HAL_InitTick
 .text.HAL_IncTick
                0x08000cbc       0x28 ./Drivers/STM32H7xx_HAL_Driver/stm32h7xx_hal.o
                0x08000cbc                HAL_IncTick
 .text.HAL_GetTick
                0x08000ce4       0x18 ./Drivers/STM32H7xx_HAL_Driver/stm32h7xx_hal.o
                0x08000ce4                HAL_GetTick
 .text.HAL_Delay
                0x08000cfc       0x48 ./Drivers/STM32H7xx_HAL_Driver/stm32h7xx_hal.o
                0x08000cfc                HAL_Delay
 .text.HAL_GetREVID
                0x08000d44       0x18 ./Drivers/STM32H7xx_HAL_Driver/stm32h7xx_hal.o
                0x08000d44                HAL_GetREVID
 .text.__NVIC_SetPriorityGrouping
                0x08000d5c       0x48 ./Drivers/STM32H7xx_HAL_Driver/stm32h7xx_hal_cortex.o
 .text.__NVIC_GetPriorityGrouping
                0x08000da4       0x1c ./Drivers/STM32H7xx_HAL_Driver/stm32h7xx_hal_cortex.o
 .text.__NVIC_EnableIRQ
                0x08000dc0       0x3c ./Drivers/STM32H7xx_HAL_Driver/stm32h7xx_hal_cortex.o
 .text.__NVIC_SetPriority
                0x08000dfc       0x54 ./Drivers/STM32H7xx_HAL_Driver/stm32h7xx_hal_cortex.o
 .text.NVIC_EncodePriority
                0x08000e50       0x66 ./Drivers/STM32H7xx_HAL_Driver/stm32h7xx_hal_cortex.o
 *fill*         0x08000eb6        0x2 
 .text.SysTick_Config
                0x08000eb8       0x44 ./Drivers/STM32H7xx_HAL_Driver/stm32h7xx_hal_cortex.o
 .text.HAL_NVIC_SetPriorityGrouping
                0x08000efc       0x16 ./Drivers/STM32H7xx_HAL_Driver/stm32h7xx_hal_cortex.o
                0x08000efc                HAL_NVIC_SetPriorityGrouping
 .text.HAL_NVIC_SetPriority
                0x08000f12       0x34 ./Drivers/STM32H7xx_HAL_Driver/stm32h7xx_hal_cortex.o
                0x08000f12                HAL_NVIC_SetPriority
 .text.HAL_NVIC_EnableIRQ
                0x08000f46       0x1c ./Drivers/STM32H7xx_HAL_Driver/stm32h7xx_hal_cortex.o
                0x08000f46                HAL_NVIC_EnableIRQ
 .text.HAL_SYSTICK_Config
                0x08000f62       0x18 ./Drivers/STM32H7xx_HAL_Driver/stm32h7xx_hal_cortex.o
                0x08000f62                HAL_SYSTICK_Config
 *fill*         0x08000f7a        0x2 
 .text.HAL_MPU_Disable
                0x08000f7c       0x30 ./Drivers/STM32H7xx_HAL_Driver/stm32h7xx_hal_cortex.o
                0x08000f7c                HAL_MPU_Disable
 .text.HAL_MPU_Enable
                0x08000fac       0x40 ./Drivers/STM32H7xx_HAL_Driver/stm32h7xx_hal_cortex.o
                0x08000fac                HAL_MPU_Enable
 .text.HAL_MPU_ConfigRegion
                0x08000fec       0x80 ./Drivers/STM32H7xx_HAL_Driver/stm32h7xx_hal_cortex.o
                0x08000fec                HAL_MPU_ConfigRegion
 .text.HAL_GPIO_Init
                0x0800106c      0x374 ./Drivers/STM32H7xx_HAL_Driver/stm32h7xx_hal_gpio.o
                0x0800106c                HAL_GPIO_Init
 .text.HAL_HSEM_FastTake
                0x080013e0       0x34 ./Drivers/STM32H7xx_HAL_Driver/stm32h7xx_hal_hsem.o
                0x080013e0                HAL_HSEM_FastTake
 .text.HAL_HSEM_Release
                0x08001414       0x28 ./Drivers/STM32H7xx_HAL_Driver/stm32h7xx_hal_hsem.o
                0x08001414                HAL_HSEM_Release
 .text.HAL_I2C_Init
                0x0800143c      0x138 ./Drivers/STM32H7xx_HAL_Driver/stm32h7xx_hal_i2c.o
                0x0800143c                HAL_I2C_Init
 .text.HAL_I2CEx_ConfigAnalogFilter
                0x08001574       0x96 ./Drivers/STM32H7xx_HAL_Driver/stm32h7xx_hal_i2c_ex.o
                0x08001574                HAL_I2CEx_ConfigAnalogFilter
 .text.HAL_I2CEx_ConfigDigitalFilter
                0x0800160a       0x98 ./Drivers/STM32H7xx_HAL_Driver/stm32h7xx_hal_i2c_ex.o
                0x0800160a                HAL_I2CEx_ConfigDigitalFilter
 *fill*         0x080016a2        0x2 
 .text.HAL_PWREx_ConfigSupply
                0x080016a4       0xb4 ./Drivers/STM32H7xx_HAL_Driver/stm32h7xx_hal_pwr_ex.o
                0x080016a4                HAL_PWREx_ConfigSupply
 .text.HAL_RCC_OscConfig
                0x08001758      0x8b4 ./Drivers/STM32H7xx_HAL_Driver/stm32h7xx_hal_rcc.o
                0x08001758                HAL_RCC_OscConfig
 .text.HAL_RCC_ClockConfig
                0x0800200c      0x36c ./Drivers/STM32H7xx_HAL_Driver/stm32h7xx_hal_rcc.o
                0x0800200c                HAL_RCC_ClockConfig
 .text.HAL_RCC_GetSysClockFreq
                0x08002378      0x2f4 ./Drivers/STM32H7xx_HAL_Driver/stm32h7xx_hal_rcc.o
                0x08002378                HAL_RCC_GetSysClockFreq
 .text.HAL_RCC_GetHCLKFreq
                0x0800266c       0x60 ./Drivers/STM32H7xx_HAL_Driver/stm32h7xx_hal_rcc.o
                0x0800266c                HAL_RCC_GetHCLKFreq
 .text.HAL_RCC_GetPCLK1Freq
                0x080026cc       0x2c ./Drivers/STM32H7xx_HAL_Driver/stm32h7xx_hal_rcc.o
                0x080026cc                HAL_RCC_GetPCLK1Freq
 .text.HAL_RCCEx_PeriphCLKConfig
                0x080026f8     0x1414 ./Drivers/STM32H7xx_HAL_Driver/stm32h7xx_hal_rcc_ex.o
                0x080026f8                HAL_RCCEx_PeriphCLKConfig
 .text.HAL_RCCEx_GetPeriphCLKFreq
                0x08003b0c      0xb00 ./Drivers/STM32H7xx_HAL_Driver/stm32h7xx_hal_rcc_ex.o
                0x08003b0c                HAL_RCCEx_GetPeriphCLKFreq
 .text.HAL_RCCEx_GetD3PCLK1Freq
                0x0800460c       0x2c ./Drivers/STM32H7xx_HAL_Driver/stm32h7xx_hal_rcc_ex.o
                0x0800460c                HAL_RCCEx_GetD3PCLK1Freq
 .text.HAL_RCCEx_GetPLL2ClockFreq
                0x08004638      0x2a8 ./Drivers/STM32H7xx_HAL_Driver/stm32h7xx_hal_rcc_ex.o
                0x08004638                HAL_RCCEx_GetPLL2ClockFreq
 .text.HAL_RCCEx_GetPLL3ClockFreq
                0x080048e0      0x2a8 ./Drivers/STM32H7xx_HAL_Driver/stm32h7xx_hal_rcc_ex.o
                0x080048e0                HAL_RCCEx_GetPLL3ClockFreq
 .text.HAL_RCCEx_GetPLL1ClockFreq
                0x08004b88      0x2a4 ./Drivers/STM32H7xx_HAL_Driver/stm32h7xx_hal_rcc_ex.o
                0x08004b88                HAL_RCCEx_GetPLL1ClockFreq
 .text.RCCEx_PLL2_Config
                0x08004e2c      0x164 ./Drivers/STM32H7xx_HAL_Driver/stm32h7xx_hal_rcc_ex.o
 .text.RCCEx_PLL3_Config
                0x08004f90      0x164 ./Drivers/STM32H7xx_HAL_Driver/stm32h7xx_hal_rcc_ex.o
 .text.HAL_SD_Init
                0x080050f4      0x106 ./Drivers/STM32H7xx_HAL_Driver/stm32h7xx_hal_sd.o
                0x080050f4                HAL_SD_Init
 *fill*         0x080051fa        0x2 
 .text.HAL_SD_InitCard
                0x080051fc      0x15c ./Drivers/STM32H7xx_HAL_Driver/stm32h7xx_hal_sd.o
                0x080051fc                HAL_SD_InitCard
 .text.HAL_SD_ReadBlocks_DMA
                0x08005358      0x150 ./Drivers/STM32H7xx_HAL_Driver/stm32h7xx_hal_sd.o
                0x08005358                HAL_SD_ReadBlocks_DMA
 .text.HAL_SD_WriteBlocks_DMA
                0x080054a8      0x150 ./Drivers/STM32H7xx_HAL_Driver/stm32h7xx_hal_sd.o
                0x080054a8                HAL_SD_WriteBlocks_DMA
 .text.HAL_SD_IRQHandler
                0x080055f8      0x370 ./Drivers/STM32H7xx_HAL_Driver/stm32h7xx_hal_sd.o
                0x080055f8                HAL_SD_IRQHandler
 .text.HAL_SD_ErrorCallback
                0x08005968       0x14 ./Drivers/STM32H7xx_HAL_Driver/stm32h7xx_hal_sd.o
                0x08005968                HAL_SD_ErrorCallback
 .text.HAL_SD_GetCardCSD
                0x0800597c      0x348 ./Drivers/STM32H7xx_HAL_Driver/stm32h7xx_hal_sd.o
                0x0800597c                HAL_SD_GetCardCSD
 .text.HAL_SD_GetCardStatus
                0x08005cc4      0x17c ./Drivers/STM32H7xx_HAL_Driver/stm32h7xx_hal_sd.o
                0x08005cc4                HAL_SD_GetCardStatus
 .text.HAL_SD_GetCardInfo
                0x08005e40       0x58 ./Drivers/STM32H7xx_HAL_Driver/stm32h7xx_hal_sd.o
                0x08005e40                HAL_SD_GetCardInfo
 .text.HAL_SD_ConfigWideBusOperation
                0x08005e98      0x224 ./Drivers/STM32H7xx_HAL_Driver/stm32h7xx_hal_sd.o
                0x08005e98                HAL_SD_ConfigWideBusOperation
 .text.HAL_SD_GetCardState
                0x080060bc       0x40 ./Drivers/STM32H7xx_HAL_Driver/stm32h7xx_hal_sd.o
                0x080060bc                HAL_SD_GetCardState
 .text.SD_InitCard
                0x080060fc      0x19c ./Drivers/STM32H7xx_HAL_Driver/stm32h7xx_hal_sd.o
 .text.SD_PowerON
                0x08006298      0x11c ./Drivers/STM32H7xx_HAL_Driver/stm32h7xx_hal_sd.o
 .text.SD_SendSDStatus
                0x080063b4      0x1a0 ./Drivers/STM32H7xx_HAL_Driver/stm32h7xx_hal_sd.o
 .text.SD_SendStatus
                0x08006554       0x50 ./Drivers/STM32H7xx_HAL_Driver/stm32h7xx_hal_sd.o
 .text.SD_WideBus_Enable
                0x080065a4       0x96 ./Drivers/STM32H7xx_HAL_Driver/stm32h7xx_hal_sd.o
 .text.SD_WideBus_Disable
                0x0800663a       0x96 ./Drivers/STM32H7xx_HAL_Driver/stm32h7xx_hal_sd.o
 .text.SD_FindSCR
                0x080066d0      0x1a0 ./Drivers/STM32H7xx_HAL_Driver/stm32h7xx_hal_sd.o
 .text.SD_Read_IT
                0x08006870       0x8c ./Drivers/STM32H7xx_HAL_Driver/stm32h7xx_hal_sd.o
 .text.SD_Write_IT
                0x080068fc       0x94 ./Drivers/STM32H7xx_HAL_Driver/stm32h7xx_hal_sd.o
 .text.HAL_SDEx_Read_DMADoubleBuf0CpltCallback
                0x08006990       0x14 ./Drivers/STM32H7xx_HAL_Driver/stm32h7xx_hal_sd.o
                0x08006990                HAL_SDEx_Read_DMADoubleBuf0CpltCallback
 .text.HAL_SDEx_Read_DMADoubleBuf1CpltCallback
                0x080069a4       0x14 ./Drivers/STM32H7xx_HAL_Driver/stm32h7xx_hal_sd.o
                0x080069a4                HAL_SDEx_Read_DMADoubleBuf1CpltCallback
 .text.HAL_SDEx_Write_DMADoubleBuf0CpltCallback
                0x080069b8       0x14 ./Drivers/STM32H7xx_HAL_Driver/stm32h7xx_hal_sd.o
                0x080069b8                HAL_SDEx_Write_DMADoubleBuf0CpltCallback
 .text.HAL_SDEx_Write_DMADoubleBuf1CpltCallback
                0x080069cc       0x14 ./Drivers/STM32H7xx_HAL_Driver/stm32h7xx_hal_sd.o
                0x080069cc                HAL_SDEx_Write_DMADoubleBuf1CpltCallback
 .text.SDMMC_Init
                0x080069e0       0x54 ./Drivers/STM32H7xx_HAL_Driver/stm32h7xx_ll_sdmmc.o
                0x080069e0                SDMMC_Init
 .text.SDMMC_ReadFIFO
                0x08006a34       0x1a ./Drivers/STM32H7xx_HAL_Driver/stm32h7xx_ll_sdmmc.o
                0x08006a34                SDMMC_ReadFIFO
 .text.SDMMC_WriteFIFO
                0x08006a4e       0x22 ./Drivers/STM32H7xx_HAL_Driver/stm32h7xx_ll_sdmmc.o
                0x08006a4e                SDMMC_WriteFIFO
 .text.SDMMC_PowerState_ON
                0x08006a70       0x22 ./Drivers/STM32H7xx_HAL_Driver/stm32h7xx_ll_sdmmc.o
                0x08006a70                SDMMC_PowerState_ON
 .text.SDMMC_GetPowerState
                0x08006a92       0x1c ./Drivers/STM32H7xx_HAL_Driver/stm32h7xx_ll_sdmmc.o
                0x08006a92                SDMMC_GetPowerState
 *fill*         0x08006aae        0x2 
 .text.SDMMC_SendCommand
                0x08006ab0       0x54 ./Drivers/STM32H7xx_HAL_Driver/stm32h7xx_ll_sdmmc.o
                0x08006ab0                SDMMC_SendCommand
 .text.SDMMC_GetCommandResponse
                0x08006b04       0x1a ./Drivers/STM32H7xx_HAL_Driver/stm32h7xx_ll_sdmmc.o
                0x08006b04                SDMMC_GetCommandResponse
 .text.SDMMC_GetResponse
                0x08006b1e       0x26 ./Drivers/STM32H7xx_HAL_Driver/stm32h7xx_ll_sdmmc.o
                0x08006b1e                SDMMC_GetResponse
 .text.SDMMC_ConfigData
                0x08006b44       0x58 ./Drivers/STM32H7xx_HAL_Driver/stm32h7xx_ll_sdmmc.o
                0x08006b44                SDMMC_ConfigData
 .text.SDMMC_CmdBlockLength
                0x08006b9c       0x46 ./Drivers/STM32H7xx_HAL_Driver/stm32h7xx_ll_sdmmc.o
                0x08006b9c                SDMMC_CmdBlockLength
 .text.SDMMC_CmdReadSingleBlock
                0x08006be2       0x46 ./Drivers/STM32H7xx_HAL_Driver/stm32h7xx_ll_sdmmc.o
                0x08006be2                SDMMC_CmdReadSingleBlock
 .text.SDMMC_CmdReadMultiBlock
                0x08006c28       0x46 ./Drivers/STM32H7xx_HAL_Driver/stm32h7xx_ll_sdmmc.o
                0x08006c28                SDMMC_CmdReadMultiBlock
 .text.SDMMC_CmdWriteSingleBlock
                0x08006c6e       0x46 ./Drivers/STM32H7xx_HAL_Driver/stm32h7xx_ll_sdmmc.o
                0x08006c6e                SDMMC_CmdWriteSingleBlock
 .text.SDMMC_CmdWriteMultiBlock
                0x08006cb4       0x46 ./Drivers/STM32H7xx_HAL_Driver/stm32h7xx_ll_sdmmc.o
                0x08006cb4                SDMMC_CmdWriteMultiBlock
 *fill*         0x08006cfa        0x2 
 .text.SDMMC_CmdStopTransfer
                0x08006cfc       0x78 ./Drivers/STM32H7xx_HAL_Driver/stm32h7xx_ll_sdmmc.o
                0x08006cfc                SDMMC_CmdStopTransfer
 .text.SDMMC_CmdSelDesel
                0x08006d74       0x46 ./Drivers/STM32H7xx_HAL_Driver/stm32h7xx_ll_sdmmc.o
                0x08006d74                SDMMC_CmdSelDesel
 .text.SDMMC_CmdGoIdleState
                0x08006dba       0x3c ./Drivers/STM32H7xx_HAL_Driver/stm32h7xx_ll_sdmmc.o
                0x08006dba                SDMMC_CmdGoIdleState
 .text.SDMMC_CmdOperCond
                0x08006df6       0x40 ./Drivers/STM32H7xx_HAL_Driver/stm32h7xx_ll_sdmmc.o
                0x08006df6                SDMMC_CmdOperCond
 .text.SDMMC_CmdAppCommand
                0x08006e36       0x46 ./Drivers/STM32H7xx_HAL_Driver/stm32h7xx_ll_sdmmc.o
                0x08006e36                SDMMC_CmdAppCommand
 .text.SDMMC_CmdAppOperCommand
                0x08006e7c       0x40 ./Drivers/STM32H7xx_HAL_Driver/stm32h7xx_ll_sdmmc.o
                0x08006e7c                SDMMC_CmdAppOperCommand
 .text.SDMMC_CmdBusWidth
                0x08006ebc       0x46 ./Drivers/STM32H7xx_HAL_Driver/stm32h7xx_ll_sdmmc.o
                0x08006ebc                SDMMC_CmdBusWidth
 .text.SDMMC_CmdSendSCR
                0x08006f02       0x44 ./Drivers/STM32H7xx_HAL_Driver/stm32h7xx_ll_sdmmc.o
                0x08006f02                SDMMC_CmdSendSCR
 .text.SDMMC_CmdSendCID
                0x08006f46       0x3e ./Drivers/STM32H7xx_HAL_Driver/stm32h7xx_ll_sdmmc.o
                0x08006f46                SDMMC_CmdSendCID
 .text.SDMMC_CmdSendCSD
                0x08006f84       0x40 ./Drivers/STM32H7xx_HAL_Driver/stm32h7xx_ll_sdmmc.o
                0x08006f84                SDMMC_CmdSendCSD
 .text.SDMMC_CmdSetRelAdd
                0x08006fc4       0x44 ./Drivers/STM32H7xx_HAL_Driver/stm32h7xx_ll_sdmmc.o
                0x08006fc4                SDMMC_CmdSetRelAdd
 .text.SDMMC_CmdSendStatus
                0x08007008       0x46 ./Drivers/STM32H7xx_HAL_Driver/stm32h7xx_ll_sdmmc.o
                0x08007008                SDMMC_CmdSendStatus
 .text.SDMMC_CmdStatusRegister
                0x0800704e       0x44 ./Drivers/STM32H7xx_HAL_Driver/stm32h7xx_ll_sdmmc.o
                0x0800704e                SDMMC_CmdStatusRegister
 *fill*         0x08007092        0x2 
 .text.SDMMC_GetCmdResp1
                0x08007094      0x1e4 ./Drivers/STM32H7xx_HAL_Driver/stm32h7xx_ll_sdmmc.o
                0x08007094                SDMMC_GetCmdResp1
 .text.SDMMC_GetCmdResp2
                0x08007278       0x94 ./Drivers/STM32H7xx_HAL_Driver/stm32h7xx_ll_sdmmc.o
                0x08007278                SDMMC_GetCmdResp2
 .text.SDMMC_GetCmdResp3
                0x0800730c       0x80 ./Drivers/STM32H7xx_HAL_Driver/stm32h7xx_ll_sdmmc.o
                0x0800730c                SDMMC_GetCmdResp3
 .text.SDMMC_GetCmdResp6
                0x0800738c       0xf0 ./Drivers/STM32H7xx_HAL_Driver/stm32h7xx_ll_sdmmc.o
                0x0800738c                SDMMC_GetCmdResp6
 .text.SDMMC_GetCmdResp7
                0x0800747c       0x9c ./Drivers/STM32H7xx_HAL_Driver/stm32h7xx_ll_sdmmc.o
                0x0800747c                SDMMC_GetCmdResp7
 .text.SDMMC_GetCmdError
                0x08007518       0x5c ./Drivers/STM32H7xx_HAL_Driver/stm32h7xx_ll_sdmmc.o
 .text.MX_FATFS_Init
                0x08007574       0x24 ./FATFS/App/fatfs.o
                0x08007574                MX_FATFS_Init
 .text.get_fattime
                0x08007598       0x10 ./FATFS/App/fatfs.o
                0x08007598                get_fattime
 .text.BSP_SD_Init
                0x080075a8       0x4c ./FATFS/Target/bsp_driver_sd.o
                0x080075a8                BSP_SD_Init
 .text.BSP_SD_ReadBlocks_DMA
                0x080075f4       0x34 ./FATFS/Target/bsp_driver_sd.o
                0x080075f4                BSP_SD_ReadBlocks_DMA
 .text.BSP_SD_WriteBlocks_DMA
                0x08007628       0x34 ./FATFS/Target/bsp_driver_sd.o
                0x08007628                BSP_SD_WriteBlocks_DMA
 .text.BSP_SD_GetCardState
                0x0800765c       0x20 ./FATFS/Target/bsp_driver_sd.o
                0x0800765c                BSP_SD_GetCardState
 .text.BSP_SD_GetCardInfo
                0x0800767c       0x1c ./FATFS/Target/bsp_driver_sd.o
                0x0800767c                BSP_SD_GetCardInfo
 .text.HAL_SD_TxCpltCallback
                0x08007698       0x14 ./FATFS/Target/bsp_driver_sd.o
                0x08007698                HAL_SD_TxCpltCallback
 .text.HAL_SD_RxCpltCallback
                0x080076ac       0x14 ./FATFS/Target/bsp_driver_sd.o
                0x080076ac                HAL_SD_RxCpltCallback
 .text.BSP_SD_IsDetected
                0x080076c0       0x1a ./FATFS/Target/bsp_driver_sd.o
                0x080076c0                BSP_SD_IsDetected
 .text.SD_CheckStatusWithTimeout
                0x080076da       0x3a ./FATFS/Target/sd_diskio.o
 .text.SD_CheckStatus
                0x08007714       0x3c ./FATFS/Target/sd_diskio.o
 .text.SD_initialize
                0x08007750       0x38 ./FATFS/Target/sd_diskio.o
                0x08007750                SD_initialize
 .text.SD_status
                0x08007788       0x1c ./FATFS/Target/sd_diskio.o
                0x08007788                SD_status
 .text.SD_read  0x080077a4       0xac ./FATFS/Target/sd_diskio.o
                0x080077a4                SD_read
 .text.SD_write
                0x08007850       0xac ./FATFS/Target/sd_diskio.o
                0x08007850                SD_write
 .text.SD_ioctl
                0x080078fc       0xb0 ./FATFS/Target/sd_diskio.o
                0x080078fc                SD_ioctl
 .text.BSP_SD_WriteCpltCallback
                0x080079ac       0x18 ./FATFS/Target/sd_diskio.o
                0x080079ac                BSP_SD_WriteCpltCallback
 .text.BSP_SD_ReadCpltCallback
                0x080079c4       0x18 ./FATFS/Target/sd_diskio.o
                0x080079c4                BSP_SD_ReadCpltCallback
 .text.disk_status
                0x080079dc       0x34 ./Middlewares/Third_Party/FatFs/diskio.o
                0x080079dc                disk_status
 .text.disk_initialize
                0x08007a10       0x50 ./Middlewares/Third_Party/FatFs/diskio.o
                0x08007a10                disk_initialize
 .text.disk_read
                0x08007a60       0x40 ./Middlewares/Third_Party/FatFs/diskio.o
                0x08007a60                disk_read
 .text.disk_write
                0x08007aa0       0x40 ./Middlewares/Third_Party/FatFs/diskio.o
                0x08007aa0                disk_write
 .text.disk_ioctl
                0x08007ae0       0x3c ./Middlewares/Third_Party/FatFs/diskio.o
                0x08007ae0                disk_ioctl
 .text.ld_word  0x08007b1c       0x32 ./Middlewares/Third_Party/FatFs/ff.o
 .text.ld_dword
                0x08007b4e       0x46 ./Middlewares/Third_Party/FatFs/ff.o
 .text.st_word  0x08007b94       0x36 ./Middlewares/Third_Party/FatFs/ff.o
 .text.st_dword
                0x08007bca       0x58 ./Middlewares/Third_Party/FatFs/ff.o
 .text.mem_cpy  0x08007c22       0x42 ./Middlewares/Third_Party/FatFs/ff.o
 .text.mem_set  0x08007c64       0x36 ./Middlewares/Third_Party/FatFs/ff.o
 .text.mem_cmp  0x08007c9a       0x4e ./Middlewares/Third_Party/FatFs/ff.o
 .text.chk_chr  0x08007ce8       0x36 ./Middlewares/Third_Party/FatFs/ff.o
 *fill*         0x08007d1e        0x2 
 .text.chk_lock
                0x08007d20       0xb8 ./Middlewares/Third_Party/FatFs/ff.o
 .text.enq_lock
                0x08007dd8       0x44 ./Middlewares/Third_Party/FatFs/ff.o
 .text.inc_lock
                0x08007e1c      0x11c ./Middlewares/Third_Party/FatFs/ff.o
 .text.clear_lock
                0x08007f38       0x48 ./Middlewares/Third_Party/FatFs/ff.o
 .text.sync_window
                0x08007f80       0x88 ./Middlewares/Third_Party/FatFs/ff.o
 .text.move_window
                0x08008008       0x5a ./Middlewares/Third_Party/FatFs/ff.o
 .text.clust2sect
                0x08008062       0x3e ./Middlewares/Third_Party/FatFs/ff.o
 .text.get_fat  0x080080a0      0x14e ./Middlewares/Third_Party/FatFs/ff.o
 .text.put_fat  0x080081ee      0x1d4 ./Middlewares/Third_Party/FatFs/ff.o
 .text.remove_chain
                0x080083c2       0xca ./Middlewares/Third_Party/FatFs/ff.o
 .text.create_chain
                0x0800848c      0x130 ./Middlewares/Third_Party/FatFs/ff.o
 .text.dir_sdi  0x080085bc       0xf6 ./Middlewares/Third_Party/FatFs/ff.o
 .text.dir_next
                0x080086b2      0x18a ./Middlewares/Third_Party/FatFs/ff.o
 .text.dir_alloc
                0x0800883c       0x8e ./Middlewares/Third_Party/FatFs/ff.o
 .text.ld_clust
                0x080088ca       0x3e ./Middlewares/Third_Party/FatFs/ff.o
 .text.st_clust
                0x08008908       0x40 ./Middlewares/Third_Party/FatFs/ff.o
 .text.dir_find
                0x08008948       0xaa ./Middlewares/Third_Party/FatFs/ff.o
 .text.dir_register
                0x080089f2       0x64 ./Middlewares/Third_Party/FatFs/ff.o
 *fill*         0x08008a56        0x2 
 .text.create_name
                0x08008a58      0x128 ./Middlewares/Third_Party/FatFs/ff.o
 .text.follow_path
                0x08008b80       0xe2 ./Middlewares/Third_Party/FatFs/ff.o
 .text.get_ldnumber
                0x08008c62       0x88 ./Middlewares/Third_Party/FatFs/ff.o
 *fill*         0x08008cea        0x2 
 .text.check_fs
                0x08008cec       0xac ./Middlewares/Third_Party/FatFs/ff.o
 .text.find_volume
                0x08008d98      0x498 ./Middlewares/Third_Party/FatFs/ff.o
 .text.f_mount  0x08009230       0x8c ./Middlewares/Third_Party/FatFs/ff.o
                0x08009230                f_mount
 .text.f_open   0x080092bc      0x374 ./Middlewares/Third_Party/FatFs/ff.o
                0x080092bc                f_open
 .text.f_mkfs   0x08009630      0x858 ./Middlewares/Third_Party/FatFs/ff.o
                0x08009630                f_mkfs
 .text.FATFS_LinkDriverEx
                0x08009e88       0x98 ./Middlewares/Third_Party/FatFs/ff_gen_drv.o
                0x08009e88                FATFS_LinkDriverEx
 .text.FATFS_LinkDriver
                0x08009f20       0x1e ./Middlewares/Third_Party/FatFs/ff_gen_drv.o
                0x08009f20                FATFS_LinkDriver
 .text.memset   0x08009f3e       0x10 C:/ST/STM32CubeIDE_2.1.1/STM32CubeIDE/plugins/com.st.stm32cube.ide.mcu.externaltools.gnu-tools-for-stm32.14.3.rel1.win32_1.0.100.202602081740/tools/bin/../lib/gcc/arm-none-eabi/14.3.1/../../../../arm-none-eabi/lib/thumb/v7e-m+dp/hard\libc_nano.a(libc_a-memset.o)
                0x08009f3e                memset
 *fill*         0x08009f4e        0x2 
 .text.__libc_init_array
                0x08009f50       0x48 C:/ST/STM32CubeIDE_2.1.1/STM32CubeIDE/plugins/com.st.stm32cube.ide.mcu.externaltools.gnu-tools-for-stm32.14.3.rel1.win32_1.0.100.202602081740/tools/bin/../lib/gcc/arm-none-eabi/14.3.1/../../../../arm-none-eabi/lib/thumb/v7e-m+dp/hard\libc_nano.a(libc_a-init.o)
                0x08009f50                __libc_init_array
 *(.glue_7)
 .glue_7        0x08009f98        0x0 linker stubs
 *(.glue_7t)
 .glue_7t       0x08009f98        0x0 linker stubs
 *(.eh_frame)
 .eh_frame      0x08009f98        0x0 C:/ST/STM32CubeIDE_2.1.1/STM32CubeIDE/plugins/com.st.stm32cube.ide.mcu.externaltools.gnu-tools-for-stm32.14.3.rel1.win32_1.0.100.202602081740/tools/bin/../lib/gcc/arm-none-eabi/14.3.1/thumb/v7e-m+dp/hard/crtbegin.o
 *(.init)
 .init          0x08009f98        0x4 C:/ST/STM32CubeIDE_2.1.1/STM32CubeIDE/plugins/com.st.stm32cube.ide.mcu.externaltools.gnu-tools-for-stm32.14.3.rel1.win32_1.0.100.202602081740/tools/bin/../lib/gcc/arm-none-eabi/14.3.1/thumb/v7e-m+dp/hard/crti.o
                0x08009f98                _init
 .init          0x08009f9c        0x8 C:/ST/STM32CubeIDE_2.1.1/STM32CubeIDE/plugins/com.st.stm32cube.ide.mcu.externaltools.gnu-tools-for-stm32.14.3.rel1.win32_1.0.100.202602081740/tools/bin/../lib/gcc/arm-none-eabi/14.3.1/thumb/v7e-m+dp/hard/crtn.o
 *(.fini)
 .fini          0x08009fa4        0x4 C:/ST/STM32CubeIDE_2.1.1/STM32CubeIDE/plugins/com.st.stm32cube.ide.mcu.externaltools.gnu-tools-for-stm32.14.3.rel1.win32_1.0.100.202602081740/tools/bin/../lib/gcc/arm-none-eabi/14.3.1/thumb/v7e-m+dp/hard/crti.o
                0x08009fa4                _fini
 .fini          0x08009fa8        0x8 C:/ST/STM32CubeIDE_2.1.1/STM32CubeIDE/plugins/com.st.stm32cube.ide.mcu.externaltools.gnu-tools-for-stm32.14.3.rel1.win32_1.0.100.202602081740/tools/bin/../lib/gcc/arm-none-eabi/14.3.1/thumb/v7e-m+dp/hard/crtn.o
                0x08009fb0                        . = ALIGN (0x4)
                0x08009fb0                        _etext = .

.vfp11_veneer   0x08009fb0        0x0
 .vfp11_veneer  0x08009fb0        0x0 linker stubs

.v4_bx          0x08009fb0        0x0
 .v4_bx         0x08009fb0        0x0 linker stubs

.iplt           0x08009fb0        0x0
 .iplt          0x08009fb0        0x0 C:/ST/STM32CubeIDE_2.1.1/STM32CubeIDE/plugins/com.st.stm32cube.ide.mcu.externaltools.gnu-tools-for-stm32.14.3.rel1.win32_1.0.100.202602081740/tools/bin/../lib/gcc/arm-none-eabi/14.3.1/thumb/v7e-m+dp/hard/crtbegin.o

.rodata         0x08009fb0      0x130
                0x08009fb0                        . = ALIGN (0x4)
 *(.rodata)
 *(.rodata*)
 .rodata.D1CorePrescTable
                0x08009fb0       0x10 ./Common/Src/system_stm32h7xx_dualcore_boot_cm4_cm7.o
                0x08009fb0                D1CorePrescTable
 .rodata.main.str1.4
                0x08009fc0       0x6c ./Core/Src/main.o
                                 0x25 (size before relaxing)
 .rodata.SD_Driver
                0x0800a02c       0x14 ./FATFS/Target/sd_diskio.o
                0x0800a02c                SD_Driver
 .rodata.ExCvt  0x0800a040       0x80 ./Middlewares/Third_Party/FatFs/ff.o
 .rodata.create_name.str1.4
                0x0800a0c0        0xf ./Middlewares/Third_Party/FatFs/ff.o
 .rodata.f_mkfs.str1.4
                0x0800a0c0       0x34 ./Middlewares/Third_Party/FatFs/ff.o
 .rodata.cst32.1
                0x0800a0c0        0xe ./Middlewares/Third_Party/FatFs/ff.o
 *fill*         0x0800a0ce        0x2 
 .rodata.cst.0  0x0800a0d0        0xe ./Middlewares/Third_Party/FatFs/ff.o
                0x0800a0e0                        . = ALIGN (0x4)
 *fill*         0x0800a0de        0x2 

.ARM.extab      0x0800a0e0        0x0
                0x0800a0e0                        . = ALIGN (0x4)
 *(.ARM.extab* .gnu.linkonce.armextab.*)
                0x0800a0e0                        . = ALIGN (0x4)

.ARM            0x0800a0e0        0x0
                0x0800a0e0                        . = ALIGN (0x4)
                0x0800a0e0                        __exidx_start = .
 *(.ARM.exidx*)
                0x0800a0e0                        __exidx_end = .
                0x0800a0e0                        . = ALIGN (0x4)

.preinit_array  0x0800a0e0        0x0
                0x0800a0e0                        . = ALIGN (0x4)
                0x0800a0e0                        PROVIDE (__preinit_array_start = .)
 *(.preinit_array*)
                0x0800a0e0                        PROVIDE (__preinit_array_end = .)
                0x0800a0e0                        . = ALIGN (0x4)

.init_array     0x0800a0e0        0x4
                0x0800a0e0                        . = ALIGN (0x4)
                0x0800a0e0                        PROVIDE (__init_array_start = .)
 *(SORT_BY_NAME(.init_array.*))
 *(.init_array*)
 .init_array    0x0800a0e0        0x4 C:/ST/STM32CubeIDE_2.1.1/STM32CubeIDE/plugins/com.st.stm32cube.ide.mcu.externaltools.gnu-tools-for-stm32.14.3.rel1.win32_1.0.100.202602081740/tools/bin/../lib/gcc/arm-none-eabi/14.3.1/thumb/v7e-m+dp/hard/crtbegin.o
                0x0800a0e4                        PROVIDE (__init_array_end = .)
                0x0800a0e4                        . = ALIGN (0x4)

.fini_array     0x0800a0e4        0x4
                0x0800a0e4                        . = ALIGN (0x4)
                [!provide]                        PROVIDE (__fini_array_start = .)
 *(SORT_BY_NAME(.fini_array.*))
 *(.fini_array*)
 .fini_array    0x0800a0e4        0x4 C:/ST/STM32CubeIDE_2.1.1/STM32CubeIDE/plugins/com.st.stm32cube.ide.mcu.externaltools.gnu-tools-for-stm32.14.3.rel1.win32_1.0.100.202602081740/tools/bin/../lib/gcc/arm-none-eabi/14.3.1/thumb/v7e-m+dp/hard/crtbegin.o
                [!provide]                        PROVIDE (__fini_array_end = .)
                0x0800a0e8                        . = ALIGN (0x4)
                0x0800a0e8                        _sidata = LOADADDR (.data)

.rel.dyn        0x0800a0e8        0x0
 .rel.iplt      0x0800a0e8        0x0 C:/ST/STM32CubeIDE_2.1.1/STM32CubeIDE/plugins/com.st.stm32cube.ide.mcu.externaltools.gnu-tools-for-stm32.14.3.rel1.win32_1.0.100.202602081740/tools/bin/../lib/gcc/arm-none-eabi/14.3.1/thumb/v7e-m+dp/hard/crtbegin.o

.data           0x24000000       0x10 load address 0x0800a0e8
                0x24000000                        . = ALIGN (0x4)
                0x24000000                        _sdata = .
 *(.data)
 *(.data*)
 .data.SystemCoreClock
                0x24000000        0x4 ./Common/Src/system_stm32h7xx_dualcore_boot_cm4_cm7.o
                0x24000000                SystemCoreClock
 .data.SystemD2Clock
                0x24000004        0x4 ./Common/Src/system_stm32h7xx_dualcore_boot_cm4_cm7.o
                0x24000004                SystemD2Clock
 .data.uwTickPrio
                0x24000008        0x4 ./Drivers/STM32H7xx_HAL_Driver/stm32h7xx_hal.o
                0x24000008                uwTickPrio
 .data.uwTickFreq
                0x2400000c        0x1 ./Drivers/STM32H7xx_HAL_Driver/stm32h7xx_hal.o
                0x2400000c                uwTickFreq
 .data.Stat     0x2400000d        0x1 ./FATFS/Target/sd_diskio.o
 *(.RamFunc)
 *(.RamFunc*)
                0x24000010                        . = ALIGN (0x4)
 *fill*         0x2400000e        0x2 
                0x24000010                        _edata = .

.igot.plt       0x24000010        0x0 load address 0x0800a0f8
 .igot.plt      0x24000010        0x0 C:/ST/STM32CubeIDE_2.1.1/STM32CubeIDE/plugins/com.st.stm32cube.ide.mcu.externaltools.gnu-tools-for-stm32.14.3.rel1.win32_1.0.100.202602081740/tools/bin/../lib/gcc/arm-none-eabi/14.3.1/thumb/v7e-m+dp/hard/crtbegin.o
                0x24000010                        . = ALIGN (0x4)

.bss            0x24000010      0x594 load address 0x0800a0f8
                0x24000010                        _sbss = .
                0x24000010                        __bss_start__ = _sbss
 *(.bss)
 .bss           0x24000010       0x1c C:/ST/STM32CubeIDE_2.1.1/STM32CubeIDE/plugins/com.st.stm32cube.ide.mcu.externaltools.gnu-tools-for-stm32.14.3.rel1.win32_1.0.100.202602081740/tools/bin/../lib/gcc/arm-none-eabi/14.3.1/thumb/v7e-m+dp/hard/crtbegin.o
 *(.bss*)
 .bss.hi2c1     0x2400002c       0x54 ./Core/Src/i2c.o
                0x2400002c                hi2c1
 .bss.hsd2      0x24000080       0x7c ./Core/Src/sdmmc.o
                0x24000080                hsd2
 .bss.uwTick    0x240000fc        0x4 ./Drivers/STM32H7xx_HAL_Driver/stm32h7xx_hal.o
                0x240000fc                uwTick
 .bss.retSD     0x24000100        0x1 ./FATFS/App/fatfs.o
                0x24000100                retSD
 *fill*         0x24000101        0x3 
 .bss.SDPath    0x24000104        0x4 ./FATFS/App/fatfs.o
                0x24000104                SDPath
 .bss.SDFatFS   0x24000108      0x230 ./FATFS/App/fatfs.o
                0x24000108                SDFatFS
 .bss.SDFile    0x24000338      0x230 ./FATFS/App/fatfs.o
                0x24000338                SDFile
 .bss.WriteStatus
                0x24000568        0x4 ./FATFS/Target/sd_diskio.o
 .bss.ReadStatus
                0x2400056c        0x4 ./FATFS/Target/sd_diskio.o
 .bss.FatFs     0x24000570        0x4 ./Middlewares/Third_Party/FatFs/ff.o
 .bss.Fsid      0x24000574        0x2 ./Middlewares/Third_Party/FatFs/ff.o
 *fill*         0x24000576        0x2 
 .bss.Files     0x24000578       0x20 ./Middlewares/Third_Party/FatFs/ff.o
 .bss.disk      0x24000598        0xc ./Middlewares/Third_Party/FatFs/ff_gen_drv.o
                0x24000598                disk
 *(COMMON)
                0x240005a4                        . = ALIGN (0x4)
                0x240005a4                        _ebss = .
                0x240005a4                        __bss_end__ = _ebss

._user_heap_stack
                0x240005a4      0xc04 load address 0x0800a0f8
                0x240005a8                        . = ALIGN (0x8)
 *fill*         0x240005a4        0x4 
                [!provide]                        PROVIDE (end = .)
                0x240005a8                        PROVIDE (_end = .)
                0x240009a8                        . = (. + _Min_Heap_Size)
 *fill*         0x240005a8      0x400 
                0x240011a8                        . = (. + _Min_Stack_Size)
 *fill*         0x240009a8      0x800 
                0x240011a8                        . = ALIGN (0x8)

/DISCARD/
 libc.a(*)
 libm.a(*)
 libgcc.a(*)

.ARM.attributes
                0x00000000       0x2e
 *(.ARM.attributes)
 .ARM.attributes
                0x00000000       0x20 C:/ST/STM32CubeIDE_2.1.1/STM32CubeIDE/plugins/com.st.stm32cube.ide.mcu.externaltools.gnu-tools-for-stm32.14.3.rel1.win32_1.0.100.202602081740/tools/bin/../lib/gcc/arm-none-eabi/14.3.1/thumb/v7e-m+dp/hard/crti.o
 .ARM.attributes
                0x00000020       0x32 C:/ST/STM32CubeIDE_2.1.1/STM32CubeIDE/plugins/com.st.stm32cube.ide.mcu.externaltools.gnu-tools-for-stm32.14.3.rel1.win32_1.0.100.202602081740/tools/bin/../lib/gcc/arm-none-eabi/14.3.1/thumb/v7e-m+dp/hard/crtbegin.o
 .ARM.attributes
                0x00000052       0x32 ./Common/Src/system_stm32h7xx_dualcore_boot_cm4_cm7.o
 .ARM.attributes
                0x00000084       0x32 ./Core/Src/gpio.o
 .ARM.attributes
                0x000000b6       0x32 ./Core/Src/i2c.o
 .ARM.attributes
                0x000000e8       0x32 ./Core/Src/main.o
 .ARM.attributes
                0x0000011a       0x32 ./Core/Src/sdmmc.o
 .ARM.attributes
                0x0000014c       0x32 ./Core/Src/stm32h7xx_hal_msp.o
 .ARM.attributes
                0x0000017e       0x32 ./Core/Src/stm32h7xx_it.o
 .ARM.attributes
                0x000001b0       0x21 ./Core/Startup/startup_stm32h755zitx.o
 .ARM.attributes
                0x000001d1       0x32 ./Drivers/STM32H7xx_HAL_Driver/stm32h7xx_hal.o
 .ARM.attributes
                0x00000203       0x32 ./Drivers/STM32H7xx_HAL_Driver/stm32h7xx_hal_cortex.o
 .ARM.attributes
                0x00000235       0x32 ./Drivers/STM32H7xx_HAL_Driver/stm32h7xx_hal_gpio.o
 .ARM.attributes
                0x00000267       0x32 ./Drivers/STM32H7xx_HAL_Driver/stm32h7xx_hal_hsem.o
 .ARM.attributes
                0x00000299       0x32 ./Drivers/STM32H7xx_HAL_Driver/stm32h7xx_hal_i2c.o
 .ARM.attributes
                0x000002cb       0x32 ./Drivers/STM32H7xx_HAL_Driver/stm32h7xx_hal_i2c_ex.o
 .ARM.attributes
                0x000002fd       0x32 ./Drivers/STM32H7xx_HAL_Driver/stm32h7xx_hal_pwr_ex.o
 .ARM.attributes
                0x0000032f       0x32 ./Drivers/STM32H7xx_HAL_Driver/stm32h7xx_hal_rcc.o
 .ARM.attributes
                0x00000361       0x32 ./Drivers/STM32H7xx_HAL_Driver/stm32h7xx_hal_rcc_ex.o
 .ARM.attributes
                0x00000393       0x32 ./Drivers/STM32H7xx_HAL_Driver/stm32h7xx_hal_sd.o
 .ARM.attributes
                0x000003c5       0x32 ./Drivers/STM32H7xx_HAL_Driver/stm32h7xx_ll_sdmmc.o
 .ARM.attributes
                0x000003f7       0x32 ./FATFS/App/fatfs.o
 .ARM.attributes
                0x00000429       0x32 ./FATFS/Target/bsp_driver_sd.o
 .ARM.attributes
                0x0000045b       0x32 ./FATFS/Target/sd_diskio.o
 .ARM.attributes
                0x0000048d       0x32 ./Middlewares/Third_Party/FatFs/diskio.o
 .ARM.attributes
                0x000004bf       0x32 ./Middlewares/Third_Party/FatFs/ff.o
 .ARM.attributes
                0x000004f1       0x32 ./Middlewares/Third_Party/FatFs/ff_gen_drv.o
 .ARM.attributes
                0x00000523       0x32 C:/ST/STM32CubeIDE_2.1.1/STM32CubeIDE/plugins/com.st.stm32cube.ide.mcu.externaltools.gnu-tools-for-stm32.14.3.rel1.win32_1.0.100.202602081740/tools/bin/../lib/gcc/arm-none-eabi/14.3.1/../../../../arm-none-eabi/lib/thumb/v7e-m+dp/hard\libc_nano.a(libc_a-memset.o)
 .ARM.attributes
                0x00000555       0x32 C:/ST/STM32CubeIDE_2.1.1/STM32CubeIDE/plugins/com.st.stm32cube.ide.mcu.externaltools.gnu-tools-for-stm32.14.3.rel1.win32_1.0.100.202602081740/tools/bin/../lib/gcc/arm-none-eabi/14.3.1/../../../../arm-none-eabi/lib/thumb/v7e-m+dp/hard\libc_nano.a(libc_a-init.o)
 .ARM.attributes
                0x00000587       0x20 C:/ST/STM32CubeIDE_2.1.1/STM32CubeIDE/plugins/com.st.stm32cube.ide.mcu.externaltools.gnu-tools-for-stm32.14.3.rel1.win32_1.0.100.202602081740/tools/bin/../lib/gcc/arm-none-eabi/14.3.1/thumb/v7e-m+dp/hard/crtn.o
OUTPUT(SD_FS_SDDMC-Test_CM7.elf elf32-littlearm)
LOAD linker stubs
LOAD C:/ST/STM32CubeIDE_2.1.1/STM32CubeIDE/plugins/com.st.stm32cube.ide.mcu.externaltools.gnu-tools-for-stm32.14.3.rel1.win32_1.0.100.202602081740/tools/bin/../lib/gcc/arm-none-eabi/14.3.1/../../../../arm-none-eabi/lib/thumb/v7e-m+dp/hard\libc.a
LOAD C:/ST/STM32CubeIDE_2.1.1/STM32CubeIDE/plugins/com.st.stm32cube.ide.mcu.externaltools.gnu-tools-for-stm32.14.3.rel1.win32_1.0.100.202602081740/tools/bin/../lib/gcc/arm-none-eabi/14.3.1/../../../../arm-none-eabi/lib/thumb/v7e-m+dp/hard\libm.a
LOAD C:/ST/STM32CubeIDE_2.1.1/STM32CubeIDE/plugins/com.st.stm32cube.ide.mcu.externaltools.gnu-tools-for-stm32.14.3.rel1.win32_1.0.100.202602081740/tools/bin/../lib/gcc/arm-none-eabi/14.3.1/thumb/v7e-m+dp/hard\libgcc.a

.debug_info     0x00000000    0x15721
 .debug_info    0x00000000      0xe82 ./Common/Src/system_stm32h7xx_dualcore_boot_cm4_cm7.o
 .debug_info    0x00000e82      0x4b3 ./Core/Src/gpio.o
 .debug_info    0x00001335      0xff7 ./Core/Src/i2c.o
 .debug_info    0x0000232c      0xf4f ./Core/Src/main.o
 .debug_info    0x0000327b     0x120f ./Core/Src/sdmmc.o
 .debug_info    0x0000448a      0x464 ./Core/Src/stm32h7xx_hal_msp.o
 .debug_info    0x000048ee      0x547 ./Core/Src/stm32h7xx_it.o
 .debug_info    0x00004e35       0x30 ./Core/Startup/startup_stm32h755zitx.o
 .debug_info    0x00004e65     0x177a ./Drivers/STM32H7xx_HAL_Driver/stm32h7xx_hal.o
 .debug_info    0x000065df     0x10e2 ./Drivers/STM32H7xx_HAL_Driver/stm32h7xx_hal_cortex.o
 .debug_info    0x000076c1      0xd06 ./Drivers/STM32H7xx_HAL_Driver/stm32h7xx_hal_gpio.o
 .debug_info    0x000083c7      0x3d3 ./Drivers/STM32H7xx_HAL_Driver/stm32h7xx_hal_hsem.o
 .debug_info    0x0000879a     0x22ba ./Drivers/STM32H7xx_HAL_Driver/stm32h7xx_hal_i2c.o
 .debug_info    0x0000aa54      0xd84 ./Drivers/STM32H7xx_HAL_Driver/stm32h7xx_hal_i2c_ex.o
 .debug_info    0x0000b7d8     0x1224 ./Drivers/STM32H7xx_HAL_Driver/stm32h7xx_hal_pwr_ex.o
 .debug_info    0x0000c9fc      0xe71 ./Drivers/STM32H7xx_HAL_Driver/stm32h7xx_hal_rcc.o
 .debug_info    0x0000d86d     0x1303 ./Drivers/STM32H7xx_HAL_Driver/stm32h7xx_hal_rcc_ex.o
 .debug_info    0x0000eb70     0x1a93 ./Drivers/STM32H7xx_HAL_Driver/stm32h7xx_hal_sd.o
 .debug_info    0x00010603     0x142c ./Drivers/STM32H7xx_HAL_Driver/stm32h7xx_ll_sdmmc.o
 .debug_info    0x00011a2f      0x4ff ./FATFS/App/fatfs.o
 .debug_info    0x00011f2e      0x8dd ./FATFS/Target/bsp_driver_sd.o
 .debug_info    0x0001280b      0x581 ./FATFS/Target/sd_diskio.o
 .debug_info    0x00012d8c      0x3ed ./Middlewares/Third_Party/FatFs/diskio.o
 .debug_info    0x00013179     0x2203 ./Middlewares/Third_Party/FatFs/ff.o
 .debug_info    0x0001537c      0x3a5 ./Middlewares/Third_Party/FatFs/ff_gen_drv.o

.debug_abbrev   0x00000000     0x3210
 .debug_abbrev  0x00000000      0x165 ./Common/Src/system_stm32h7xx_dualcore_boot_cm4_cm7.o
 .debug_abbrev  0x00000165       0xe8 ./Core/Src/gpio.o
 .debug_abbrev  0x0000024d      0x24c ./Core/Src/i2c.o
 .debug_abbrev  0x00000499      0x2e5 ./Core/Src/main.o
 .debug_abbrev  0x0000077e      0x20e ./Core/Src/sdmmc.o
 .debug_abbrev  0x0000098c       0xdb ./Core/Src/stm32h7xx_hal_msp.o
 .debug_abbrev  0x00000a67      0x185 ./Core/Src/stm32h7xx_it.o
 .debug_abbrev  0x00000bec       0x24 ./Core/Startup/startup_stm32h755zitx.o
 .debug_abbrev  0x00000c10      0x295 ./Drivers/STM32H7xx_HAL_Driver/stm32h7xx_hal.o
 .debug_abbrev  0x00000ea5      0x339 ./Drivers/STM32H7xx_HAL_Driver/stm32h7xx_hal_cortex.o
 .debug_abbrev  0x000011de      0x205 ./Drivers/STM32H7xx_HAL_Driver/stm32h7xx_hal_gpio.o
 .debug_abbrev  0x000013e3      0x1d3 ./Drivers/STM32H7xx_HAL_Driver/stm32h7xx_hal_hsem.o
 .debug_abbrev  0x000015b6      0x25d ./Drivers/STM32H7xx_HAL_Driver/stm32h7xx_hal_i2c.o
 .debug_abbrev  0x00001813      0x1f5 ./Drivers/STM32H7xx_HAL_Driver/stm32h7xx_hal_i2c_ex.o
 .debug_abbrev  0x00001a08      0x2d7 ./Drivers/STM32H7xx_HAL_Driver/stm32h7xx_hal_pwr_ex.o
 .debug_abbrev  0x00001cdf      0x2c8 ./Drivers/STM32H7xx_HAL_Driver/stm32h7xx_hal_rcc.o
 .debug_abbrev  0x00001fa7      0x269 ./Drivers/STM32H7xx_HAL_Driver/stm32h7xx_hal_rcc_ex.o
 .debug_abbrev  0x00002210      0x26b ./Drivers/STM32H7xx_HAL_Driver/stm32h7xx_hal_sd.o
 .debug_abbrev  0x0000247b      0x206 ./Drivers/STM32H7xx_HAL_Driver/stm32h7xx_ll_sdmmc.o
 .debug_abbrev  0x00002681      0x160 ./FATFS/App/fatfs.o
 .debug_abbrev  0x000027e1      0x24b ./FATFS/Target/bsp_driver_sd.o
 .debug_abbrev  0x00002a2c      0x242 ./FATFS/Target/sd_diskio.o
 .debug_abbrev  0x00002c6e      0x181 ./Middlewares/Third_Party/FatFs/diskio.o
 .debug_abbrev  0x00002def      0x282 ./Middlewares/Third_Party/FatFs/ff.o
 .debug_abbrev  0x00003071      0x19f ./Middlewares/Third_Party/FatFs/ff_gen_drv.o

.debug_aranges  0x00000000     0x1260
 .debug_aranges
                0x00000000       0x30 ./Common/Src/system_stm32h7xx_dualcore_boot_cm4_cm7.o
 .debug_aranges
                0x00000030       0x20 ./Core/Src/gpio.o
 .debug_aranges
                0x00000050       0x30 ./Core/Src/i2c.o
 .debug_aranges
                0x00000080       0x38 ./Core/Src/main.o
 .debug_aranges
                0x000000b8       0x30 ./Core/Src/sdmmc.o
 .debug_aranges
                0x000000e8       0x20 ./Core/Src/stm32h7xx_hal_msp.o
 .debug_aranges
                0x00000108       0x68 ./Core/Src/stm32h7xx_it.o
 .debug_aranges
                0x00000170       0x28 ./Core/Startup/startup_stm32h755zitx.o
 .debug_aranges
                0x00000198      0x200 ./Drivers/STM32H7xx_HAL_Driver/stm32h7xx_hal.o
 .debug_aranges
                0x00000398      0x130 ./Drivers/STM32H7xx_HAL_Driver/stm32h7xx_hal_cortex.o
 .debug_aranges
                0x000004c8       0x58 ./Drivers/STM32H7xx_HAL_Driver/stm32h7xx_hal_gpio.o
 .debug_aranges
                0x00000520       0x70 ./Drivers/STM32H7xx_HAL_Driver/stm32h7xx_hal_hsem.o
 .debug_aranges
                0x00000590      0x2a0 ./Drivers/STM32H7xx_HAL_Driver/stm32h7xx_hal_i2c.o
 .debug_aranges
                0x00000830       0x48 ./Drivers/STM32H7xx_HAL_Driver/stm32h7xx_hal_i2c_ex.o
 .debug_aranges
                0x00000878      0x170 ./Drivers/STM32H7xx_HAL_Driver/stm32h7xx_hal_pwr_ex.o
 .debug_aranges
                0x000009e8       0x88 ./Drivers/STM32H7xx_HAL_Driver/stm32h7xx_hal_rcc.o
 .debug_aranges
                0x00000a70      0x100 ./Drivers/STM32H7xx_HAL_Driver/stm32h7xx_hal_rcc_ex.o
 .debug_aranges
                0x00000b70      0x170 ./Drivers/STM32H7xx_HAL_Driver/stm32h7xx_hal_sd.o
 .debug_aranges
                0x00000ce0      0x1d0 ./Drivers/STM32H7xx_HAL_Driver/stm32h7xx_ll_sdmmc.o
 .debug_aranges
                0x00000eb0       0x28 ./FATFS/App/fatfs.o
 .debug_aranges
                0x00000ed8       0x98 ./FATFS/Target/bsp_driver_sd.o
 .debug_aranges
                0x00000f70       0x60 ./FATFS/Target/sd_diskio.o
 .debug_aranges
                0x00000fd0       0x48 ./Middlewares/Third_Party/FatFs/diskio.o
 .debug_aranges
                0x00001018      0x208 ./Middlewares/Third_Party/FatFs/ff.o
 .debug_aranges
                0x00001220       0x40 ./Middlewares/Third_Party/FatFs/ff_gen_drv.o

.debug_rnglists
                0x00000000      0xdf5
 .debug_rnglists
                0x00000000       0x21 ./Common/Src/system_stm32h7xx_dualcore_boot_cm4_cm7.o
 .debug_rnglists
                0x00000021       0x14 ./Core/Src/gpio.o
 .debug_rnglists
                0x00000035       0x21 ./Core/Src/i2c.o
 .debug_rnglists
                0x00000056       0x27 ./Core/Src/main.o
 .debug_rnglists
                0x0000007d       0x20 ./Core/Src/sdmmc.o
 .debug_rnglists
                0x0000009d       0x13 ./Core/Src/stm32h7xx_hal_msp.o
 .debug_rnglists
                0x000000b0       0x49 ./Core/Src/stm32h7xx_it.o
 .debug_rnglists
                0x000000f9       0x19 ./Core/Startup/startup_stm32h755zitx.o
 .debug_rnglists
                0x00000112      0x180 ./Drivers/STM32H7xx_HAL_Driver/stm32h7xx_hal.o
 .debug_rnglists
                0x00000292       0xe0 ./Drivers/STM32H7xx_HAL_Driver/stm32h7xx_hal_cortex.o
 .debug_rnglists
                0x00000372       0x3f ./Drivers/STM32H7xx_HAL_Driver/stm32h7xx_hal_gpio.o
 .debug_rnglists
                0x000003b1       0x4f ./Drivers/STM32H7xx_HAL_Driver/stm32h7xx_hal_hsem.o
 .debug_rnglists
                0x00000400      0x22a ./Drivers/STM32H7xx_HAL_Driver/stm32h7xx_hal_i2c.o
 .debug_rnglists
                0x0000062a       0x35 ./Drivers/STM32H7xx_HAL_Driver/stm32h7xx_hal_i2c_ex.o
 .debug_rnglists
                0x0000065f      0x117 ./Drivers/STM32H7xx_HAL_Driver/stm32h7xx_hal_pwr_ex.o
 .debug_rnglists
                0x00000776       0x68 ./Drivers/STM32H7xx_HAL_Driver/stm32h7xx_hal_rcc.o
 .debug_rnglists
                0x000007de       0xc6 ./Drivers/STM32H7xx_HAL_Driver/stm32h7xx_hal_rcc_ex.o
 .debug_rnglists
                0x000008a4      0x128 ./Drivers/STM32H7xx_HAL_Driver/stm32h7xx_hal_sd.o
 .debug_rnglists
                0x000009cc      0x15e ./Drivers/STM32H7xx_HAL_Driver/stm32h7xx_ll_sdmmc.o
 .debug_rnglists
                0x00000b2a       0x19 ./FATFS/App/fatfs.o
 .debug_rnglists
                0x00000b43       0x6d ./FATFS/Target/bsp_driver_sd.o
 .debug_rnglists
                0x00000bb0       0x46 ./FATFS/Target/sd_diskio.o
 .debug_rnglists
                0x00000bf6       0x31 ./Middlewares/Third_Party/FatFs/diskio.o
 .debug_rnglists
                0x00000c27      0x1a2 ./Middlewares/Third_Party/FatFs/ff.o
 .debug_rnglists
                0x00000dc9       0x2c ./Middlewares/Third_Party/FatFs/ff_gen_drv.o

.debug_macro    0x00000000    0x3c32f
 .debug_macro   0x00000000      0x2b9 ./Common/Src/system_stm32h7xx_dualcore_boot_cm4_cm7.o
 .debug_macro   0x000002b9      0xafc ./Common/Src/system_stm32h7xx_dualcore_boot_cm4_cm7.o
 .debug_macro   0x00000db5       0x2e ./Common/Src/system_stm32h7xx_dualcore_boot_cm4_cm7.o
 .debug_macro   0x00000de3       0x49 ./Common/Src/system_stm32h7xx_dualcore_boot_cm4_cm7.o
 .debug_macro   0x00000e2c       0x22 ./Common/Src/system_stm32h7xx_dualcore_boot_cm4_cm7.o
 .debug_macro   0x00000e4e       0x8e ./Common/Src/system_stm32h7xx_dualcore_boot_cm4_cm7.o
 .debug_macro   0x00000edc       0x51 ./Common/Src/system_stm32h7xx_dualcore_boot_cm4_cm7.o
 .debug_macro   0x00000f2d      0x103 ./Common/Src/system_stm32h7xx_dualcore_boot_cm4_cm7.o
 .debug_macro   0x00001030       0x6a ./Common/Src/system_stm32h7xx_dualcore_boot_cm4_cm7.o
 .debug_macro   0x0000109a      0x1df ./Common/Src/system_stm32h7xx_dualcore_boot_cm4_cm7.o
 .debug_macro   0x00001279       0x1c ./Common/Src/system_stm32h7xx_dualcore_boot_cm4_cm7.o
 .debug_macro   0x00001295       0x22 ./Common/Src/system_stm32h7xx_dualcore_boot_cm4_cm7.o
 .debug_macro   0x000012b7       0xfb ./Common/Src/system_stm32h7xx_dualcore_boot_cm4_cm7.o
 .debug_macro   0x000013b2     0x1313 ./Common/Src/system_stm32h7xx_dualcore_boot_cm4_cm7.o
 .debug_macro   0x000026c5      0x11f ./Common/Src/system_stm32h7xx_dualcore_boot_cm4_cm7.o
 .debug_macro   0x000027e4       0x22 ./Common/Src/system_stm32h7xx_dualcore_boot_cm4_cm7.o
 .debug_macro   0x00002806    0x276b6 ./Common/Src/system_stm32h7xx_dualcore_boot_cm4_cm7.o
 .debug_macro   0x00029ebc       0x6d ./Common/Src/system_stm32h7xx_dualcore_boot_cm4_cm7.o
 .debug_macro   0x00029f29      0x232 ./Common/Src/system_stm32h7xx_dualcore_boot_cm4_cm7.o
 .debug_macro   0x0002a15b     0x3d79 ./Common/Src/system_stm32h7xx_dualcore_boot_cm4_cm7.o
 .debug_macro   0x0002ded4      0x190 ./Common/Src/system_stm32h7xx_dualcore_boot_cm4_cm7.o
 .debug_macro   0x0002e064       0x61 ./Common/Src/system_stm32h7xx_dualcore_boot_cm4_cm7.o
 .debug_macro   0x0002e0c5       0x29 ./Common/Src/system_stm32h7xx_dualcore_boot_cm4_cm7.o
 .debug_macro   0x0002e0ee       0x43 ./Common/Src/system_stm32h7xx_dualcore_boot_cm4_cm7.o
 .debug_macro   0x0002e131       0x34 ./Common/Src/system_stm32h7xx_dualcore_boot_cm4_cm7.o
 .debug_macro   0x0002e165      0x364 ./Common/Src/system_stm32h7xx_dualcore_boot_cm4_cm7.o
 .debug_macro   0x0002e4c9       0x16 ./Common/Src/system_stm32h7xx_dualcore_boot_cm4_cm7.o
 .debug_macro   0x0002e4df       0x4a ./Common/Src/system_stm32h7xx_dualcore_boot_cm4_cm7.o
 .debug_macro   0x0002e529       0x34 ./Common/Src/system_stm32h7xx_dualcore_boot_cm4_cm7.o
 .debug_macro   0x0002e55d       0x10 ./Common/Src/system_stm32h7xx_dualcore_boot_cm4_cm7.o
 .debug_macro   0x0002e56d       0x58 ./Common/Src/system_stm32h7xx_dualcore_boot_cm4_cm7.o
 .debug_macro   0x0002e5c5       0x8e ./Common/Src/system_stm32h7xx_dualcore_boot_cm4_cm7.o
 .debug_macro   0x0002e653       0x1c ./Common/Src/system_stm32h7xx_dualcore_boot_cm4_cm7.o
 .debug_macro   0x0002e66f      0x17e ./Common/Src/system_stm32h7xx_dualcore_boot_cm4_cm7.o
 .debug_macro   0x0002e7ed      0x19b ./Common/Src/system_stm32h7xx_dualcore_boot_cm4_cm7.o
 .debug_macro   0x0002e988       0x5d ./Common/Src/system_stm32h7xx_dualcore_boot_cm4_cm7.o
 .debug_macro   0x0002e9e5     0x3b99 ./Common/Src/system_stm32h7xx_dualcore_boot_cm4_cm7.o
 .debug_macro   0x0003257e     0x1072 ./Common/Src/system_stm32h7xx_dualcore_boot_cm4_cm7.o
 .debug_macro   0x000335f0      0x154 ./Common/Src/system_stm32h7xx_dualcore_boot_cm4_cm7.o
 .debug_macro   0x00033744      0x130 ./Common/Src/system_stm32h7xx_dualcore_boot_cm4_cm7.o
 .debug_macro   0x00033874      0x3c2 ./Common/Src/system_stm32h7xx_dualcore_boot_cm4_cm7.o
 .debug_macro   0x00033c36       0xac ./Common/Src/system_stm32h7xx_dualcore_boot_cm4_cm7.o
 .debug_macro   0x00033ce2      0x72d ./Common/Src/system_stm32h7xx_dualcore_boot_cm4_cm7.o
 .debug_macro   0x0003440f      0x228 ./Common/Src/system_stm32h7xx_dualcore_boot_cm4_cm7.o
 .debug_macro   0x00034637       0x66 ./Common/Src/system_stm32h7xx_dualcore_boot_cm4_cm7.o
 .debug_macro   0x0003469d      0x3bb ./Common/Src/system_stm32h7xx_dualcore_boot_cm4_cm7.o
 .debug_macro   0x00034a58      0x407 ./Common/Src/system_stm32h7xx_dualcore_boot_cm4_cm7.o
 .debug_macro   0x00034e5f      0x27c ./Common/Src/system_stm32h7xx_dualcore_boot_cm4_cm7.o
 .debug_macro   0x000350db      0x3ca ./Common/Src/system_stm32h7xx_dualcore_boot_cm4_cm7.o
 .debug_macro   0x000354a5      0x4a2 ./Common/Src/system_stm32h7xx_dualcore_boot_cm4_cm7.o
 .debug_macro   0x00035947       0x51 ./Common/Src/system_stm32h7xx_dualcore_boot_cm4_cm7.o
 .debug_macro   0x00035998       0x4a ./Common/Src/system_stm32h7xx_dualcore_boot_cm4_cm7.o
 .debug_macro   0x000359e2      0x22c ./Common/Src/system_stm32h7xx_dualcore_boot_cm4_cm7.o
 .debug_macro   0x00035c0e       0x67 ./Common/Src/system_stm32h7xx_dualcore_boot_cm4_cm7.o
 .debug_macro   0x00035c75       0xa5 ./Common/Src/system_stm32h7xx_dualcore_boot_cm4_cm7.o
 .debug_macro   0x00035d1a      0x218 ./Common/Src/system_stm32h7xx_dualcore_boot_cm4_cm7.o
 .debug_macro   0x00035f32      0x2ea ./Common/Src/system_stm32h7xx_dualcore_boot_cm4_cm7.o
 .debug_macro   0x0003621c       0x35 ./Common/Src/system_stm32h7xx_dualcore_boot_cm4_cm7.o
 .debug_macro   0x00036251      0xa0c ./Common/Src/system_stm32h7xx_dualcore_boot_cm4_cm7.o
 .debug_macro   0x00036c5d       0x16 ./Common/Src/system_stm32h7xx_dualcore_boot_cm4_cm7.o
 .debug_macro   0x00036c73      0x1ce ./Common/Src/system_stm32h7xx_dualcore_boot_cm4_cm7.o
 .debug_macro   0x00036e41      0x7a4 ./Common/Src/system_stm32h7xx_dualcore_boot_cm4_cm7.o
 .debug_macro   0x000375e5      0x2cd ./Core/Src/gpio.o
 .debug_macro   0x000378b2      0x2cd ./Core/Src/i2c.o
 .debug_macro   0x00037b7f      0x387 ./Core/Src/main.o
 .debug_macro   0x00037f06       0x46 ./Core/Src/main.o
 .debug_macro   0x00037f4c       0xe5 ./Core/Src/main.o
 .debug_macro   0x00038031       0x16 ./Core/Src/main.o
 .debug_macro   0x00038047       0x3c ./Core/Src/main.o
 .debug_macro   0x00038083       0x16 ./Core/Src/main.o
 .debug_macro   0x00038099       0x29 ./Core/Src/main.o
 .debug_macro   0x000380c2       0x12 ./Core/Src/main.o
 .debug_macro   0x000380d4       0xe2 ./Core/Src/main.o
 .debug_macro   0x000381b6       0x8e ./Core/Src/main.o
 .debug_macro   0x00038244      0x2cd ./Core/Src/sdmmc.o
 .debug_macro   0x00038511      0x2c3 ./Core/Src/stm32h7xx_hal_msp.o
 .debug_macro   0x000387d4      0x2cd ./Core/Src/stm32h7xx_it.o
 .debug_macro   0x00038aa1      0x2e3 ./Drivers/STM32H7xx_HAL_Driver/stm32h7xx_hal.o
 .debug_macro   0x00038d84      0x2b9 ./Drivers/STM32H7xx_HAL_Driver/stm32h7xx_hal_cortex.o
 .debug_macro   0x0003903d      0x2cd ./Drivers/STM32H7xx_HAL_Driver/stm32h7xx_hal_gpio.o
 .debug_macro   0x0003930a      0x2cb ./Drivers/STM32H7xx_HAL_Driver/stm32h7xx_hal_hsem.o
 .debug_macro   0x000395d5      0x385 ./Drivers/STM32H7xx_HAL_Driver/stm32h7xx_hal_i2c.o
 .debug_macro   0x0003995a      0x2b9 ./Drivers/STM32H7xx_HAL_Driver/stm32h7xx_hal_i2c_ex.o
 .debug_macro   0x00039c13      0x2f2 ./Drivers/STM32H7xx_HAL_Driver/stm32h7xx_hal_pwr_ex.o
 .debug_macro   0x00039f05      0x2dd ./Drivers/STM32H7xx_HAL_Driver/stm32h7xx_hal_rcc.o
 .debug_macro   0x0003a1e2      0x2d7 ./Drivers/STM32H7xx_HAL_Driver/stm32h7xx_hal_rcc_ex.o
 .debug_macro   0x0003a4b9      0x2d6 ./Drivers/STM32H7xx_HAL_Driver/stm32h7xx_hal_sd.o
 .debug_macro   0x0003a78f      0x2ba ./Drivers/STM32H7xx_HAL_Driver/stm32h7xx_ll_sdmmc.o
 .debug_macro   0x0003aa49      0x359 ./FATFS/App/fatfs.o
 .debug_macro   0x0003ada2      0x2c8 ./FATFS/Target/bsp_driver_sd.o
 .debug_macro   0x0003b06a       0x40 ./FATFS/Target/bsp_driver_sd.o
 .debug_macro   0x0003b0aa      0x38c ./FATFS/Target/sd_diskio.o
 .debug_macro   0x0003b436       0x16 ./FATFS/Target/sd_diskio.o
 .debug_macro   0x0003b44c       0x7c ./FATFS/Target/sd_diskio.o
 .debug_macro   0x0003b4c8       0x16 ./FATFS/Target/sd_diskio.o
 .debug_macro   0x0003b4de       0x20 ./FATFS/Target/sd_diskio.o
 .debug_macro   0x0003b4fe      0x346 ./Middlewares/Third_Party/FatFs/diskio.o
 .debug_macro   0x0003b844      0x74d ./Middlewares/Third_Party/FatFs/ff.o
 .debug_macro   0x0003bf91       0x58 ./Middlewares/Third_Party/FatFs/ff.o
 .debug_macro   0x0003bfe9      0x346 ./Middlewares/Third_Party/FatFs/ff_gen_drv.o

.debug_line     0x00000000    0x1afec
 .debug_line    0x00000000      0xb7c ./Common/Src/system_stm32h7xx_dualcore_boot_cm4_cm7.o
 .debug_line    0x00000b7c      0x8fd ./Core/Src/gpio.o
 .debug_line    0x00001479      0x99d ./Core/Src/i2c.o
 .debug_line    0x00001e16      0xb53 ./Core/Src/main.o
 .debug_line    0x00002969      0x9bb ./Core/Src/sdmmc.o
 .debug_line    0x00003324      0x8fd ./Core/Src/stm32h7xx_hal_msp.o
 .debug_line    0x00003c21      0x9c5 ./Core/Src/stm32h7xx_it.o
 .debug_line    0x000045e6       0x7b ./Core/Startup/startup_stm32h755zitx.o
 .debug_line    0x00004661     0x108a ./Drivers/STM32H7xx_HAL_Driver/stm32h7xx_hal.o
 .debug_line    0x000056eb      0xf1a ./Drivers/STM32H7xx_HAL_Driver/stm32h7xx_hal_cortex.o
 .debug_line    0x00006605      0xdc1 ./Drivers/STM32H7xx_HAL_Driver/stm32h7xx_hal_gpio.o
 .debug_line    0x000073c6      0xac6 ./Drivers/STM32H7xx_HAL_Driver/stm32h7xx_hal_hsem.o
 .debug_line    0x00007e8c     0x3c98 ./Drivers/STM32H7xx_HAL_Driver/stm32h7xx_hal_i2c.o
 .debug_line    0x0000bb24      0xab6 ./Drivers/STM32H7xx_HAL_Driver/stm32h7xx_hal_i2c_ex.o
 .debug_line    0x0000c5da     0x11f3 ./Drivers/STM32H7xx_HAL_Driver/stm32h7xx_hal_pwr_ex.o
 .debug_line    0x0000d7cd     0x15cf ./Drivers/STM32H7xx_HAL_Driver/stm32h7xx_hal_rcc.o
 .debug_line    0x0000ed9c     0x1ef3 ./Drivers/STM32H7xx_HAL_Driver/stm32h7xx_hal_rcc_ex.o
 .debug_line    0x00010c8f     0x223b ./Drivers/STM32H7xx_HAL_Driver/stm32h7xx_hal_sd.o
 .debug_line    0x00012eca     0x13b2 ./Drivers/STM32H7xx_HAL_Driver/stm32h7xx_ll_sdmmc.o
 .debug_line    0x0001427c      0x9d6 ./FATFS/App/fatfs.o
 .debug_line    0x00014c52      0xadc ./FATFS/Target/bsp_driver_sd.o
 .debug_line    0x0001572e      0xc22 ./FATFS/Target/sd_diskio.o
 .debug_line    0x00016350      0xab3 ./Middlewares/Third_Party/FatFs/diskio.o
 .debug_line    0x00016e03     0x3739 ./Middlewares/Third_Party/FatFs/ff.o
 .debug_line    0x0001a53c      0xab0 ./Middlewares/Third_Party/FatFs/ff_gen_drv.o

.debug_str      0x00000000   0x17d8f5
 .debug_str     0x00000000   0x17d8f5 ./Common/Src/system_stm32h7xx_dualcore_boot_cm4_cm7.o
                             0x17657d (size before relaxing)
 .debug_str     0x0017d8f5   0x176123 ./Core/Src/gpio.o
 .debug_str     0x0017d8f5   0x176b96 ./Core/Src/i2c.o
 .debug_str     0x0017d8f5   0x177073 ./Core/Src/main.o
 .debug_str     0x0017d8f5   0x177131 ./Core/Src/sdmmc.o
 .debug_str     0x0017d8f5   0x176123 ./Core/Src/stm32h7xx_hal_msp.o
 .debug_str     0x0017d8f5   0x176294 ./Core/Src/stm32h7xx_it.o
 .debug_str     0x0017d8f5       0xa3 ./Core/Startup/startup_stm32h755zitx.o
 .debug_str     0x0017d8f5   0x1775e3 ./Drivers/STM32H7xx_HAL_Driver/stm32h7xx_hal.o
 .debug_str     0x0017d8f5   0x176e51 ./Drivers/STM32H7xx_HAL_Driver/stm32h7xx_hal_cortex.o
 .debug_str     0x0017d8f5   0x1764d5 ./Drivers/STM32H7xx_HAL_Driver/stm32h7xx_hal_gpio.o
 .debug_str     0x0017d8f5   0x176160 ./Drivers/STM32H7xx_HAL_Driver/stm32h7xx_hal_hsem.o
 .debug_str     0x0017d8f5   0x177500 ./Drivers/STM32H7xx_HAL_Driver/stm32h7xx_hal_i2c.o
 .debug_str     0x0017d8f5   0x1768a4 ./Drivers/STM32H7xx_HAL_Driver/stm32h7xx_hal_i2c_ex.o
 .debug_str     0x0017d8f5   0x1769e7 ./Drivers/STM32H7xx_HAL_Driver/stm32h7xx_hal_pwr_ex.o
 .debug_str     0x0017d8f5   0x176856 ./Drivers/STM32H7xx_HAL_Driver/stm32h7xx_hal_rcc.o
 .debug_str     0x0017d8f5   0x176d8b ./Drivers/STM32H7xx_HAL_Driver/stm32h7xx_hal_rcc_ex.o
 .debug_str     0x0017d8f5   0x176e3e ./Drivers/STM32H7xx_HAL_Driver/stm32h7xx_hal_sd.o
 .debug_str     0x0017d8f5   0x1766c4 ./Drivers/STM32H7xx_HAL_Driver/stm32h7xx_ll_sdmmc.o
 .debug_str     0x0017d8f5   0x176935 ./FATFS/App/fatfs.o
 .debug_str     0x0017d8f5   0x1765bb ./FATFS/Target/bsp_driver_sd.o
 .debug_str     0x0017d8f5   0x176a68 ./FATFS/Target/sd_diskio.o
 .debug_str     0x0017d8f5   0x17688e ./Middlewares/Third_Party/FatFs/diskio.o
 .debug_str     0x0017d8f5   0x177b05 ./Middlewares/Third_Party/FatFs/ff.o
 .debug_str     0x0017d8f5   0x1768f3 ./Middlewares/Third_Party/FatFs/ff_gen_drv.o

.comment        0x00000000       0x43
 .comment       0x00000000       0x43 ./Common/Src/system_stm32h7xx_dualcore_boot_cm4_cm7.o
                                 0x44 (size before relaxing)
 .comment       0x00000043       0x44 ./Core/Src/gpio.o
 .comment       0x00000043       0x44 ./Core/Src/i2c.o
 .comment       0x00000043       0x44 ./Core/Src/main.o
 .comment       0x00000043       0x44 ./Core/Src/sdmmc.o
 .comment       0x00000043       0x44 ./Core/Src/stm32h7xx_hal_msp.o
 .comment       0x00000043       0x44 ./Core/Src/stm32h7xx_it.o
 .comment       0x00000043       0x44 ./Drivers/STM32H7xx_HAL_Driver/stm32h7xx_hal.o
 .comment       0x00000043       0x44 ./Drivers/STM32H7xx_HAL_Driver/stm32h7xx_hal_cortex.o
 .comment       0x00000043       0x44 ./Drivers/STM32H7xx_HAL_Driver/stm32h7xx_hal_gpio.o
 .comment       0x00000043       0x44 ./Drivers/STM32H7xx_HAL_Driver/stm32h7xx_hal_hsem.o
 .comment       0x00000043       0x44 ./Drivers/STM32H7xx_HAL_Driver/stm32h7xx_hal_i2c.o
 .comment       0x00000043       0x44 ./Drivers/STM32H7xx_HAL_Driver/stm32h7xx_hal_i2c_ex.o
 .comment       0x00000043       0x44 ./Drivers/STM32H7xx_HAL_Driver/stm32h7xx_hal_pwr_ex.o
 .comment       0x00000043       0x44 ./Drivers/STM32H7xx_HAL_Driver/stm32h7xx_hal_rcc.o
 .comment       0x00000043       0x44 ./Drivers/STM32H7xx_HAL_Driver/stm32h7xx_hal_rcc_ex.o
 .comment       0x00000043       0x44 ./Drivers/STM32H7xx_HAL_Driver/stm32h7xx_hal_sd.o
 .comment       0x00000043       0x44 ./Drivers/STM32H7xx_HAL_Driver/stm32h7xx_ll_sdmmc.o
 .comment       0x00000043       0x44 ./FATFS/App/fatfs.o
 .comment       0x00000043       0x44 ./FATFS/Target/bsp_driver_sd.o
 .comment       0x00000043       0x44 ./FATFS/Target/sd_diskio.o
 .comment       0x00000043       0x44 ./Middlewares/Third_Party/FatFs/diskio.o
 .comment       0x00000043       0x44 ./Middlewares/Third_Party/FatFs/ff.o
 .comment       0x00000043       0x44 ./Middlewares/Third_Party/FatFs/ff_gen_drv.o

.debug_frame    0x00000000     0x4718
 .debug_frame   0x00000000       0x60 ./Common/Src/system_stm32h7xx_dualcore_boot_cm4_cm7.o
 .debug_frame   0x00000060       0x34 ./Core/Src/gpio.o
 .debug_frame   0x00000094       0x78 ./Core/Src/i2c.o
 .debug_frame   0x0000010c       0x94 ./Core/Src/main.o
 .debug_frame   0x000001a0       0x78 ./Core/Src/sdmmc.o
 .debug_frame   0x00000218       0x34 ./Core/Src/stm32h7xx_hal_msp.o
 .debug_frame   0x0000024c      0x114 ./Core/Src/stm32h7xx_it.o
 .debug_frame   0x00000360      0x76c ./Drivers/STM32H7xx_HAL_Driver/stm32h7xx_hal.o
 .debug_frame   0x00000acc      0x4b8 ./Drivers/STM32H7xx_HAL_Driver/stm32h7xx_hal_cortex.o
 .debug_frame   0x00000f84      0x130 ./Drivers/STM32H7xx_HAL_Driver/stm32h7xx_hal_gpio.o
 .debug_frame   0x000010b4      0x194 ./Drivers/STM32H7xx_HAL_Driver/stm32h7xx_hal_hsem.o
 .debug_frame   0x00001248      0xbf0 ./Drivers/STM32H7xx_HAL_Driver/stm32h7xx_hal_i2c.o
 .debug_frame   0x00001e38       0xe8 ./Drivers/STM32H7xx_HAL_Driver/stm32h7xx_hal_i2c_ex.o
 .debug_frame   0x00001f20      0x56c ./Drivers/STM32H7xx_HAL_Driver/stm32h7xx_hal_pwr_ex.o
 .debug_frame   0x0000248c      0x1e4 ./Drivers/STM32H7xx_HAL_Driver/stm32h7xx_hal_rcc.o
 .debug_frame   0x00002670      0x3f8 ./Drivers/STM32H7xx_HAL_Driver/stm32h7xx_hal_rcc_ex.o
 .debug_frame   0x00002a68      0x634 ./Drivers/STM32H7xx_HAL_Driver/stm32h7xx_hal_sd.o
 .debug_frame   0x0000309c      0x7d0 ./Drivers/STM32H7xx_HAL_Driver/stm32h7xx_ll_sdmmc.o
 .debug_frame   0x0000386c       0x48 ./FATFS/App/fatfs.o
 .debug_frame   0x000038b4      0x228 ./FATFS/Target/bsp_driver_sd.o
 .debug_frame   0x00003adc      0x144 ./FATFS/Target/sd_diskio.o
 .debug_frame   0x00003c20       0xe8 ./Middlewares/Third_Party/FatFs/diskio.o
 .debug_frame   0x00003d08      0x908 ./Middlewares/Third_Party/FatFs/ff.o
 .debug_frame   0x00004610       0xbc ./Middlewares/Third_Party/FatFs/ff_gen_drv.o
 .debug_frame   0x000046cc       0x20 C:/ST/STM32CubeIDE_2.1.1/STM32CubeIDE/plugins/com.st.stm32cube.ide.mcu.externaltools.gnu-tools-for-stm32.14.3.rel1.win32_1.0.100.202602081740/tools/bin/../lib/gcc/arm-none-eabi/14.3.1/../../../../arm-none-eabi/lib/thumb/v7e-m+dp/hard\libc_nano.a(libc_a-memset.o)
 .debug_frame   0x000046ec       0x2c C:/ST/STM32CubeIDE_2.1.1/STM32CubeIDE/plugins/com.st.stm32cube.ide.mcu.externaltools.gnu-tools-for-stm32.14.3.rel1.win32_1.0.100.202602081740/tools/bin/../lib/gcc/arm-none-eabi/14.3.1/../../../../arm-none-eabi/lib/thumb/v7e-m+dp/hard\libc_nano.a(libc_a-init.o)

.debug_line_str
                0x00000000       0x87
 .debug_line_str
                0x00000000       0x87 ./Core/Startup/startup_stm32h755zitx.o
