Archive member included to satisfy reference by file (symbol)

C:/ST/STM32CubeIDE_2.1.1/STM32CubeIDE/plugins/com.st.stm32cube.ide.mcu.externaltools.gnu-tools-for-stm32.14.3.rel1.win32_1.0.100.202602081740/tools/bin/../lib/gcc/arm-none-eabi/14.3.1/../../../../arm-none-eabi/lib/thumb/v7e-m+dp/hard\libc_nano.a(libc_a-exit.o)
                              C:/ST/STM32CubeIDE_2.1.1/STM32CubeIDE/plugins/com.st.stm32cube.ide.mcu.externaltools.gnu-tools-for-stm32.14.3.rel1.win32_1.0.100.202602081740/tools/bin/../lib/gcc/arm-none-eabi/14.3.1/../../../../arm-none-eabi/lib/thumb/v7e-m+dp/hard/crt0.o (exit)
C:/ST/STM32CubeIDE_2.1.1/STM32CubeIDE/plugins/com.st.stm32cube.ide.mcu.externaltools.gnu-tools-for-stm32.14.3.rel1.win32_1.0.100.202602081740/tools/bin/../lib/gcc/arm-none-eabi/14.3.1/../../../../arm-none-eabi/lib/thumb/v7e-m+dp/hard\libc_nano.a(libc_a-findfp.o)
                              C:/ST/STM32CubeIDE_2.1.1/STM32CubeIDE/plugins/com.st.stm32cube.ide.mcu.externaltools.gnu-tools-for-stm32.14.3.rel1.win32_1.0.100.202602081740/tools/bin/../lib/gcc/arm-none-eabi/14.3.1/../../../../arm-none-eabi/lib/thumb/v7e-m+dp/hard\libc_nano.a(libc_a-exit.o) (__stdio_exit_handler)
C:/ST/STM32CubeIDE_2.1.1/STM32CubeIDE/plugins/com.st.stm32cube.ide.mcu.externaltools.gnu-tools-for-stm32.14.3.rel1.win32_1.0.100.202602081740/tools/bin/../lib/gcc/arm-none-eabi/14.3.1/../../../../arm-none-eabi/lib/thumb/v7e-m+dp/hard\libc_nano.a(libc_a-fwalk.o)
                              C:/ST/STM32CubeIDE_2.1.1/STM32CubeIDE/plugins/com.st.stm32cube.ide.mcu.externaltools.gnu-tools-for-stm32.14.3.rel1.win32_1.0.100.202602081740/tools/bin/../lib/gcc/arm-none-eabi/14.3.1/../../../../arm-none-eabi/lib/thumb/v7e-m+dp/hard\libc_nano.a(libc_a-findfp.o) (_fwalk_sglue)
C:/ST/STM32CubeIDE_2.1.1/STM32CubeIDE/plugins/com.st.stm32cube.ide.mcu.externaltools.gnu-tools-for-stm32.14.3.rel1.win32_1.0.100.202602081740/tools/bin/../lib/gcc/arm-none-eabi/14.3.1/../../../../arm-none-eabi/lib/thumb/v7e-m+dp/hard\libc_nano.a(libc_a-stdio.o)
                              C:/ST/STM32CubeIDE_2.1.1/STM32CubeIDE/plugins/com.st.stm32cube.ide.mcu.externaltools.gnu-tools-for-stm32.14.3.rel1.win32_1.0.100.202602081740/tools/bin/../lib/gcc/arm-none-eabi/14.3.1/../../../../arm-none-eabi/lib/thumb/v7e-m+dp/hard\libc_nano.a(libc_a-findfp.o) (__sread)
C:/ST/STM32CubeIDE_2.1.1/STM32CubeIDE/plugins/com.st.stm32cube.ide.mcu.externaltools.gnu-tools-for-stm32.14.3.rel1.win32_1.0.100.202602081740/tools/bin/../lib/gcc/arm-none-eabi/14.3.1/../../../../arm-none-eabi/lib/thumb/v7e-m+dp/hard\libc_nano.a(libc_a-memset.o)
                              C:/ST/STM32CubeIDE_2.1.1/STM32CubeIDE/plugins/com.st.stm32cube.ide.mcu.externaltools.gnu-tools-for-stm32.14.3.rel1.win32_1.0.100.202602081740/tools/bin/../lib/gcc/arm-none-eabi/14.3.1/../../../../arm-none-eabi/lib/thumb/v7e-m+dp/hard/crt0.o (memset)
C:/ST/STM32CubeIDE_2.1.1/STM32CubeIDE/plugins/com.st.stm32cube.ide.mcu.externaltools.gnu-tools-for-stm32.14.3.rel1.win32_1.0.100.202602081740/tools/bin/../lib/gcc/arm-none-eabi/14.3.1/../../../../arm-none-eabi/lib/thumb/v7e-m+dp/hard\libc_nano.a(libc_a-closer.o)
                              C:/ST/STM32CubeIDE_2.1.1/STM32CubeIDE/plugins/com.st.stm32cube.ide.mcu.externaltools.gnu-tools-for-stm32.14.3.rel1.win32_1.0.100.202602081740/tools/bin/../lib/gcc/arm-none-eabi/14.3.1/../../../../arm-none-eabi/lib/thumb/v7e-m+dp/hard\libc_nano.a(libc_a-stdio.o) (_close_r)
C:/ST/STM32CubeIDE_2.1.1/STM32CubeIDE/plugins/com.st.stm32cube.ide.mcu.externaltools.gnu-tools-for-stm32.14.3.rel1.win32_1.0.100.202602081740/tools/bin/../lib/gcc/arm-none-eabi/14.3.1/../../../../arm-none-eabi/lib/thumb/v7e-m+dp/hard\libc_nano.a(libc_a-reent.o)
                              C:/ST/STM32CubeIDE_2.1.1/STM32CubeIDE/plugins/com.st.stm32cube.ide.mcu.externaltools.gnu-tools-for-stm32.14.3.rel1.win32_1.0.100.202602081740/tools/bin/../lib/gcc/arm-none-eabi/14.3.1/../../../../arm-none-eabi/lib/thumb/v7e-m+dp/hard\libc_nano.a(libc_a-closer.o) (errno)
C:/ST/STM32CubeIDE_2.1.1/STM32CubeIDE/plugins/com.st.stm32cube.ide.mcu.externaltools.gnu-tools-for-stm32.14.3.rel1.win32_1.0.100.202602081740/tools/bin/../lib/gcc/arm-none-eabi/14.3.1/../../../../arm-none-eabi/lib/thumb/v7e-m+dp/hard\libc_nano.a(libc_a-impure.o)
                              C:/ST/STM32CubeIDE_2.1.1/STM32CubeIDE/plugins/com.st.stm32cube.ide.mcu.externaltools.gnu-tools-for-stm32.14.3.rel1.win32_1.0.100.202602081740/tools/bin/../lib/gcc/arm-none-eabi/14.3.1/../../../../arm-none-eabi/lib/thumb/v7e-m+dp/hard\libc_nano.a(libc_a-reent.o) (_impure_ptr)
C:/ST/STM32CubeIDE_2.1.1/STM32CubeIDE/plugins/com.st.stm32cube.ide.mcu.externaltools.gnu-tools-for-stm32.14.3.rel1.win32_1.0.100.202602081740/tools/bin/../lib/gcc/arm-none-eabi/14.3.1/../../../../arm-none-eabi/lib/thumb/v7e-m+dp/hard\libc_nano.a(libc_a-lseekr.o)
[...]
Memory Configuration

Name             Origin             Length             Attributes
RAM_D1           0x24000000         0x00080000         xrw
FLASH            0x08000000         0x00100000         xr
DTCMRAM          0x20000000         0x00020000         xrw
RAM_D2           0x30000000         0x00048000         xrw
RAM_D3           0x38000000         0x00010000         xrw
ITCMRAM          0x00000000         0x00010000         xrw
*default*        0x00000000         0xffffffff

Linker script and memory map

LOAD C:/ST/STM32CubeIDE_2.1.1/STM32CubeIDE/plugins/com.st.stm32cube.ide.mcu.externaltools.gnu-tools-for-stm32.14.3.rel1.win32_1.0.100.202602081740/tools/bin/../lib/gcc/arm-none-eabi/14.3.1/thumb/v7e-m+dp/hard/crti.o
LOAD C:/ST/STM32CubeIDE_2.1.1/STM32CubeIDE/plugins/com.st.stm32cube.ide.mcu.externaltools.gnu-tools-for-stm32.14.3.rel1.win32_1.0.100.202602081740/tools/bin/../lib/gcc/arm-none-eabi/14.3.1/thumb/v7e-m+dp/hard/crtbegin.o
LOAD C:/ST/STM32CubeIDE_2.1.1/STM32CubeIDE/plugins/com.st.stm32cube.ide.mcu.externaltools.gnu-tools-for-stm32.14.3.rel1.win32_1.0.100.202602081740/tools/bin/../lib/gcc/arm-none-eabi/14.3.1/../../../../arm-none-eabi/lib/thumb/v7e-m+dp/hard/crt0.o
LOAD ./Common/Src/system_stm32h7xx_dualcore_boot_cm4_cm7.o
LOAD ./Core/Src/gpio.o
LOAD ./Core/Src/main.o
LOAD ./Core/Src/sdmmc.o
LOAD ./Core/Src/stm32h7xx_hal_msp.o
LOAD ./Core/Src/stm32h7xx_it.o
LOAD ./Core/Src/syscalls.o
LOAD ./Core/Src/sysmem.o
LOAD ./Core/Startup/startup_stm32h755zitx.o
LOAD ./Drivers/STM32H7xx_HAL_Driver/stm32h7xx_hal.o
LOAD ./Drivers/STM32H7xx_HAL_Driver/stm32h7xx_hal_cortex.o
LOAD ./Drivers/STM32H7xx_HAL_Driver/stm32h7xx_hal_dma.o
LOAD ./Drivers/STM32H7xx_HAL_Driver/stm32h7xx_hal_dma_ex.o
LOAD ./Drivers/STM32H7xx_HAL_Driver/stm32h7xx_hal_exti.o
LOAD ./Drivers/STM32H7xx_HAL_Driver/stm32h7xx_hal_flash.o
LOAD ./Drivers/STM32H7xx_HAL_Driver/stm32h7xx_hal_flash_ex.o
LOAD ./Drivers/STM32H7xx_HAL_Driver/stm32h7xx_hal_gpio.o
LOAD ./Drivers/STM32H7xx_HAL_Driver/stm32h7xx_hal_hsem.o
LOAD ./Drivers/STM32H7xx_HAL_Driver/stm32h7xx_hal_i2c.o
LOAD ./Drivers/STM32H7xx_HAL_Driver/stm32h7xx_hal_i2c_ex.o
LOAD ./Drivers/STM32H7xx_HAL_Driver/stm32h7xx_hal_mdma.o
LOAD ./Drivers/STM32H7xx_HAL_Driver/stm32h7xx_hal_mmc.o
LOAD ./Drivers/STM32H7xx_HAL_Driver/stm32h7xx_hal_mmc_ex.o
LOAD ./Drivers/STM32H7xx_HAL_Driver/stm32h7xx_hal_pwr.o
LOAD ./Drivers/STM32H7xx_HAL_Driver/stm32h7xx_hal_pwr_ex.o
LOAD ./Drivers/STM32H7xx_HAL_Driver/stm32h7xx_hal_rcc.o
LOAD ./Drivers/STM32H7xx_HAL_Driver/stm32h7xx_hal_rcc_ex.o
LOAD ./Drivers/STM32H7xx_HAL_Driver/stm32h7xx_hal_sd.o
LOAD ./Drivers/STM32H7xx_HAL_Driver/stm32h7xx_hal_sd_ex.o
LOAD ./Drivers/STM32H7xx_HAL_Driver/stm32h7xx_hal_tim.o
LOAD ./Drivers/STM32H7xx_HAL_Driver/stm32h7xx_hal_tim_ex.o
LOAD ./Drivers/STM32H7xx_HAL_Driver/stm32h7xx_ll_delayblock.o
LOAD ./Drivers/STM32H7xx_HAL_Driver/stm32h7xx_ll_sdmmc.o
LOAD ./FATFS/App/fatfs.o
LOAD ./FATFS/Target/bsp_driver_sd.o
LOAD ./FATFS/Target/sd_diskio.o
LOAD ./Middlewares/Third_Party/FatFs/diskio.o
LOAD ./Middlewares/Third_Party/FatFs/ff.o
LOAD ./Middlewares/Third_Party/FatFs/ff_gen_drv.o
LOAD ./Middlewares/Third_Party/FatFs/syscall.o
START GROUP
LOAD C:/ST/STM32CubeIDE_2.1.1/STM32CubeIDE/plugins/com.st.stm32cube.ide.mcu.externaltools.gnu-tools-for-stm32.14.3.rel1.win32_1.0.100.202602081740/tools/bin/../lib/gcc/arm-none-eabi/14.3.1/../../../../arm-none-eabi/lib/thumb/v7e-m+dp/hard\libc_nano.a
LOAD C:/ST/STM32CubeIDE_2.1.1/STM32CubeIDE/plugins/com.st.stm32cube.ide.mcu.externaltools.gnu-tools-for-stm32.14.3.rel1.win32_1.0.100.202602081740/tools/bin/../lib/gcc/arm-none-eabi/14.3.1/../../../../arm-none-eabi/lib/thumb/v7e-m+dp/hard\libm.a
END GROUP
START GROUP
LOAD C:/ST/STM32CubeIDE_2.1.1/STM32CubeIDE/plugins/com.st.stm32cube.ide.mcu.externaltools.gnu-tools-for-stm32.14.3.rel1.win32_1.0.100.202602081740/tools/bin/../lib/gcc/arm-none-eabi/14.3.1/thumb/v7e-m+dp/hard\libgcc.a
LOAD C:/ST/STM32CubeIDE_2.1.1/STM32CubeIDE/plugins/com.st.stm32cube.ide.mcu.externaltools.gnu-tools-for-stm32.14.3.rel1.win32_1.0.100.202602081740/tools/bin/../lib/gcc/arm-none-eabi/14.3.1/../../../../arm-none-eabi/lib/thumb/v7e-m+dp/hard\libc_nano.a
END GROUP
START GROUP
LOAD C:/ST/STM32CubeIDE_2.1.1/STM32CubeIDE/plugins/com.st.stm32cube.ide.mcu.externaltools.gnu-tools-for-stm32.14.3.rel1.win32_1.0.100.202602081740/tools/bin/../lib/gcc/arm-none-eabi/14.3.1/thumb/v7e-m+dp/hard\libgcc.a
LOAD C:/ST/STM32CubeIDE_2.1.1/STM32CubeIDE/plugins/com.st.stm32cube.ide.mcu.externaltools.gnu-tools-for-stm32.14.3.rel1.win32_1.0.100.202602081740/tools/bin/../lib/gcc/arm-none-eabi/14.3.1/../../../../arm-none-eabi/lib/thumb/v7e-m+dp/hard\libc_nano.a
LOAD C:/ST/STM32CubeIDE_2.1.1/STM32CubeIDE/plugins/com.st.stm32cube.ide.mcu.externaltools.gnu-tools-for-stm32.14.3.rel1.win32_1.0.100.202602081740/tools/bin/../lib/gcc/arm-none-eabi/14.3.1/../../../../arm-none-eabi/lib/thumb/v7e-m+dp/hard\libnosys.a
END GROUP
START GROUP
LOAD C:/ST/STM32CubeIDE_2.1.1/STM32CubeIDE/plugins/com.st.stm32cube.ide.mcu.externaltools.gnu-tools-for-stm32.14.3.rel1.win32_1.0.100.202602081740/tools/bin/../lib/gcc/arm-none-eabi/14.3.1/thumb/v7e-m+dp/hard\libgcc.a
LOAD C:/ST/STM32CubeIDE_2.1.1/STM32CubeIDE/plugins/com.st.stm32cube.ide.mcu.externaltools.gnu-tools-for-stm32.14.3.rel1.win32_1.0.100.202602081740/tools/bin/../lib/gcc/arm-none-eabi/14.3.1/../../../../arm-none-eabi/lib/thumb/v7e-m+dp/hard\libc_nano.a
LOAD C:/ST/STM32CubeIDE_2.1.1/STM32CubeIDE/plugins/com.st.stm32cube.ide.mcu.externaltools.gnu-tools-for-stm32.14.3.rel1.win32_1.0.100.202602081740/tools/bin/../lib/gcc/arm-none-eabi/14.3.1/../../../../arm-none-eabi/lib/thumb/v7e-m+dp/hard\libnosys.a
END GROUP
LOAD C:/ST/STM32CubeIDE_2.1.1/STM32CubeIDE/plugins/com.st.stm32cube.ide.mcu.externaltools.gnu-tools-for-stm32.14.3.rel1.win32_1.0.100.202602081740/tools/bin/../lib/gcc/arm-none-eabi/14.3.1/thumb/v7e-m+dp/hard/crtend.o
LOAD C:/ST/STM32CubeIDE_2.1.1/STM32CubeIDE/plugins/com.st.stm32cube.ide.mcu.externaltools.gnu-tools-for-stm32.14.3.rel1.win32_1.0.100.202602081740/tools/bin/../lib/gcc/arm-none-eabi/14.3.1/thumb/v7e-m+dp/hard/crtn.o
                0x24080000                        _estack = (ORIGIN (RAM_D1) + LENGTH (RAM_D1))
                0x00000400                        _Min_Heap_Size = 0x400
                0x00000700                        _Min_Stack_Size = 0x700

.isr_vector     0x08000000      0x298
                0x08000000                        . = ALIGN (0x4)
 *(.isr_vector)
 .isr_vector    0x08000000      0x298 ./Core/Startup/startup_stm32h755zitx.o
                0x08000000                g_pfnVectors
                0x08000298                        . = ALIGN (0x4)

.text           0x08000298     0x9b78
                0x08000298                        . = ALIGN (0x4)
 *(.text)
 .text          0x08000298       0x40 C:/ST/STM32CubeIDE_2.1.1/STM32CubeIDE/plugins/com.st.stm32cube.ide.mcu.externaltools.gnu-tools-for-stm32.14.3.rel1.win32_1.0.100.202602081740/tools/bin/../lib/gcc/arm-none-eabi/14.3.1/thumb/v7e-m+dp/hard/crtbegin.o
 *(.text*)
 .text.SystemInit
                0x080002d8      0x15c ./Common/Src/system_stm32h7xx_dualcore_boot_cm4_cm7.o
                0x080002d8                SystemInit
 .text.ExitRun0Mode
                0x08000434       0x18 ./Common/Src/system_stm32h7xx_dualcore_boot_cm4_cm7.o
                0x08000434                ExitRun0Mode
 .text.MX_GPIO_Init
                0x0800044c       0x90 ./Core/Src/gpio.o
                0x0800044c                MX_GPIO_Init
 .text.main     0x080004dc      0x170 ./Core/Src/main.o
                0x080004dc                main
 .text.SystemClock_Config
                0x0800064c       0xfc ./Core/Src/main.o
                0x0800064c                SystemClock_Config
 .text.FS_FileOperations
                0x08000748      0x118 ./Core/Src/main.o
 .text.Buffercmp
                0x08000860       0x42 ./Core/Src/main.o
 .text.MPU_Config
                0x080008a2       0x58 ./Core/Src/main.o
 .text.Error_Handler
                0x080008fa        0xc ./Core/Src/main.o
                0x080008fa                Error_Handler
 *fill*         0x08000906        0x2 
 .text.MX_SDMMC2_SD_Init
                0x08000908       0x48 ./Core/Src/sdmmc.o
                0x08000908                MX_SDMMC2_SD_Init
 .text.HAL_SD_MspInit
                0x08000950      0x1c8 ./Core/Src/sdmmc.o
                0x08000950                HAL_SD_MspInit
 .text.HAL_MspInit
                0x08000b18       0x34 ./Core/Src/stm32h7xx_hal_msp.o
                0x08000b18                HAL_MspInit
 .text.NMI_Handler
                0x08000b4c        0x8 ./Core/Src/stm32h7xx_it.o
                0x08000b4c                NMI_Handler
 .text.HardFault_Handler
                0x08000b54        0x8 ./Core/Src/stm32h7xx_it.o
                0x08000b54                HardFault_Handler
 .text.MemManage_Handler
                0x08000b5c        0x8 ./Core/Src/stm32h7xx_it.o
                0x08000b5c                MemManage_Handler
 .text.BusFault_Handler
                0x08000b64        0x8 ./Core/Src/stm32h7xx_it.o
                0x08000b64                BusFault_Handler
 .text.UsageFault_Handler
                0x08000b6c        0x8 ./Core/Src/stm32h7xx_it.o
                0x08000b6c                UsageFault_Handler
 .text.SVC_Handler
                0x08000b74        0xe ./Core/Src/stm32h7xx_it.o
                0x08000b74                SVC_Handler
 .text.DebugMon_Handler
                0x08000b82        0xe ./Core/Src/stm32h7xx_it.o
                0x08000b82                DebugMon_Handler
 .text.PendSV_Handler
                0x08000b90        0xe ./Core/Src/stm32h7xx_it.o
                0x08000b90                PendSV_Handler
 .text.SysTick_Handler
                0x08000b9e        0xc ./Core/Src/stm32h7xx_it.o
                0x08000b9e                SysTick_Handler
 *fill*         0x08000baa        0x2 
 .text.SDMMC2_IRQHandler
                0x08000bac       0x14 ./Core/Src/stm32h7xx_it.o
                0x08000bac                SDMMC2_IRQHandler
 .text.Reset_Handler
                0x08000bc0       0x54 ./Core/Startup/startup_stm32h755zitx.o
                0x08000bc0                Reset_Handler
 .text.Default_Handler
                0x08000c14        0x2 ./Core/Startup/startup_stm32h755zitx.o
                0x08000c14                RTC_Alarm_IRQHandler
                0x08000c14                HASH_RNG_IRQHandler
                0x08000c14                EXTI2_IRQHandler
                0x08000c14                TIM8_CC_IRQHandler
                0x08000c14                HRTIM1_Master_IRQHandler
                0x08000c14                UART8_IRQHandler
                0x08000c14                SPI4_IRQHandler
                0x08000c14                TIM1_CC_IRQHandler
                0x08000c14                BDMA_Channel6_IRQHandler
                0x08000c14                DMA2_Stream5_IRQHandler
                0x08000c14                HRTIM1_FLT_IRQHandler
                0x08000c14                JPEG_IRQHandler
                0x08000c14                DMA1_Stream5_IRQHandler
                0x08000c14                BDMA_Channel1_IRQHandler
                0x08000c14                HRTIM1_TIMD_IRQHandler
                0x08000c14                TAMP_STAMP_IRQHandler
                0x08000c14                EXTI3_IRQHandler
                0x08000c14                LPTIM4_IRQHandler
                0x08000c14                TIM8_TRG_COM_TIM14_IRQHandler
                0x08000c14                LPTIM2_IRQHandler
                0x08000c14                DFSDM1_FLT1_IRQHandler
                0x08000c14                DMAMUX2_OVR_IRQHandler
                0x08000c14                TIM8_UP_TIM13_IRQHandler
                0x08000c14                I2C3_ER_IRQHandler
                0x08000c14                DFSDM1_FLT2_IRQHandler
                0x08000c14                MDMA_IRQHandler
                0x08000c14                LPTIM3_IRQHandler
                0x08000c14                HSEM1_IRQHandler
                0x08000c14                EXTI0_IRQHandler
                0x08000c14                I2C2_EV_IRQHandler
                0x08000c14                DMA1_Stream2_IRQHandler
                0x08000c14                FPU_IRQHandler
                0x08000c14                OTG_HS_WKUP_IRQHandler
                0x08000c14                FDCAN1_IT1_IRQHandler
                0x08000c14                LTDC_ER_IRQHandler
                0x08000c14                DMA2_Stream2_IRQHandler
                0x08000c14                HRTIM1_TIME_IRQHandler
                0x08000c14                SPI1_IRQHandler
                0x08000c14                TIM6_DAC_IRQHandler
                0x08000c14                DCMI_IRQHandler
                0x08000c14                HRTIM1_TIMC_IRQHandler
                0x08000c14                DMA2_Stream3_IRQHandler
                0x08000c14                SAI2_IRQHandler
                0x08000c14                DFSDM1_FLT3_IRQHandler
                0x08000c14                USART6_IRQHandler
                0x08000c14                TIM17_IRQHandler
                0x08000c14                USART3_IRQHandler
                0x08000c14                BDMA_Channel7_IRQHandler
                0x08000c14                CRYP_IRQHandler
                0x08000c14                LPTIM5_IRQHandler
                0x08000c14                UART5_IRQHandler
                0x08000c14                ADC3_IRQHandler
                0x08000c14                DMA2_Stream0_IRQHandler
                0x08000c14                TIM4_IRQHandler
                0x08000c14                BDMA_Channel2_IRQHandler
                0x08000c14                QUADSPI_IRQHandler
                0x08000c14                I2C1_EV_IRQHandler
                0x08000c14                DMA1_Stream6_IRQHandler
                0x08000c14                DMAMUX1_OVR_IRQHandler
                0x08000c14                DMA1_Stream1_IRQHandler
                0x08000c14                TIM16_IRQHandler
                0x08000c14                UART4_IRQHandler
                0x08000c14                BDMA_Channel5_IRQHandler
                0x08000c14                TIM3_IRQHandler
                0x08000c14                RCC_IRQHandler
                0x08000c14                TIM8_BRK_TIM12_IRQHandler
                0x08000c14                TIM1_TRG_COM_IRQHandler
                0x08000c14                Default_Handler
                0x08000c14                ECC_IRQHandler
                0x08000c14                CEC_IRQHandler
                0x08000c14                EXTI15_10_IRQHandler
                0x08000c14                BDMA_Channel0_IRQHandler
                0x08000c14                ADC_IRQHandler
                0x08000c14                DMA1_Stream7_IRQHandler
                0x08000c14                HRTIM1_TIMA_IRQHandler
                0x08000c14                SPI5_IRQHandler
                0x08000c14                TIM7_IRQHandler
                0x08000c14                SDMMC1_IRQHandler
                0x08000c14                TIM5_IRQHandler
                0x08000c14                DMA2_Stream7_IRQHandler
                0x08000c14                TIM15_IRQHandler
                0x08000c14                PVD_AVD_IRQHandler
                0x08000c14                I2C3_EV_IRQHandler
                0x08000c14                EXTI9_5_IRQHandler
                0x08000c14                RTC_WKUP_IRQHandler
                0x08000c14                LTDC_IRQHandler
                0x08000c14                SAI3_IRQHandler
                0x08000c14                ETH_WKUP_IRQHandler
                0x08000c14                SPDIF_RX_IRQHandler
                0x08000c14                SPI2_IRQHandler
                0x08000c14                OTG_HS_EP1_IN_IRQHandler
                0x08000c14                DMA1_Stream0_IRQHandler
                0x08000c14                CRS_IRQHandler
                0x08000c14                CM7_SEV_IRQHandler
                0x08000c14                EXTI4_IRQHandler
                0x08000c14                CM4_SEV_IRQHandler
                0x08000c14                HRTIM1_TIMB_IRQHandler
                0x08000c14                FDCAN2_IT1_IRQHandler
                0x08000c14                ETH_IRQHandler
                0x08000c14                TIM1_UP_IRQHandler
                0x08000c14                WWDG_RST_IRQHandler
                0x08000c14                BDMA_Channel4_IRQHandler
                0x08000c14                OTG_HS_EP1_OUT_IRQHandler
                0x08000c14                WWDG_IRQHandler
                0x08000c14                SPI6_IRQHandler
                0x08000c14                MDIOS_IRQHandler
                0x08000c14                I2C4_EV_IRQHandler
                0x08000c14                FDCAN2_IT0_IRQHandler
                0x08000c14                LPUART1_IRQHandler
                0x08000c14                FDCAN1_IT0_IRQHandler
                0x08000c14                TIM2_IRQHandler
                0x08000c14                OTG_FS_WKUP_IRQHandler
                0x08000c14                OTG_HS_IRQHandler
                0x08000c14                HSEM2_IRQHandler
                0x08000c14                DMA2D_IRQHandler
                0x08000c14                TIM1_BRK_IRQHandler
                0x08000c14                EXTI1_IRQHandler
                0x08000c14                OTG_FS_EP1_OUT_IRQHandler
                0x08000c14                BDMA_Channel3_IRQHandler
                0x08000c14                HOLD_CORE_IRQHandler
                0x08000c14                UART7_IRQHandler
                0x08000c14                MDIOS_WKUP_IRQHandler
                0x08000c14                USART2_IRQHandler
                0x08000c14                DFSDM1_FLT0_IRQHandler
                0x08000c14                SAI4_IRQHandler
                0x08000c14                I2C2_ER_IRQHandler
                0x08000c14                DMA2_Stream1_IRQHandler
                0x08000c14                FLASH_IRQHandler
                0x08000c14                DMA2_Stream4_IRQHandler
                0x08000c14                USART1_IRQHandler
                0x08000c14                OTG_FS_IRQHandler
                0x08000c14                SPI3_IRQHandler
                0x08000c14                WAKEUP_PIN_IRQHandler
                0x08000c14                DMA1_Stream4_IRQHandler
                0x08000c14                OTG_FS_EP1_IN_IRQHandler
                0x08000c14                I2C1_ER_IRQHandler
                0x08000c14                FMC_IRQHandler
                0x08000c14                FDCAN_CAL_IRQHandler
                0x08000c14                SWPMI1_IRQHandler
                0x08000c14                COMP1_IRQHandler
                0x08000c14                LPTIM1_IRQHandler
                0x08000c14                I2C4_ER_IRQHandler
                0x08000c14                DMA2_Stream6_IRQHandler
                0x08000c14                SAI1_IRQHandler
                0x08000c14                DMA1_Stream3_IRQHandler
 *fill*         0x08000c16        0x2 
 .text.HAL_Init
                0x08000c18       0x78 ./Drivers/STM32H7xx_HAL_Driver/stm32h7xx_hal.o
                0x08000c18                HAL_Init
 .text.HAL_InitTick
                0x08000c90       0x6c ./Drivers/STM32H7xx_HAL_Driver/stm32h7xx_hal.o
                0x08000c90                HAL_InitTick
 .text.HAL_IncTick
                0x08000cfc       0x28 ./Drivers/STM32H7xx_HAL_Driver/stm32h7xx_hal.o
                0x08000cfc                HAL_IncTick
 .text.HAL_GetTick
                0x08000d24       0x18 ./Drivers/STM32H7xx_HAL_Driver/stm32h7xx_hal.o
                0x08000d24                HAL_GetTick
 .text.HAL_Delay
                0x08000d3c       0x48 ./Drivers/STM32H7xx_HAL_Driver/stm32h7xx_hal.o
                0x08000d3c                HAL_Delay
 .text.HAL_GetREVID
                0x08000d84       0x18 ./Drivers/STM32H7xx_HAL_Driver/stm32h7xx_hal.o
                0x08000d84                HAL_GetREVID
 .text.__NVIC_SetPriorityGrouping
                0x08000d9c       0x48 ./Drivers/STM32H7xx_HAL_Driver/stm32h7xx_hal_cortex.o
 .text.__NVIC_GetPriorityGrouping
                0x08000de4       0x1c ./Drivers/STM32H7xx_HAL_Driver/stm32h7xx_hal_cortex.o
 .text.__NVIC_EnableIRQ
                0x08000e00       0x3c ./Drivers/STM32H7xx_HAL_Driver/stm32h7xx_hal_cortex.o
 .text.__NVIC_SetPriority
                0x08000e3c       0x54 ./Drivers/STM32H7xx_HAL_Driver/stm32h7xx_hal_cortex.o
 .text.NVIC_EncodePriority
                0x08000e90       0x66 ./Drivers/STM32H7xx_HAL_Driver/stm32h7xx_hal_cortex.o
 *fill*         0x08000ef6        0x2 
 .text.SysTick_Config
                0x08000ef8       0x44 ./Drivers/STM32H7xx_HAL_Driver/stm32h7xx_hal_cortex.o
 .text.HAL_NVIC_SetPriorityGrouping
                0x08000f3c       0x16 ./Drivers/STM32H7xx_HAL_Driver/stm32h7xx_hal_cortex.o
                0x08000f3c                HAL_NVIC_SetPriorityGrouping
 .text.HAL_NVIC_SetPriority
                0x08000f52       0x34 ./Drivers/STM32H7xx_HAL_Driver/stm32h7xx_hal_cortex.o
                0x08000f52                HAL_NVIC_SetPriority
 .text.HAL_NVIC_EnableIRQ
                0x08000f86       0x1c ./Drivers/STM32H7xx_HAL_Driver/stm32h7xx_hal_cortex.o
                0x08000f86                HAL_NVIC_EnableIRQ
 .text.HAL_SYSTICK_Config
                0x08000fa2       0x18 ./Drivers/STM32H7xx_HAL_Driver/stm32h7xx_hal_cortex.o
                0x08000fa2                HAL_SYSTICK_Config
 *fill*         0x08000fba        0x2 
 .text.HAL_MPU_Disable
                0x08000fbc       0x30 ./Drivers/STM32H7xx_HAL_Driver/stm32h7xx_hal_cortex.o
                0x08000fbc                HAL_MPU_Disable
 .text.HAL_MPU_Enable
                0x08000fec       0x40 ./Drivers/STM32H7xx_HAL_Driver/stm32h7xx_hal_cortex.o
                0x08000fec                HAL_MPU_Enable
 .text.HAL_MPU_ConfigRegion
                0x0800102c       0x80 ./Drivers/STM32H7xx_HAL_Driver/stm32h7xx_hal_cortex.o
                0x0800102c                HAL_MPU_ConfigRegion
 .text.HAL_GPIO_Init
                0x080010ac      0x374 ./Drivers/STM32H7xx_HAL_Driver/stm32h7xx_hal_gpio.o
                0x080010ac                HAL_GPIO_Init
 .text.HAL_HSEM_FastTake
                0x08001420       0x34 ./Drivers/STM32H7xx_HAL_Driver/stm32h7xx_hal_hsem.o
                0x08001420                HAL_HSEM_FastTake
 .text.HAL_HSEM_Release
                0x08001454       0x28 ./Drivers/STM32H7xx_HAL_Driver/stm32h7xx_hal_hsem.o
                0x08001454                HAL_HSEM_Release
 .text.HAL_PWREx_ConfigSupply
                0x0800147c       0xb4 ./Drivers/STM32H7xx_HAL_Driver/stm32h7xx_hal_pwr_ex.o
                0x0800147c                HAL_PWREx_ConfigSupply
 .text.HAL_RCC_OscConfig
                0x08001530      0x8b4 ./Drivers/STM32H7xx_HAL_Driver/stm32h7xx_hal_rcc.o
                0x08001530                HAL_RCC_OscConfig
 .text.HAL_RCC_ClockConfig
                0x08001de4      0x36c ./Drivers/STM32H7xx_HAL_Driver/stm32h7xx_hal_rcc.o
                0x08001de4                HAL_RCC_ClockConfig
 .text.HAL_RCC_GetSysClockFreq
                0x08002150      0x2f4 ./Drivers/STM32H7xx_HAL_Driver/stm32h7xx_hal_rcc.o
                0x08002150                HAL_RCC_GetSysClockFreq
 .text.HAL_RCC_GetHCLKFreq
                0x08002444       0x60 ./Drivers/STM32H7xx_HAL_Driver/stm32h7xx_hal_rcc.o
                0x08002444                HAL_RCC_GetHCLKFreq
 .text.HAL_RCC_GetPCLK1Freq
                0x080024a4       0x2c ./Drivers/STM32H7xx_HAL_Driver/stm32h7xx_hal_rcc.o
                0x080024a4                HAL_RCC_GetPCLK1Freq
 .text.HAL_RCCEx_PeriphCLKConfig
                0x080024d0     0x1414 ./Drivers/STM32H7xx_HAL_Driver/stm32h7xx_hal_rcc_ex.o
                0x080024d0                HAL_RCCEx_PeriphCLKConfig
 .text.HAL_RCCEx_GetPeriphCLKFreq
                0x080038e4      0xb00 ./Drivers/STM32H7xx_HAL_Driver/stm32h7xx_hal_rcc_ex.o
                0x080038e4                HAL_RCCEx_GetPeriphCLKFreq
 .text.HAL_RCCEx_GetD3PCLK1Freq
                0x080043e4       0x2c ./Drivers/STM32H7xx_HAL_Driver/stm32h7xx_hal_rcc_ex.o
                0x080043e4                HAL_RCCEx_GetD3PCLK1Freq
 .text.HAL_RCCEx_GetPLL2ClockFreq
                0x08004410      0x2a8 ./Drivers/STM32H7xx_HAL_Driver/stm32h7xx_hal_rcc_ex.o
                0x08004410                HAL_RCCEx_GetPLL2ClockFreq
 .text.HAL_RCCEx_GetPLL3ClockFreq
                0x080046b8      0x2a8 ./Drivers/STM32H7xx_HAL_Driver/stm32h7xx_hal_rcc_ex.o
                0x080046b8                HAL_RCCEx_GetPLL3ClockFreq
 .text.HAL_RCCEx_GetPLL1ClockFreq
                0x08004960      0x2a4 ./Drivers/STM32H7xx_HAL_Driver/stm32h7xx_hal_rcc_ex.o
                0x08004960                HAL_RCCEx_GetPLL1ClockFreq
 .text.RCCEx_PLL2_Config
                0x08004c04      0x164 ./Drivers/STM32H7xx_HAL_Driver/stm32h7xx_hal_rcc_ex.o
 .text.RCCEx_PLL3_Config
                0x08004d68      0x164 ./Drivers/STM32H7xx_HAL_Driver/stm32h7xx_hal_rcc_ex.o
 .text.HAL_SD_Init
                0x08004ecc      0x106 ./Drivers/STM32H7xx_HAL_Driver/stm32h7xx_hal_sd.o
                0x08004ecc                HAL_SD_Init
 *fill*         0x08004fd2        0x2 
 .text.HAL_SD_InitCard
                0x08004fd4      0x15c ./Drivers/STM32H7xx_HAL_Driver/stm32h7xx_hal_sd.o
                0x08004fd4                HAL_SD_InitCard
 .text.HAL_SD_ReadBlocks_DMA
                0x08005130      0x150 ./Drivers/STM32H7xx_HAL_Driver/stm32h7xx_hal_sd.o
                0x08005130                HAL_SD_ReadBlocks_DMA
 .text.HAL_SD_WriteBlocks_DMA
                0x08005280      0x150 ./Drivers/STM32H7xx_HAL_Driver/stm32h7xx_hal_sd.o
                0x08005280                HAL_SD_WriteBlocks_DMA
 .text.HAL_SD_IRQHandler
                0x080053d0      0x370 ./Drivers/STM32H7xx_HAL_Driver/stm32h7xx_hal_sd.o
                0x080053d0                HAL_SD_IRQHandler
 .text.HAL_SD_ErrorCallback
                0x08005740       0x14 ./Drivers/STM32H7xx_HAL_Driver/stm32h7xx_hal_sd.o
                0x08005740                HAL_SD_ErrorCallback
 .text.HAL_SD_GetCardCSD
                0x08005754      0x348 ./Drivers/STM32H7xx_HAL_Driver/stm32h7xx_hal_sd.o
                0x08005754                HAL_SD_GetCardCSD
 .text.HAL_SD_GetCardStatus
                0x08005a9c      0x17c ./Drivers/STM32H7xx_HAL_Driver/stm32h7xx_hal_sd.o
                0x08005a9c                HAL_SD_GetCardStatus
 .text.HAL_SD_GetCardInfo
                0x08005c18       0x58 ./Drivers/STM32H7xx_HAL_Driver/stm32h7xx_hal_sd.o
                0x08005c18                HAL_SD_GetCardInfo
 .text.HAL_SD_ConfigWideBusOperation
                0x08005c70      0x224 ./Drivers/STM32H7xx_HAL_Driver/stm32h7xx_hal_sd.o
                0x08005c70                HAL_SD_ConfigWideBusOperation
 .text.HAL_SD_GetCardState
                0x08005e94       0x40 ./Drivers/STM32H7xx_HAL_Driver/stm32h7xx_hal_sd.o
                0x08005e94                HAL_SD_GetCardState
 .text.SD_InitCard
                0x08005ed4      0x19c ./Drivers/STM32H7xx_HAL_Driver/stm32h7xx_hal_sd.o
 .text.SD_PowerON
                0x08006070      0x11c ./Drivers/STM32H7xx_HAL_Driver/stm32h7xx_hal_sd.o
 .text.SD_SendSDStatus
                0x0800618c      0x1a0 ./Drivers/STM32H7xx_HAL_Driver/stm32h7xx_hal_sd.o
 .text.SD_SendStatus
                0x0800632c       0x50 ./Drivers/STM32H7xx_HAL_Driver/stm32h7xx_hal_sd.o
 .text.SD_WideBus_Enable
                0x0800637c       0x96 ./Drivers/STM32H7xx_HAL_Driver/stm32h7xx_hal_sd.o
 .text.SD_WideBus_Disable
                0x08006412       0x96 ./Drivers/STM32H7xx_HAL_Driver/stm32h7xx_hal_sd.o
 .text.SD_FindSCR
                0x080064a8      0x1a0 ./Drivers/STM32H7xx_HAL_Driver/stm32h7xx_hal_sd.o
 .text.SD_Read_IT
                0x08006648       0x8c ./Drivers/STM32H7xx_HAL_Driver/stm32h7xx_hal_sd.o
 .text.SD_Write_IT
                0x080066d4       0x94 ./Drivers/STM32H7xx_HAL_Driver/stm32h7xx_hal_sd.o
 .text.HAL_SDEx_Read_DMADoubleBuf0CpltCallback
                0x08006768       0x14 ./Drivers/STM32H7xx_HAL_Driver/stm32h7xx_hal_sd.o
                0x08006768                HAL_SDEx_Read_DMADoubleBuf0CpltCallback
 .text.HAL_SDEx_Read_DMADoubleBuf1CpltCallback
                0x0800677c       0x14 ./Drivers/STM32H7xx_HAL_Driver/stm32h7xx_hal_sd.o
                0x0800677c                HAL_SDEx_Read_DMADoubleBuf1CpltCallback
 .text.HAL_SDEx_Write_DMADoubleBuf0CpltCallback
                0x08006790       0x14 ./Drivers/STM32H7xx_HAL_Driver/stm32h7xx_hal_sd.o
                0x08006790                HAL_SDEx_Write_DMADoubleBuf0CpltCallback
 .text.HAL_SDEx_Write_DMADoubleBuf1CpltCallback
                0x080067a4       0x14 ./Drivers/STM32H7xx_HAL_Driver/stm32h7xx_hal_sd.o
                0x080067a4                HAL_SDEx_Write_DMADoubleBuf1CpltCallback
 .text.SDMMC_Init
                0x080067b8       0x54 ./Drivers/STM32H7xx_HAL_Driver/stm32h7xx_ll_sdmmc.o
                0x080067b8                SDMMC_Init
 .text.SDMMC_ReadFIFO
                0x0800680c       0x1a ./Drivers/STM32H7xx_HAL_Driver/stm32h7xx_ll_sdmmc.o
                0x0800680c                SDMMC_ReadFIFO
 .text.SDMMC_WriteFIFO
                0x08006826       0x22 ./Drivers/STM32H7xx_HAL_Driver/stm32h7xx_ll_sdmmc.o
                0x08006826                SDMMC_WriteFIFO
 .text.SDMMC_PowerState_ON
                0x08006848       0x22 ./Drivers/STM32H7xx_HAL_Driver/stm32h7xx_ll_sdmmc.o
                0x08006848                SDMMC_PowerState_ON
 .text.SDMMC_GetPowerState
                0x0800686a       0x1c ./Drivers/STM32H7xx_HAL_Driver/stm32h7xx_ll_sdmmc.o
                0x0800686a                SDMMC_GetPowerState
 *fill*         0x08006886        0x2 
 .text.SDMMC_SendCommand
                0x08006888       0x54 ./Drivers/STM32H7xx_HAL_Driver/stm32h7xx_ll_sdmmc.o
                0x08006888                SDMMC_SendCommand
 .text.SDMMC_GetCommandResponse
                0x080068dc       0x1a ./Drivers/STM32H7xx_HAL_Driver/stm32h7xx_ll_sdmmc.o
                0x080068dc                SDMMC_GetCommandResponse
 .text.SDMMC_GetResponse
                0x080068f6       0x26 ./Drivers/STM32H7xx_HAL_Driver/stm32h7xx_ll_sdmmc.o
                0x080068f6                SDMMC_GetResponse
 .text.SDMMC_ConfigData
                0x0800691c       0x58 ./Drivers/STM32H7xx_HAL_Driver/stm32h7xx_ll_sdmmc.o
                0x0800691c                SDMMC_ConfigData
 .text.SDMMC_CmdBlockLength
                0x08006974       0x46 ./Drivers/STM32H7xx_HAL_Driver/stm32h7xx_ll_sdmmc.o
                0x08006974                SDMMC_CmdBlockLength
 .text.SDMMC_CmdReadSingleBlock
                0x080069ba       0x46 ./Drivers/STM32H7xx_HAL_Driver/stm32h7xx_ll_sdmmc.o
                0x080069ba                SDMMC_CmdReadSingleBlock
 .text.SDMMC_CmdReadMultiBlock
                0x08006a00       0x46 ./Drivers/STM32H7xx_HAL_Driver/stm32h7xx_ll_sdmmc.o
                0x08006a00                SDMMC_CmdReadMultiBlock
 .text.SDMMC_CmdWriteSingleBlock
                0x08006a46       0x46 ./Drivers/STM32H7xx_HAL_Driver/stm32h7xx_ll_sdmmc.o
                0x08006a46                SDMMC_CmdWriteSingleBlock
 .text.SDMMC_CmdWriteMultiBlock
                0x08006a8c       0x46 ./Drivers/STM32H7xx_HAL_Driver/stm32h7xx_ll_sdmmc.o
                0x08006a8c                SDMMC_CmdWriteMultiBlock
 *fill*         0x08006ad2        0x2 
 .text.SDMMC_CmdStopTransfer
                0x08006ad4       0x78 ./Drivers/STM32H7xx_HAL_Driver/stm32h7xx_ll_sdmmc.o
                0x08006ad4                SDMMC_CmdStopTransfer
 .text.SDMMC_CmdSelDesel
                0x08006b4c       0x46 ./Drivers/STM32H7xx_HAL_Driver/stm32h7xx_ll_sdmmc.o
                0x08006b4c                SDMMC_CmdSelDesel
 .text.SDMMC_CmdGoIdleState
                0x08006b92       0x3c ./Drivers/STM32H7xx_HAL_Driver/stm32h7xx_ll_sdmmc.o
                0x08006b92                SDMMC_CmdGoIdleState
 .text.SDMMC_CmdOperCond
                0x08006bce       0x40 ./Drivers/STM32H7xx_HAL_Driver/stm32h7xx_ll_sdmmc.o
                0x08006bce                SDMMC_CmdOperCond
 .text.SDMMC_CmdAppCommand
                0x08006c0e       0x46 ./Drivers/STM32H7xx_HAL_Driver/stm32h7xx_ll_sdmmc.o
                0x08006c0e                SDMMC_CmdAppCommand
 .text.SDMMC_CmdAppOperCommand
                0x08006c54       0x40 ./Drivers/STM32H7xx_HAL_Driver/stm32h7xx_ll_sdmmc.o
                0x08006c54                SDMMC_CmdAppOperCommand
 .text.SDMMC_CmdBusWidth
                0x08006c94       0x46 ./Drivers/STM32H7xx_HAL_Driver/stm32h7xx_ll_sdmmc.o
                0x08006c94                SDMMC_CmdBusWidth
 .text.SDMMC_CmdSendSCR
                0x08006cda       0x44 ./Drivers/STM32H7xx_HAL_Driver/stm32h7xx_ll_sdmmc.o
                0x08006cda                SDMMC_CmdSendSCR
 .text.SDMMC_CmdSendCID
                0x08006d1e       0x3e ./Drivers/STM32H7xx_HAL_Driver/stm32h7xx_ll_sdmmc.o
                0x08006d1e                SDMMC_CmdSendCID
 .text.SDMMC_CmdSendCSD
                0x08006d5c       0x40 ./Drivers/STM32H7xx_HAL_Driver/stm32h7xx_ll_sdmmc.o
                0x08006d5c                SDMMC_CmdSendCSD
 .text.SDMMC_CmdSetRelAdd
                0x08006d9c       0x44 ./Drivers/STM32H7xx_HAL_Driver/stm32h7xx_ll_sdmmc.o
                0x08006d9c                SDMMC_CmdSetRelAdd
 .text.SDMMC_CmdSendStatus
                0x08006de0       0x46 ./Drivers/STM32H7xx_HAL_Driver/stm32h7xx_ll_sdmmc.o
                0x08006de0                SDMMC_CmdSendStatus
 .text.SDMMC_CmdStatusRegister
                0x08006e26       0x44 ./Drivers/STM32H7xx_HAL_Driver/stm32h7xx_ll_sdmmc.o
                0x08006e26                SDMMC_CmdStatusRegister
 *fill*         0x08006e6a        0x2 
 .text.SDMMC_GetCmdResp1
                0x08006e6c      0x1e4 ./Drivers/STM32H7xx_HAL_Driver/stm32h7xx_ll_sdmmc.o
                0x08006e6c                SDMMC_GetCmdResp1
 .text.SDMMC_GetCmdResp2
                0x08007050       0x94 ./Drivers/STM32H7xx_HAL_Driver/stm32h7xx_ll_sdmmc.o
                0x08007050                SDMMC_GetCmdResp2
 .text.SDMMC_GetCmdResp3
                0x080070e4       0x80 ./Drivers/STM32H7xx_HAL_Driver/stm32h7xx_ll_sdmmc.o
                0x080070e4                SDMMC_GetCmdResp3
 .text.SDMMC_GetCmdResp6
                0x08007164       0xf0 ./Drivers/STM32H7xx_HAL_Driver/stm32h7xx_ll_sdmmc.o
                0x08007164                SDMMC_GetCmdResp6
 .text.SDMMC_GetCmdResp7
                0x08007254       0x9c ./Drivers/STM32H7xx_HAL_Driver/stm32h7xx_ll_sdmmc.o
                0x08007254                SDMMC_GetCmdResp7
 .text.SDMMC_GetCmdError
                0x080072f0       0x5c ./Drivers/STM32H7xx_HAL_Driver/stm32h7xx_ll_sdmmc.o
 .text.MX_FATFS_Init
                0x0800734c       0x24 ./FATFS/App/fatfs.o
                0x0800734c                MX_FATFS_Init
 .text.get_fattime
                0x08007370       0x10 ./FATFS/App/fatfs.o
                0x08007370                get_fattime
 .text.BSP_SD_Init
                0x08007380       0x4c ./FATFS/Target/bsp_driver_sd.o
                0x08007380                BSP_SD_Init
 .text.BSP_SD_ReadBlocks_DMA
                0x080073cc       0x34 ./FATFS/Target/bsp_driver_sd.o
                0x080073cc                BSP_SD_ReadBlocks_DMA
 .text.BSP_SD_WriteBlocks_DMA
                0x08007400       0x34 ./FATFS/Target/bsp_driver_sd.o
                0x08007400                BSP_SD_WriteBlocks_DMA
 .text.BSP_SD_GetCardState
                0x08007434       0x20 ./FATFS/Target/bsp_driver_sd.o
                0x08007434                BSP_SD_GetCardState
 .text.BSP_SD_GetCardInfo
                0x08007454       0x1c ./FATFS/Target/bsp_driver_sd.o
                0x08007454                BSP_SD_GetCardInfo
 .text.HAL_SD_TxCpltCallback
                0x08007470       0x14 ./FATFS/Target/bsp_driver_sd.o
                0x08007470                HAL_SD_TxCpltCallback
 .text.HAL_SD_RxCpltCallback
                0x08007484       0x14 ./FATFS/Target/bsp_driver_sd.o
                0x08007484                HAL_SD_RxCpltCallback
 .text.BSP_SD_IsDetected
                0x08007498       0x1a ./FATFS/Target/bsp_driver_sd.o
                0x08007498                BSP_SD_IsDetected
 .text.SD_CheckStatusWithTimeout
                0x080074b2       0x3a ./FATFS/Target/sd_diskio.o
 .text.SD_CheckStatus
                0x080074ec       0x3c ./FATFS/Target/sd_diskio.o
 .text.SD_initialize
                0x08007528       0x38 ./FATFS/Target/sd_diskio.o
                0x08007528                SD_initialize
 .text.SD_status
                0x08007560       0x1c ./FATFS/Target/sd_diskio.o
                0x08007560                SD_status
 .text.SD_read  0x0800757c       0xac ./FATFS/Target/sd_diskio.o
                0x0800757c                SD_read
 .text.SD_write
                0x08007628       0xac ./FATFS/Target/sd_diskio.o
                0x08007628                SD_write
 .text.SD_ioctl
                0x080076d4       0xb0 ./FATFS/Target/sd_diskio.o
                0x080076d4                SD_ioctl
 .text.BSP_SD_WriteCpltCallback
                0x08007784       0x18 ./FATFS/Target/sd_diskio.o
                0x08007784                BSP_SD_WriteCpltCallback
 .text.BSP_SD_ReadCpltCallback
                0x0800779c       0x18 ./FATFS/Target/sd_diskio.o
                0x0800779c                BSP_SD_ReadCpltCallback
 .text.disk_status
                0x080077b4       0x34 ./Middlewares/Third_Party/FatFs/diskio.o
                0x080077b4                disk_status
 .text.disk_initialize
                0x080077e8       0x50 ./Middlewares/Third_Party/FatFs/diskio.o
                0x080077e8                disk_initialize
 .text.disk_read
                0x08007838       0x40 ./Middlewares/Third_Party/FatFs/diskio.o
                0x08007838                disk_read
 .text.disk_write
                0x08007878       0x40 ./Middlewares/Third_Party/FatFs/diskio.o
                0x08007878                disk_write
 .text.disk_ioctl
                0x080078b8       0x3c ./Middlewares/Third_Party/FatFs/diskio.o
                0x080078b8                disk_ioctl
 .text.ld_word  0x080078f4       0x32 ./Middlewares/Third_Party/FatFs/ff.o
 .text.ld_dword
                0x08007926       0x46 ./Middlewares/Third_Party/FatFs/ff.o
 .text.st_word  0x0800796c       0x36 ./Middlewares/Third_Party/FatFs/ff.o
 .text.st_dword
                0x080079a2       0x58 ./Middlewares/Third_Party/FatFs/ff.o
 .text.mem_cpy  0x080079fa       0x42 ./Middlewares/Third_Party/FatFs/ff.o
 .text.mem_set  0x08007a3c       0x36 ./Middlewares/Third_Party/FatFs/ff.o
 .text.mem_cmp  0x08007a72       0x4e ./Middlewares/Third_Party/FatFs/ff.o
 .text.chk_chr  0x08007ac0       0x36 ./Middlewares/Third_Party/FatFs/ff.o
 *fill*         0x08007af6        0x2 
 .text.chk_lock
                0x08007af8       0xb8 ./Middlewares/Third_Party/FatFs/ff.o
 .text.enq_lock
                0x08007bb0       0x44 ./Middlewares/Third_Party/FatFs/ff.o
 .text.inc_lock
                0x08007bf4      0x11c ./Middlewares/Third_Party/FatFs/ff.o
 .text.dec_lock
                0x08007d10       0x78 ./Middlewares/Third_Party/FatFs/ff.o
 .text.clear_lock
                0x08007d88       0x48 ./Middlewares/Third_Party/FatFs/ff.o
 .text.sync_window
                0x08007dd0       0x88 ./Middlewares/Third_Party/FatFs/ff.o
 .text.move_window
                0x08007e58       0x5a ./Middlewares/Third_Party/FatFs/ff.o
 *fill*         0x08007eb2        0x2 
 .text.sync_fs  0x08007eb4       0xdc ./Middlewares/Third_Party/FatFs/ff.o
 .text.clust2sect
                0x08007f90       0x3e ./Middlewares/Third_Party/FatFs/ff.o
 .text.get_fat  0x08007fce      0x14e ./Middlewares/Third_Party/FatFs/ff.o
 .text.put_fat  0x0800811c      0x1d4 ./Middlewares/Third_Party/FatFs/ff.o
 .text.remove_chain
                0x080082f0       0xca ./Middlewares/Third_Party/FatFs/ff.o
 .text.create_chain
                0x080083ba      0x130 ./Middlewares/Third_Party/FatFs/ff.o
 .text.clmt_clust
                0x080084ea       0x68 ./Middlewares/Third_Party/FatFs/ff.o
 .text.dir_sdi  0x08008552       0xf6 ./Middlewares/Third_Party/FatFs/ff.o
 .text.dir_next
                0x08008648      0x18a ./Middlewares/Third_Party/FatFs/ff.o
 .text.dir_alloc
                0x080087d2       0x8e ./Middlewares/Third_Party/FatFs/ff.o
 .text.ld_clust
                0x08008860       0x3e ./Middlewares/Third_Party/FatFs/ff.o
 .text.st_clust
                0x0800889e       0x40 ./Middlewares/Third_Party/FatFs/ff.o
 .text.dir_find
                0x080088de       0xaa ./Middlewares/Third_Party/FatFs/ff.o
 .text.dir_register
                0x08008988       0x64 ./Middlewares/Third_Party/FatFs/ff.o
 .text.create_name
                0x080089ec      0x128 ./Middlewares/Third_Party/FatFs/ff.o
 .text.follow_path
                0x08008b14       0xe2 ./Middlewares/Third_Party/FatFs/ff.o
 .text.get_ldnumber
                0x08008bf6       0x88 ./Middlewares/Third_Party/FatFs/ff.o
 *fill*         0x08008c7e        0x2 
 .text.check_fs
                0x08008c80       0xac ./Middlewares/Third_Party/FatFs/ff.o
 .text.find_volume
                0x08008d2c      0x498 ./Middlewares/Third_Party/FatFs/ff.o
 .text.validate
                0x080091c4       0x6a ./Middlewares/Third_Party/FatFs/ff.o
 *fill*         0x0800922e        0x2 
 .text.f_mount  0x08009230       0x8c ./Middlewares/Third_Party/FatFs/ff.o
                0x08009230                f_mount
 .text.f_open   0x080092bc      0x374 ./Middlewares/Third_Party/FatFs/ff.o
                0x080092bc                f_open
 .text.f_read   0x08009630      0x27e ./Middlewares/Third_Party/FatFs/ff.o
                0x08009630                f_read
 .text.f_write  0x080098ae      0x2ea ./Middlewares/Third_Party/FatFs/ff.o
                0x080098ae                f_write
 .text.f_sync   0x08009b98       0xfc ./Middlewares/Third_Party/FatFs/ff.o
                0x08009b98                f_sync
 .text.f_close  0x08009c94       0x54 ./Middlewares/Third_Party/FatFs/ff.o
                0x08009c94                f_close
 .text.FATFS_LinkDriverEx
                0x08009ce8       0x98 ./Middlewares/Third_Party/FatFs/ff_gen_drv.o
                0x08009ce8                FATFS_LinkDriverEx
 .text.FATFS_LinkDriver
                0x08009d80       0x1e ./Middlewares/Third_Party/FatFs/ff_gen_drv.o
                0x08009d80                FATFS_LinkDriver
 .text.memset   0x08009d9e       0x10 C:/ST/STM32CubeIDE_2.1.1/STM32CubeIDE/plugins/com.st.stm32cube.ide.mcu.externaltools.gnu-tools-for-stm32.14.3.rel1.win32_1.0.100.202602081740/tools/bin/../lib/gcc/arm-none-eabi/14.3.1/../../../../arm-none-eabi/lib/thumb/v7e-m+dp/hard\libc_nano.a(libc_a-memset.o)
                0x08009d9e                memset
 *fill*         0x08009dae        0x2 
 .text.__libc_init_array
                0x08009db0       0x48 C:/ST/STM32CubeIDE_2.1.1/STM32CubeIDE/plugins/com.st.stm32cube.ide.mcu.externaltools.gnu-tools-for-stm32.14.3.rel1.win32_1.0.100.202602081740/tools/bin/../lib/gcc/arm-none-eabi/14.3.1/../../../../arm-none-eabi/lib/thumb/v7e-m+dp/hard\libc_nano.a(libc_a-init.o)
                0x08009db0                __libc_init_array
 *(.glue_7)
 .glue_7        0x08009df8        0x0 linker stubs
 *(.glue_7t)
 .glue_7t       0x08009df8        0x0 linker stubs
 *(.eh_frame)
 .eh_frame      0x08009df8        0x0 C:/ST/STM32CubeIDE_2.1.1/STM32CubeIDE/plugins/com.st.stm32cube.ide.mcu.externaltools.gnu-tools-for-stm32.14.3.rel1.win32_1.0.100.202602081740/tools/bin/../lib/gcc/arm-none-eabi/14.3.1/thumb/v7e-m+dp/hard/crtbegin.o
 *(.init)
 .init          0x08009df8        0x4 C:/ST/STM32CubeIDE_2.1.1/STM32CubeIDE/plugins/com.st.stm32cube.ide.mcu.externaltools.gnu-tools-for-stm32.14.3.rel1.win32_1.0.100.202602081740/tools/bin/../lib/gcc/arm-none-eabi/14.3.1/thumb/v7e-m+dp/hard/crti.o
                0x08009df8                _init
 .init          0x08009dfc        0x8 C:/ST/STM32CubeIDE_2.1.1/STM32CubeIDE/plugins/com.st.stm32cube.ide.mcu.externaltools.gnu-tools-for-stm32.14.3.rel1.win32_1.0.100.202602081740/tools/bin/../lib/gcc/arm-none-eabi/14.3.1/thumb/v7e-m+dp/hard/crtn.o
 *(.fini)
 .fini          0x08009e04        0x4 C:/ST/STM32CubeIDE_2.1.1/STM32CubeIDE/plugins/com.st.stm32cube.ide.mcu.externaltools.gnu-tools-for-stm32.14.3.rel1.win32_1.0.100.202602081740/tools/bin/../lib/gcc/arm-none-eabi/14.3.1/thumb/v7e-m+dp/hard/crti.o
                0x08009e04                _fini
 .fini          0x08009e08        0x8 C:/ST/STM32CubeIDE_2.1.1/STM32CubeIDE/plugins/com.st.stm32cube.ide.mcu.externaltools.gnu-tools-for-stm32.14.3.rel1.win32_1.0.100.202602081740/tools/bin/../lib/gcc/arm-none-eabi/14.3.1/thumb/v7e-m+dp/hard/crtn.o
                0x08009e10                        . = ALIGN (0x4)
                0x08009e10                        _etext = .

.vfp11_veneer   0x08009e10        0x0
 .vfp11_veneer  0x08009e10        0x0 linker stubs

.v4_bx          0x08009e10        0x0
 .v4_bx         0x08009e10        0x0 linker stubs

.iplt           0x08009e10        0x0
 .iplt          0x08009e10        0x0 C:/ST/STM32CubeIDE_2.1.1/STM32CubeIDE/plugins/com.st.stm32cube.ide.mcu.externaltools.gnu-tools-for-stm32.14.3.rel1.win32_1.0.100.202602081740/tools/bin/../lib/gcc/arm-none-eabi/14.3.1/thumb/v7e-m+dp/hard/crtbegin.o

.rodata         0x08009e10       0xf4
                0x08009e10                        . = ALIGN (0x4)
 *(.rodata)
 *(.rodata*)
 .rodata.D1CorePrescTable
                0x08009e10       0x10 ./Common/Src/system_stm32h7xx_dualcore_boot_cm4_cm7.o
                0x08009e10                D1CorePrescTable
 .rodata.FS_FileOperations.str1.4
                0x08009e20       0x4f ./Core/Src/main.o
                                 0x3f (size before relaxing)
 *fill*         0x08009e6f        0x1 
 .rodata.SD_Driver
                0x08009e70       0x14 ./FATFS/Target/sd_diskio.o
                0x08009e70                SD_Driver
 .rodata.ExCvt  0x08009e84       0x80 ./Middlewares/Third_Party/FatFs/ff.o
 .rodata.create_name.str1.4
                0x08009f04        0xf ./Middlewares/Third_Party/FatFs/ff.o
                0x08009f14                        . = ALIGN (0x4)

.ARM.extab      0x08009f04        0x0
                0x08009f04                        . = ALIGN (0x4)
 *(.ARM.extab* .gnu.linkonce.armextab.*)
                0x08009f04                        . = ALIGN (0x4)

.ARM            0x08009f04        0x0
                0x08009f04                        . = ALIGN (0x4)
                0x08009f04                        __exidx_start = .
 *(.ARM.exidx*)
                0x08009f04                        __exidx_end = .
                0x08009f04                        . = ALIGN (0x4)

.preinit_array  0x08009f04        0x0
                0x08009f04                        . = ALIGN (0x4)
                0x08009f04                        PROVIDE (__preinit_array_start = .)
 *(.preinit_array*)
                0x08009f04                        PROVIDE (__preinit_array_end = .)
                0x08009f04                        . = ALIGN (0x4)

.init_array     0x08009f04        0x4
                0x08009f04                        . = ALIGN (0x4)
                0x08009f04                        PROVIDE (__init_array_start = .)
 *(SORT_BY_NAME(.init_array.*))
 *(.init_array*)
 .init_array    0x08009f04        0x4 C:/ST/STM32CubeIDE_2.1.1/STM32CubeIDE/plugins/com.st.stm32cube.ide.mcu.externaltools.gnu-tools-for-stm32.14.3.rel1.win32_1.0.100.202602081740/tools/bin/../lib/gcc/arm-none-eabi/14.3.1/thumb/v7e-m+dp/hard/crtbegin.o
                0x08009f08                        PROVIDE (__init_array_end = .)
                0x08009f08                        . = ALIGN (0x4)

.fini_array     0x08009f08        0x4
                0x08009f08                        . = ALIGN (0x4)
                [!provide]                        PROVIDE (__fini_array_start = .)
 *(SORT_BY_NAME(.fini_array.*))
 *(.fini_array*)
 .fini_array    0x08009f08        0x4 C:/ST/STM32CubeIDE_2.1.1/STM32CubeIDE/plugins/com.st.stm32cube.ide.mcu.externaltools.gnu-tools-for-stm32.14.3.rel1.win32_1.0.100.202602081740/tools/bin/../lib/gcc/arm-none-eabi/14.3.1/thumb/v7e-m+dp/hard/crtbegin.o
                [!provide]                        PROVIDE (__fini_array_end = .)
                0x08009f0c                        . = ALIGN (0x4)
                0x08009f0c                        _sidata = LOADADDR (.data)

.rel.dyn        0x08009f0c        0x0
 .rel.iplt      0x08009f0c        0x0 C:/ST/STM32CubeIDE_2.1.1/STM32CubeIDE/plugins/com.st.stm32cube.ide.mcu.externaltools.gnu-tools-for-stm32.14.3.rel1.win32_1.0.100.202602081740/tools/bin/../lib/gcc/arm-none-eabi/14.3.1/thumb/v7e-m+dp/hard/crtbegin.o

.data           0x24000000       0x10 load address 0x08009f0c
                0x24000000                        . = ALIGN (0x4)
                0x24000000                        _sdata = .
 *(.data)
 *(.data*)
 .data.SystemCoreClock
                0x24000000        0x4 ./Common/Src/system_stm32h7xx_dualcore_boot_cm4_cm7.o
                0x24000000                SystemCoreClock
 .data.SystemD2Clock
                0x24000004        0x4 ./Common/Src/system_stm32h7xx_dualcore_boot_cm4_cm7.o
                0x24000004                SystemD2Clock
 .data.uwTickPrio
                0x24000008        0x4 ./Drivers/STM32H7xx_HAL_Driver/stm32h7xx_hal.o
                0x24000008                uwTickPrio
 .data.uwTickFreq
                0x2400000c        0x1 ./Drivers/STM32H7xx_HAL_Driver/stm32h7xx_hal.o
                0x2400000c                uwTickFreq
 .data.Stat     0x2400000d        0x1 ./FATFS/Target/sd_diskio.o
 *(.RamFunc)
 *(.RamFunc*)
                0x24000010                        . = ALIGN (0x4)
 *fill*         0x2400000e        0x2 
                0x24000010                        _edata = .

.igot.plt       0x24000010        0x0 load address 0x08009f1c
 .igot.plt      0x24000010        0x0 C:/ST/STM32CubeIDE_2.1.1/STM32CubeIDE/plugins/com.st.stm32cube.ide.mcu.externaltools.gnu-tools-for-stm32.14.3.rel1.win32_1.0.100.202602081740/tools/bin/../lib/gcc/arm-none-eabi/14.3.1/thumb/v7e-m+dp/hard/crtbegin.o
                0x24000010                        . = ALIGN (0x4)

.bss            0x24000020      0x584 load address 0x08009f1c
                0x24000020                        _sbss = .
                0x24000020                        __bss_start__ = _sbss
 *(.bss)
 .bss           0x24000020       0x1c C:/ST/STM32CubeIDE_2.1.1/STM32CubeIDE/plugins/com.st.stm32cube.ide.mcu.externaltools.gnu-tools-for-stm32.14.3.rel1.win32_1.0.100.202602081740/tools/bin/../lib/gcc/arm-none-eabi/14.3.1/thumb/v7e-m+dp/hard/crtbegin.o
 *(.bss*)
 *fill*         0x2400003c        0x4 
 .bss.rtext     0x24000040       0x40 ./Core/Src/main.o
                0x24000040                rtext
 .bss.hsd2      0x24000080       0x7c ./Core/Src/sdmmc.o
                0x24000080                hsd2
 .bss.uwTick    0x240000fc        0x4 ./Drivers/STM32H7xx_HAL_Driver/stm32h7xx_hal.o
                0x240000fc                uwTick
 .bss.retSD     0x24000100        0x1 ./FATFS/App/fatfs.o
                0x24000100                retSD
 *fill*         0x24000101        0x3 
 .bss.SDPath    0x24000104        0x4 ./FATFS/App/fatfs.o
                0x24000104                SDPath
 .bss.SDFatFS   0x24000108      0x230 ./FATFS/App/fatfs.o
                0x24000108                SDFatFS
 .bss.SDFile    0x24000338      0x230 ./FATFS/App/fatfs.o
                0x24000338                SDFile
 .bss.WriteStatus
                0x24000568        0x4 ./FATFS/Target/sd_diskio.o
 .bss.ReadStatus
                0x2400056c        0x4 ./FATFS/Target/sd_diskio.o
 .bss.FatFs     0x24000570        0x4 ./Middlewares/Third_Party/FatFs/ff.o
 .bss.Fsid      0x24000574        0x2 ./Middlewares/Third_Party/FatFs/ff.o
 *fill*         0x24000576        0x2 
 .bss.Files     0x24000578       0x20 ./Middlewares/Third_Party/FatFs/ff.o
 .bss.disk      0x24000598        0xc ./Middlewares/Third_Party/FatFs/ff_gen_drv.o
                0x24000598                disk
 *(COMMON)
                0x240005a4                        . = ALIGN (0x4)
                0x240005a4                        _ebss = .
                0x240005a4                        __bss_end__ = _ebss

._user_heap_stack
                0x240005a4      0xb04 load address 0x08009f1c
                0x240005a8                        . = ALIGN (0x8)
 *fill*         0x240005a4        0x4 
                [!provide]                        PROVIDE (end = .)
                0x240005a8                        PROVIDE (_end = .)
                0x240009a8                        . = (. + _Min_Heap_Size)
 *fill*         0x240005a8      0x400 
                0x240010a8                        . = (. + _Min_Stack_Size)
 *fill*         0x240009a8      0x700 
                0x240010a8                        . = ALIGN (0x8)

/DISCARD/
 libc.a(*)
 libm.a(*)
 libgcc.a(*)

.ARM.attributes
                0x00000000       0x2e
 *(.ARM.attributes)
 .ARM.attributes
                0x00000000       0x20 C:/ST/STM32CubeIDE_2.1.1/STM32CubeIDE/plugins/com.st.stm32cube.ide.mcu.externaltools.gnu-tools-for-stm32.14.3.rel1.win32_1.0.100.202602081740/tools/bin/../lib/gcc/arm-none-eabi/14.3.1/thumb/v7e-m+dp/hard/crti.o
 .ARM.attributes
                0x00000020       0x32 C:/ST/STM32CubeIDE_2.1.1/STM32CubeIDE/plugins/com.st.stm32cube.ide.mcu.externaltools.gnu-tools-for-stm32.14.3.rel1.win32_1.0.100.202602081740/tools/bin/../lib/gcc/arm-none-eabi/14.3.1/thumb/v7e-m+dp/hard/crtbegin.o
 .ARM.attributes
                0x00000052       0x32 ./Common/Src/system_stm32h7xx_dualcore_boot_cm4_cm7.o
 .ARM.attributes
                0x00000084       0x32 ./Core/Src/gpio.o
 .ARM.attributes
                0x000000b6       0x32 ./Core/Src/main.o
 .ARM.attributes
                0x000000e8       0x32 ./Core/Src/sdmmc.o
 .ARM.attributes
                0x0000011a       0x32 ./Core/Src/stm32h7xx_hal_msp.o
 .ARM.attributes
                0x0000014c       0x32 ./Core/Src/stm32h7xx_it.o
 .ARM.attributes
                0x0000017e       0x21 ./Core/Startup/startup_stm32h755zitx.o
 .ARM.attributes
                0x0000019f       0x32 ./Drivers/STM32H7xx_HAL_Driver/stm32h7xx_hal.o
 .ARM.attributes
                0x000001d1       0x32 ./Drivers/STM32H7xx_HAL_Driver/stm32h7xx_hal_cortex.o
 .ARM.attributes
                0x00000203       0x32 ./Drivers/STM32H7xx_HAL_Driver/stm32h7xx_hal_gpio.o
 .ARM.attributes
                0x00000235       0x32 ./Drivers/STM32H7xx_HAL_Driver/stm32h7xx_hal_hsem.o
 .ARM.attributes
                0x00000267       0x32 ./Drivers/STM32H7xx_HAL_Driver/stm32h7xx_hal_pwr_ex.o
 .ARM.attributes
                0x00000299       0x32 ./Drivers/STM32H7xx_HAL_Driver/stm32h7xx_hal_rcc.o
 .ARM.attributes
                0x000002cb       0x32 ./Drivers/STM32H7xx_HAL_Driver/stm32h7xx_hal_rcc_ex.o
 .ARM.attributes
                0x000002fd       0x32 ./Drivers/STM32H7xx_HAL_Driver/stm32h7xx_hal_sd.o
 .ARM.attributes
                0x0000032f       0x32 ./Drivers/STM32H7xx_HAL_Driver/stm32h7xx_ll_sdmmc.o
 .ARM.attributes
                0x00000361       0x32 ./FATFS/App/fatfs.o
 .ARM.attributes
                0x00000393       0x32 ./FATFS/Target/bsp_driver_sd.o
 .ARM.attributes
                0x000003c5       0x32 ./FATFS/Target/sd_diskio.o
 .ARM.attributes
                0x000003f7       0x32 ./Middlewares/Third_Party/FatFs/diskio.o
 .ARM.attributes
                0x00000429       0x32 ./Middlewares/Third_Party/FatFs/ff.o
 .ARM.attributes
                0x0000045b       0x32 ./Middlewares/Third_Party/FatFs/ff_gen_drv.o
 .ARM.attributes
                0x0000048d       0x32 C:/ST/STM32CubeIDE_2.1.1/STM32CubeIDE/plugins/com.st.stm32cube.ide.mcu.externaltools.gnu-tools-for-stm32.14.3.rel1.win32_1.0.100.202602081740/tools/bin/../lib/gcc/arm-none-eabi/14.3.1/../../../../arm-none-eabi/lib/thumb/v7e-m+dp/hard\libc_nano.a(libc_a-memset.o)
 .ARM.attributes
                0x000004bf       0x32 C:/ST/STM32CubeIDE_2.1.1/STM32CubeIDE/plugins/com.st.stm32cube.ide.mcu.externaltools.gnu-tools-for-stm32.14.3.rel1.win32_1.0.100.202602081740/tools/bin/../lib/gcc/arm-none-eabi/14.3.1/../../../../arm-none-eabi/lib/thumb/v7e-m+dp/hard\libc_nano.a(libc_a-init.o)
 .ARM.attributes
                0x000004f1       0x20 C:/ST/STM32CubeIDE_2.1.1/STM32CubeIDE/plugins/com.st.stm32cube.ide.mcu.externaltools.gnu-tools-for-stm32.14.3.rel1.win32_1.0.100.202602081740/tools/bin/../lib/gcc/arm-none-eabi/14.3.1/thumb/v7e-m+dp/hard/crtn.o
OUTPUT(SD_FS_SDMMC-FUNC_TEST_CM7.elf elf32-littlearm)
LOAD linker stubs
LOAD C:/ST/STM32CubeIDE_2.1.1/STM32CubeIDE/plugins/com.st.stm32cube.ide.mcu.externaltools.gnu-tools-for-stm32.14.3.rel1.win32_1.0.100.202602081740/tools/bin/../lib/gcc/arm-none-eabi/14.3.1/../../../../arm-none-eabi/lib/thumb/v7e-m+dp/hard\libc.a
LOAD C:/ST/STM32CubeIDE_2.1.1/STM32CubeIDE/plugins/com.st.stm32cube.ide.mcu.externaltools.gnu-tools-for-stm32.14.3.rel1.win32_1.0.100.202602081740/tools/bin/../lib/gcc/arm-none-eabi/14.3.1/../../../../arm-none-eabi/lib/thumb/v7e-m+dp/hard\libm.a
LOAD C:/ST/STM32CubeIDE_2.1.1/STM32CubeIDE/plugins/com.st.stm32cube.ide.mcu.externaltools.gnu-tools-for-stm32.14.3.rel1.win32_1.0.100.202602081740/tools/bin/../lib/gcc/arm-none-eabi/14.3.1/thumb/v7e-m+dp/hard\libgcc.a

.debug_info     0x00000000    0x12107
 .debug_info    0x00000000      0xe82 ./Common/Src/system_stm32h7xx_dualcore_boot_cm4_cm7.o
 .debug_info    0x00000e82      0x4b3 ./Core/Src/gpio.o
 .debug_info    0x00001335     0x196a ./Core/Src/main.o
 .debug_info    0x00002c9f     0x120f ./Core/Src/sdmmc.o
 .debug_info    0x00003eae      0x464 ./Core/Src/stm32h7xx_hal_msp.o
 .debug_info    0x00004312      0x547 ./Core/Src/stm32h7xx_it.o
 .debug_info    0x00004859       0x30 ./Core/Startup/startup_stm32h755zitx.o
 .debug_info    0x00004889     0x177a ./Drivers/STM32H7xx_HAL_Driver/stm32h7xx_hal.o
 .debug_info    0x00006003     0x10e2 ./Drivers/STM32H7xx_HAL_Driver/stm32h7xx_hal_cortex.o
 .debug_info    0x000070e5      0xd06 ./Drivers/STM32H7xx_HAL_Driver/stm32h7xx_hal_gpio.o
 .debug_info    0x00007deb      0x3d3 ./Drivers/STM32H7xx_HAL_Driver/stm32h7xx_hal_hsem.o
 .debug_info    0x000081be     0x1224 ./Drivers/STM32H7xx_HAL_Driver/stm32h7xx_hal_pwr_ex.o
 .debug_info    0x000093e2      0xe71 ./Drivers/STM32H7xx_HAL_Driver/stm32h7xx_hal_rcc.o
 .debug_info    0x0000a253     0x1303 ./Drivers/STM32H7xx_HAL_Driver/stm32h7xx_hal_rcc_ex.o
 .debug_info    0x0000b556     0x1a93 ./Drivers/STM32H7xx_HAL_Driver/stm32h7xx_hal_sd.o
 .debug_info    0x0000cfe9     0x142c ./Drivers/STM32H7xx_HAL_Driver/stm32h7xx_ll_sdmmc.o
 .debug_info    0x0000e415      0x4ff ./FATFS/App/fatfs.o
 .debug_info    0x0000e914      0x8dd ./FATFS/Target/bsp_driver_sd.o
 .debug_info    0x0000f1f1      0x581 ./FATFS/Target/sd_diskio.o
 .debug_info    0x0000f772      0x3ed ./Middlewares/Third_Party/FatFs/diskio.o
 .debug_info    0x0000fb5f     0x2203 ./Middlewares/Third_Party/FatFs/ff.o
 .debug_info    0x00011d62      0x3a5 ./Middlewares/Third_Party/FatFs/ff_gen_drv.o

.debug_abbrev   0x00000000     0x2c53
 .debug_abbrev  0x00000000      0x165 ./Common/Src/system_stm32h7xx_dualcore_boot_cm4_cm7.o
 .debug_abbrev  0x00000165       0xe8 ./Core/Src/gpio.o
 .debug_abbrev  0x0000024d      0x3c6 ./Core/Src/main.o
 .debug_abbrev  0x00000613      0x20e ./Core/Src/sdmmc.o
 .debug_abbrev  0x00000821       0xdb ./Core/Src/stm32h7xx_hal_msp.o
 .debug_abbrev  0x000008fc      0x185 ./Core/Src/stm32h7xx_it.o
 .debug_abbrev  0x00000a81       0x24 ./Core/Startup/startup_stm32h755zitx.o
 .debug_abbrev  0x00000aa5      0x295 ./Drivers/STM32H7xx_HAL_Driver/stm32h7xx_hal.o
 .debug_abbrev  0x00000d3a      0x339 ./Drivers/STM32H7xx_HAL_Driver/stm32h7xx_hal_cortex.o
 .debug_abbrev  0x00001073      0x205 ./Drivers/STM32H7xx_HAL_Driver/stm32h7xx_hal_gpio.o
 .debug_abbrev  0x00001278      0x1d3 ./Drivers/STM32H7xx_HAL_Driver/stm32h7xx_hal_hsem.o
 .debug_abbrev  0x0000144b      0x2d7 ./Drivers/STM32H7xx_HAL_Driver/stm32h7xx_hal_pwr_ex.o
 .debug_abbrev  0x00001722      0x2c8 ./Drivers/STM32H7xx_HAL_Driver/stm32h7xx_hal_rcc.o
 .debug_abbrev  0x000019ea      0x269 ./Drivers/STM32H7xx_HAL_Driver/stm32h7xx_hal_rcc_ex.o
 .debug_abbrev  0x00001c53      0x26b ./Drivers/STM32H7xx_HAL_Driver/stm32h7xx_hal_sd.o
 .debug_abbrev  0x00001ebe      0x206 ./Drivers/STM32H7xx_HAL_Driver/stm32h7xx_ll_sdmmc.o
 .debug_abbrev  0x000020c4      0x160 ./FATFS/App/fatfs.o
 .debug_abbrev  0x00002224      0x24b ./FATFS/Target/bsp_driver_sd.o
 .debug_abbrev  0x0000246f      0x242 ./FATFS/Target/sd_diskio.o
 .debug_abbrev  0x000026b1      0x181 ./Middlewares/Third_Party/FatFs/diskio.o
 .debug_abbrev  0x00002832      0x282 ./Middlewares/Third_Party/FatFs/ff.o
 .debug_abbrev  0x00002ab4      0x19f ./Middlewares/Third_Party/FatFs/ff_gen_drv.o

.debug_aranges  0x00000000      0xf60
 .debug_aranges
                0x00000000       0x30 ./Common/Src/system_stm32h7xx_dualcore_boot_cm4_cm7.o
 .debug_aranges
                0x00000030       0x20 ./Core/Src/gpio.o
 .debug_aranges
                0x00000050       0x50 ./Core/Src/main.o
 .debug_aranges
                0x000000a0       0x30 ./Core/Src/sdmmc.o
 .debug_aranges
                0x000000d0       0x20 ./Core/Src/stm32h7xx_hal_msp.o
 .debug_aranges
                0x000000f0       0x68 ./Core/Src/stm32h7xx_it.o
 .debug_aranges
                0x00000158       0x28 ./Core/Startup/startup_stm32h755zitx.o
 .debug_aranges
                0x00000180      0x200 ./Drivers/STM32H7xx_HAL_Driver/stm32h7xx_hal.o
 .debug_aranges
                0x00000380      0x130 ./Drivers/STM32H7xx_HAL_Driver/stm32h7xx_hal_cortex.o
 .debug_aranges
                0x000004b0       0x58 ./Drivers/STM32H7xx_HAL_Driver/stm32h7xx_hal_gpio.o
 .debug_aranges
                0x00000508       0x70 ./Drivers/STM32H7xx_HAL_Driver/stm32h7xx_hal_hsem.o
 .debug_aranges
                0x00000578      0x170 ./Drivers/STM32H7xx_HAL_Driver/stm32h7xx_hal_pwr_ex.o
 .debug_aranges
                0x000006e8       0x88 ./Drivers/STM32H7xx_HAL_Driver/stm32h7xx_hal_rcc.o
 .debug_aranges
                0x00000770      0x100 ./Drivers/STM32H7xx_HAL_Driver/stm32h7xx_hal_rcc_ex.o
 .debug_aranges
                0x00000870      0x170 ./Drivers/STM32H7xx_HAL_Driver/stm32h7xx_hal_sd.o
 .debug_aranges
                0x000009e0      0x1d0 ./Drivers/STM32H7xx_HAL_Driver/stm32h7xx_ll_sdmmc.o
 .debug_aranges
                0x00000bb0       0x28 ./FATFS/App/fatfs.o
 .debug_aranges
                0x00000bd8       0x98 ./FATFS/Target/bsp_driver_sd.o
 .debug_aranges
                0x00000c70       0x60 ./FATFS/Target/sd_diskio.o
 .debug_aranges
                0x00000cd0       0x48 ./Middlewares/Third_Party/FatFs/diskio.o
 .debug_aranges
                0x00000d18      0x208 ./Middlewares/Third_Party/FatFs/ff.o
 .debug_aranges
                0x00000f20       0x40 ./Middlewares/Third_Party/FatFs/ff_gen_drv.o

.debug_rnglists
                0x00000000      0xb88
 .debug_rnglists
                0x00000000       0x21 ./Common/Src/system_stm32h7xx_dualcore_boot_cm4_cm7.o
 .debug_rnglists
                0x00000021       0x14 ./Core/Src/gpio.o
 .debug_rnglists
                0x00000035       0x3a ./Core/Src/main.o
 .debug_rnglists
                0x0000006f       0x20 ./Core/Src/sdmmc.o
 .debug_rnglists
                0x0000008f       0x13 ./Core/Src/stm32h7xx_hal_msp.o
 .debug_rnglists
                0x000000a2       0x49 ./Core/Src/stm32h7xx_it.o
 .debug_rnglists
                0x000000eb       0x19 ./Core/Startup/startup_stm32h755zitx.o
 .debug_rnglists
                0x00000104      0x180 ./Drivers/STM32H7xx_HAL_Driver/stm32h7xx_hal.o
 .debug_rnglists
                0x00000284       0xe0 ./Drivers/STM32H7xx_HAL_Driver/stm32h7xx_hal_cortex.o
 .debug_rnglists
                0x00000364       0x3f ./Drivers/STM32H7xx_HAL_Driver/stm32h7xx_hal_gpio.o
 .debug_rnglists
                0x000003a3       0x4f ./Drivers/STM32H7xx_HAL_Driver/stm32h7xx_hal_hsem.o
 .debug_rnglists
                0x000003f2      0x117 ./Drivers/STM32H7xx_HAL_Driver/stm32h7xx_hal_pwr_ex.o
 .debug_rnglists
                0x00000509       0x68 ./Drivers/STM32H7xx_HAL_Driver/stm32h7xx_hal_rcc.o
 .debug_rnglists
                0x00000571       0xc6 ./Drivers/STM32H7xx_HAL_Driver/stm32h7xx_hal_rcc_ex.o
 .debug_rnglists
                0x00000637      0x128 ./Drivers/STM32H7xx_HAL_Driver/stm32h7xx_hal_sd.o
 .debug_rnglists
                0x0000075f      0x15e ./Drivers/STM32H7xx_HAL_Driver/stm32h7xx_ll_sdmmc.o
 .debug_rnglists
                0x000008bd       0x19 ./FATFS/App/fatfs.o
 .debug_rnglists
                0x000008d6       0x6d ./FATFS/Target/bsp_driver_sd.o
 .debug_rnglists
                0x00000943       0x46 ./FATFS/Target/sd_diskio.o
 .debug_rnglists
                0x00000989       0x31 ./Middlewares/Third_Party/FatFs/diskio.o
 .debug_rnglists
                0x000009ba      0x1a2 ./Middlewares/Third_Party/FatFs/ff.o
 .debug_rnglists
                0x00000b5c       0x2c ./Middlewares/Third_Party/FatFs/ff_gen_drv.o

.debug_macro    0x00000000    0x3ba1a
 .debug_macro   0x00000000      0x2b9 ./Common/Src/system_stm32h7xx_dualcore_boot_cm4_cm7.o
 .debug_macro   0x000002b9      0xafc ./Common/Src/system_stm32h7xx_dualcore_boot_cm4_cm7.o
 .debug_macro   0x00000db5       0x2e ./Common/Src/system_stm32h7xx_dualcore_boot_cm4_cm7.o
 .debug_macro   0x00000de3       0x49 ./Common/Src/system_stm32h7xx_dualcore_boot_cm4_cm7.o
 .debug_macro   0x00000e2c       0x22 ./Common/Src/system_stm32h7xx_dualcore_boot_cm4_cm7.o
 .debug_macro   0x00000e4e       0x8e ./Common/Src/system_stm32h7xx_dualcore_boot_cm4_cm7.o
 .debug_macro   0x00000edc       0x51 ./Common/Src/system_stm32h7xx_dualcore_boot_cm4_cm7.o
 .debug_macro   0x00000f2d      0x103 ./Common/Src/system_stm32h7xx_dualcore_boot_cm4_cm7.o
 .debug_macro   0x00001030       0x6a ./Common/Src/system_stm32h7xx_dualcore_boot_cm4_cm7.o
 .debug_macro   0x0000109a      0x1df ./Common/Src/system_stm32h7xx_dualcore_boot_cm4_cm7.o
 .debug_macro   0x00001279       0x1c ./Common/Src/system_stm32h7xx_dualcore_boot_cm4_cm7.o
 .debug_macro   0x00001295       0x22 ./Common/Src/system_stm32h7xx_dualcore_boot_cm4_cm7.o
 .debug_macro   0x000012b7       0xfb ./Common/Src/system_stm32h7xx_dualcore_boot_cm4_cm7.o
 .debug_macro   0x000013b2     0x1313 ./Common/Src/system_stm32h7xx_dualcore_boot_cm4_cm7.o
 .debug_macro   0x000026c5      0x11f ./Common/Src/system_stm32h7xx_dualcore_boot_cm4_cm7.o
 .debug_macro   0x000027e4       0x22 ./Common/Src/system_stm32h7xx_dualcore_boot_cm4_cm7.o
 .debug_macro   0x00002806    0x276b6 ./Common/Src/system_stm32h7xx_dualcore_boot_cm4_cm7.o
 .debug_macro   0x00029ebc       0x6d ./Common/Src/system_stm32h7xx_dualcore_boot_cm4_cm7.o
 .debug_macro   0x00029f29      0x232 ./Common/Src/system_stm32h7xx_dualcore_boot_cm4_cm7.o
 .debug_macro   0x0002a15b     0x3d79 ./Common/Src/system_stm32h7xx_dualcore_boot_cm4_cm7.o
 .debug_macro   0x0002ded4      0x190 ./Common/Src/system_stm32h7xx_dualcore_boot_cm4_cm7.o
 .debug_macro   0x0002e064       0x61 ./Common/Src/system_stm32h7xx_dualcore_boot_cm4_cm7.o
 .debug_macro   0x0002e0c5       0x29 ./Common/Src/system_stm32h7xx_dualcore_boot_cm4_cm7.o
 .debug_macro   0x0002e0ee       0x43 ./Common/Src/system_stm32h7xx_dualcore_boot_cm4_cm7.o
 .debug_macro   0x0002e131       0x34 ./Common/Src/system_stm32h7xx_dualcore_boot_cm4_cm7.o
 .debug_macro   0x0002e165      0x364 ./Common/Src/system_stm32h7xx_dualcore_boot_cm4_cm7.o
 .debug_macro   0x0002e4c9       0x16 ./Common/Src/system_stm32h7xx_dualcore_boot_cm4_cm7.o
 .debug_macro   0x0002e4df       0x4a ./Common/Src/system_stm32h7xx_dualcore_boot_cm4_cm7.o
 .debug_macro   0x0002e529       0x34 ./Common/Src/system_stm32h7xx_dualcore_boot_cm4_cm7.o
 .debug_macro   0x0002e55d       0x10 ./Common/Src/system_stm32h7xx_dualcore_boot_cm4_cm7.o
 .debug_macro   0x0002e56d       0x58 ./Common/Src/system_stm32h7xx_dualcore_boot_cm4_cm7.o
 .debug_macro   0x0002e5c5       0x8e ./Common/Src/system_stm32h7xx_dualcore_boot_cm4_cm7.o
 .debug_macro   0x0002e653       0x1c ./Common/Src/system_stm32h7xx_dualcore_boot_cm4_cm7.o
 .debug_macro   0x0002e66f      0x17e ./Common/Src/system_stm32h7xx_dualcore_boot_cm4_cm7.o
 .debug_macro   0x0002e7ed      0x19b ./Common/Src/system_stm32h7xx_dualcore_boot_cm4_cm7.o
 .debug_macro   0x0002e988       0x5d ./Common/Src/system_stm32h7xx_dualcore_boot_cm4_cm7.o
 .debug_macro   0x0002e9e5     0x3b99 ./Common/Src/system_stm32h7xx_dualcore_boot_cm4_cm7.o
 .debug_macro   0x0003257e     0x1072 ./Common/Src/system_stm32h7xx_dualcore_boot_cm4_cm7.o
 .debug_macro   0x000335f0      0x154 ./Common/Src/system_stm32h7xx_dualcore_boot_cm4_cm7.o
 .debug_macro   0x00033744      0x130 ./Common/Src/system_stm32h7xx_dualcore_boot_cm4_cm7.o
 .debug_macro   0x00033874      0x3c2 ./Common/Src/system_stm32h7xx_dualcore_boot_cm4_cm7.o
 .debug_macro   0x00033c36       0xac ./Common/Src/system_stm32h7xx_dualcore_boot_cm4_cm7.o
 .debug_macro   0x00033ce2      0x72d ./Common/Src/system_stm32h7xx_dualcore_boot_cm4_cm7.o
 .debug_macro   0x0003440f      0x228 ./Common/Src/system_stm32h7xx_dualcore_boot_cm4_cm7.o
 .debug_macro   0x00034637       0x66 ./Common/Src/system_stm32h7xx_dualcore_boot_cm4_cm7.o
 .debug_macro   0x0003469d      0x3bb ./Common/Src/system_stm32h7xx_dualcore_boot_cm4_cm7.o
 .debug_macro   0x00034a58      0x407 ./Common/Src/system_stm32h7xx_dualcore_boot_cm4_cm7.o
 .debug_macro   0x00034e5f      0x27c ./Common/Src/system_stm32h7xx_dualcore_boot_cm4_cm7.o
 .debug_macro   0x000350db      0x3ca ./Common/Src/system_stm32h7xx_dualcore_boot_cm4_cm7.o
 .debug_macro   0x000354a5      0x4a2 ./Common/Src/system_stm32h7xx_dualcore_boot_cm4_cm7.o
 .debug_macro   0x00035947       0x51 ./Common/Src/system_stm32h7xx_dualcore_boot_cm4_cm7.o
 .debug_macro   0x00035998       0x4a ./Common/Src/system_stm32h7xx_dualcore_boot_cm4_cm7.o
 .debug_macro   0x000359e2      0x22c ./Common/Src/system_stm32h7xx_dualcore_boot_cm4_cm7.o
 .debug_macro   0x00035c0e       0x67 ./Common/Src/system_stm32h7xx_dualcore_boot_cm4_cm7.o
 .debug_macro   0x00035c75       0xa5 ./Common/Src/system_stm32h7xx_dualcore_boot_cm4_cm7.o
 .debug_macro   0x00035d1a      0x218 ./Common/Src/system_stm32h7xx_dualcore_boot_cm4_cm7.o
 .debug_macro   0x00035f32      0x2ea ./Common/Src/system_stm32h7xx_dualcore_boot_cm4_cm7.o
 .debug_macro   0x0003621c       0x35 ./Common/Src/system_stm32h7xx_dualcore_boot_cm4_cm7.o
 .debug_macro   0x00036251      0xa0c ./Common/Src/system_stm32h7xx_dualcore_boot_cm4_cm7.o
 .debug_macro   0x00036c5d       0x16 ./Common/Src/system_stm32h7xx_dualcore_boot_cm4_cm7.o
 .debug_macro   0x00036c73      0x1ce ./Common/Src/system_stm32h7xx_dualcore_boot_cm4_cm7.o
 .debug_macro   0x00036e41      0x7a4 ./Common/Src/system_stm32h7xx_dualcore_boot_cm4_cm7.o
 .debug_macro   0x000375e5      0x2cd ./Core/Src/gpio.o
 .debug_macro   0x000378b2      0x37d ./Core/Src/main.o
 .debug_macro   0x00037c2f       0x46 ./Core/Src/main.o
 .debug_macro   0x00037c75       0xe5 ./Core/Src/main.o
 .debug_macro   0x00037d5a       0x16 ./Core/Src/main.o
 .debug_macro   0x00037d70       0x3c ./Core/Src/main.o
 .debug_macro   0x00037dac       0x16 ./Core/Src/main.o
 .debug_macro   0x00037dc2       0x29 ./Core/Src/main.o
 .debug_macro   0x00037deb       0x12 ./Core/Src/main.o
 .debug_macro   0x00037dfd       0xe2 ./Core/Src/main.o
 .debug_macro   0x00037edf       0x8e ./Core/Src/main.o
 .debug_macro   0x00037f6d      0x2cd ./Core/Src/sdmmc.o
 .debug_macro   0x0003823a      0x2c3 ./Core/Src/stm32h7xx_hal_msp.o
 .debug_macro   0x000384fd      0x2cd ./Core/Src/stm32h7xx_it.o
 .debug_macro   0x000387ca      0x2e3 ./Drivers/STM32H7xx_HAL_Driver/stm32h7xx_hal.o
 .debug_macro   0x00038aad      0x2b9 ./Drivers/STM32H7xx_HAL_Driver/stm32h7xx_hal_cortex.o
 .debug_macro   0x00038d66      0x2cd ./Drivers/STM32H7xx_HAL_Driver/stm32h7xx_hal_gpio.o
 .debug_macro   0x00039033      0x2cb ./Drivers/STM32H7xx_HAL_Driver/stm32h7xx_hal_hsem.o
 .debug_macro   0x000392fe      0x2f2 ./Drivers/STM32H7xx_HAL_Driver/stm32h7xx_hal_pwr_ex.o
 .debug_macro   0x000395f0      0x2dd ./Drivers/STM32H7xx_HAL_Driver/stm32h7xx_hal_rcc.o
 .debug_macro   0x000398cd      0x2d7 ./Drivers/STM32H7xx_HAL_Driver/stm32h7xx_hal_rcc_ex.o
 .debug_macro   0x00039ba4      0x2d6 ./Drivers/STM32H7xx_HAL_Driver/stm32h7xx_hal_sd.o
 .debug_macro   0x00039e7a      0x2ba ./Drivers/STM32H7xx_HAL_Driver/stm32h7xx_ll_sdmmc.o
 .debug_macro   0x0003a134      0x359 ./FATFS/App/fatfs.o
 .debug_macro   0x0003a48d      0x2c8 ./FATFS/Target/bsp_driver_sd.o
 .debug_macro   0x0003a755       0x40 ./FATFS/Target/bsp_driver_sd.o
 .debug_macro   0x0003a795      0x38c ./FATFS/Target/sd_diskio.o
 .debug_macro   0x0003ab21       0x16 ./FATFS/Target/sd_diskio.o
 .debug_macro   0x0003ab37       0x7c ./FATFS/Target/sd_diskio.o
 .debug_macro   0x0003abb3       0x16 ./FATFS/Target/sd_diskio.o
 .debug_macro   0x0003abc9       0x20 ./FATFS/Target/sd_diskio.o
 .debug_macro   0x0003abe9      0x346 ./Middlewares/Third_Party/FatFs/diskio.o
 .debug_macro   0x0003af2f      0x74d ./Middlewares/Third_Party/FatFs/ff.o
 .debug_macro   0x0003b67c       0x58 ./Middlewares/Third_Party/FatFs/ff.o
 .debug_macro   0x0003b6d4      0x346 ./Middlewares/Third_Party/FatFs/ff_gen_drv.o

.debug_line     0x00000000    0x160d5
 .debug_line    0x00000000      0xb81 ./Common/Src/system_stm32h7xx_dualcore_boot_cm4_cm7.o
 .debug_line    0x00000b81      0x8fd ./Core/Src/gpio.o
 .debug_line    0x0000147e      0xce6 ./Core/Src/main.o
 .debug_line    0x00002164      0x9bb ./Core/Src/sdmmc.o
 .debug_line    0x00002b1f      0x8fd ./Core/Src/stm32h7xx_hal_msp.o
 .debug_line    0x0000341c      0x9c5 ./Core/Src/stm32h7xx_it.o
 .debug_line    0x00003de1       0x7b ./Core/Startup/startup_stm32h755zitx.o
 .debug_line    0x00003e5c     0x108f ./Drivers/STM32H7xx_HAL_Driver/stm32h7xx_hal.o
 .debug_line    0x00004eeb      0xf1f ./Drivers/STM32H7xx_HAL_Driver/stm32h7xx_hal_cortex.o
 .debug_line    0x00005e0a      0xdc6 ./Drivers/STM32H7xx_HAL_Driver/stm32h7xx_hal_gpio.o
 .debug_line    0x00006bd0      0xacb ./Drivers/STM32H7xx_HAL_Driver/stm32h7xx_hal_hsem.o
 .debug_line    0x0000769b     0x11f8 ./Drivers/STM32H7xx_HAL_Driver/stm32h7xx_hal_pwr_ex.o
 .debug_line    0x00008893     0x15d4 ./Drivers/STM32H7xx_HAL_Driver/stm32h7xx_hal_rcc.o
 .debug_line    0x00009e67     0x1ef8 ./Drivers/STM32H7xx_HAL_Driver/stm32h7xx_hal_rcc_ex.o
 .debug_line    0x0000bd5f     0x2240 ./Drivers/STM32H7xx_HAL_Driver/stm32h7xx_hal_sd.o
 .debug_line    0x0000df9f     0x13b7 ./Drivers/STM32H7xx_HAL_Driver/stm32h7xx_ll_sdmmc.o
 .debug_line    0x0000f356      0x9d6 ./FATFS/App/fatfs.o
 .debug_line    0x0000fd2c      0xadc ./FATFS/Target/bsp_driver_sd.o
 .debug_line    0x00010808      0xc22 ./FATFS/Target/sd_diskio.o
 .debug_line    0x0001142a      0xab8 ./Middlewares/Third_Party/FatFs/diskio.o
 .debug_line    0x00011ee2     0x373e ./Middlewares/Third_Party/FatFs/ff.o
 .debug_line    0x00015620      0xab5 ./Middlewares/Third_Party/FatFs/ff_gen_drv.o

.debug_str      0x00000000   0x17c4f5
 .debug_str     0x00000000   0x17c4f5 ./Common/Src/system_stm32h7xx_dualcore_boot_cm4_cm7.o
                             0x176587 (size before relaxing)
 .debug_str     0x0017c4f5   0x176128 ./Core/Src/gpio.o
 .debug_str     0x0017c4f5   0x1774dd ./Core/Src/main.o
 .debug_str     0x0017c4f5   0x177136 ./Core/Src/sdmmc.o
 .debug_str     0x0017c4f5   0x176128 ./Core/Src/stm32h7xx_hal_msp.o
 .debug_str     0x0017c4f5   0x176299 ./Core/Src/stm32h7xx_it.o
 .debug_str     0x0017c4f5       0xa8 ./Core/Startup/startup_stm32h755zitx.o
 .debug_str     0x0017c4f5   0x1775ed ./Drivers/STM32H7xx_HAL_Driver/stm32h7xx_hal.o
 .debug_str     0x0017c4f5   0x176e5b ./Drivers/STM32H7xx_HAL_Driver/stm32h7xx_hal_cortex.o
 .debug_str     0x0017c4f5   0x1764df ./Drivers/STM32H7xx_HAL_Driver/stm32h7xx_hal_gpio.o
 .debug_str     0x0017c4f5   0x17616a ./Drivers/STM32H7xx_HAL_Driver/stm32h7xx_hal_hsem.o
 .debug_str     0x0017c4f5   0x1769f1 ./Drivers/STM32H7xx_HAL_Driver/stm32h7xx_hal_pwr_ex.o
 .debug_str     0x0017c4f5   0x176860 ./Drivers/STM32H7xx_HAL_Driver/stm32h7xx_hal_rcc.o
 .debug_str     0x0017c4f5   0x176d95 ./Drivers/STM32H7xx_HAL_Driver/stm32h7xx_hal_rcc_ex.o
 .debug_str     0x0017c4f5   0x176e48 ./Drivers/STM32H7xx_HAL_Driver/stm32h7xx_hal_sd.o
 .debug_str     0x0017c4f5   0x1766ce ./Drivers/STM32H7xx_HAL_Driver/stm32h7xx_ll_sdmmc.o
 .debug_str     0x0017c4f5   0x17693a ./FATFS/App/fatfs.o
 .debug_str     0x0017c4f5   0x1765c0 ./FATFS/Target/bsp_driver_sd.o
 .debug_str     0x0017c4f5   0x176a6d ./FATFS/Target/sd_diskio.o
 .debug_str     0x0017c4f5   0x176898 ./Middlewares/Third_Party/FatFs/diskio.o
 .debug_str     0x0017c4f5   0x177b0f ./Middlewares/Third_Party/FatFs/ff.o
 .debug_str     0x0017c4f5   0x1768fd ./Middlewares/Third_Party/FatFs/ff_gen_drv.o

.comment        0x00000000       0x43
 .comment       0x00000000       0x43 ./Common/Src/system_stm32h7xx_dualcore_boot_cm4_cm7.o
                                 0x44 (size before relaxing)
 .comment       0x00000043       0x44 ./Core/Src/gpio.o
 .comment       0x00000043       0x44 ./Core/Src/main.o
 .comment       0x00000043       0x44 ./Core/Src/sdmmc.o
 .comment       0x00000043       0x44 ./Core/Src/stm32h7xx_hal_msp.o
 .comment       0x00000043       0x44 ./Core/Src/stm32h7xx_it.o
 .comment       0x00000043       0x44 ./Drivers/STM32H7xx_HAL_Driver/stm32h7xx_hal.o
 .comment       0x00000043       0x44 ./Drivers/STM32H7xx_HAL_Driver/stm32h7xx_hal_cortex.o
 .comment       0x00000043       0x44 ./Drivers/STM32H7xx_HAL_Driver/stm32h7xx_hal_gpio.o
 .comment       0x00000043       0x44 ./Drivers/STM32H7xx_HAL_Driver/stm32h7xx_hal_hsem.o
 .comment       0x00000043       0x44 ./Drivers/STM32H7xx_HAL_Driver/stm32h7xx_hal_pwr_ex.o
 .comment       0x00000043       0x44 ./Drivers/STM32H7xx_HAL_Driver/stm32h7xx_hal_rcc.o
 .comment       0x00000043       0x44 ./Drivers/STM32H7xx_HAL_Driver/stm32h7xx_hal_rcc_ex.o
 .comment       0x00000043       0x44 ./Drivers/STM32H7xx_HAL_Driver/stm32h7xx_hal_sd.o
 .comment       0x00000043       0x44 ./Drivers/STM32H7xx_HAL_Driver/stm32h7xx_ll_sdmmc.o
 .comment       0x00000043       0x44 ./FATFS/App/fatfs.o
 .comment       0x00000043       0x44 ./FATFS/Target/bsp_driver_sd.o
 .comment       0x00000043       0x44 ./FATFS/Target/sd_diskio.o
 .comment       0x00000043       0x44 ./Middlewares/Third_Party/FatFs/diskio.o
 .comment       0x00000043       0x44 ./Middlewares/Third_Party/FatFs/ff.o
 .comment       0x00000043       0x44 ./Middlewares/Third_Party/FatFs/ff_gen_drv.o

.debug_frame    0x00000000     0x3a34
 .debug_frame   0x00000000       0x60 ./Common/Src/system_stm32h7xx_dualcore_boot_cm4_cm7.o
 .debug_frame   0x00000060       0x34 ./Core/Src/gpio.o
 .debug_frame   0x00000094      0x100 ./Core/Src/main.o
 .debug_frame   0x00000194       0x78 ./Core/Src/sdmmc.o
 .debug_frame   0x0000020c       0x34 ./Core/Src/stm32h7xx_hal_msp.o
 .debug_frame   0x00000240      0x114 ./Core/Src/stm32h7xx_it.o
 .debug_frame   0x00000354      0x76c ./Drivers/STM32H7xx_HAL_Driver/stm32h7xx_hal.o
 .debug_frame   0x00000ac0      0x4b8 ./Drivers/STM32H7xx_HAL_Driver/stm32h7xx_hal_cortex.o
 .debug_frame   0x00000f78      0x130 ./Drivers/STM32H7xx_HAL_Driver/stm32h7xx_hal_gpio.o
 .debug_frame   0x000010a8      0x194 ./Drivers/STM32H7xx_HAL_Driver/stm32h7xx_hal_hsem.o
 .debug_frame   0x0000123c      0x56c ./Drivers/STM32H7xx_HAL_Driver/stm32h7xx_hal_pwr_ex.o
 .debug_frame   0x000017a8      0x1e4 ./Drivers/STM32H7xx_HAL_Driver/stm32h7xx_hal_rcc.o
 .debug_frame   0x0000198c      0x3f8 ./Drivers/STM32H7xx_HAL_Driver/stm32h7xx_hal_rcc_ex.o
 .debug_frame   0x00001d84      0x634 ./Drivers/STM32H7xx_HAL_Driver/stm32h7xx_hal_sd.o
 .debug_frame   0x000023b8      0x7d0 ./Drivers/STM32H7xx_HAL_Driver/stm32h7xx_ll_sdmmc.o
 .debug_frame   0x00002b88       0x48 ./FATFS/App/fatfs.o
 .debug_frame   0x00002bd0      0x228 ./FATFS/Target/bsp_driver_sd.o
 .debug_frame   0x00002df8      0x144 ./FATFS/Target/sd_diskio.o
 .debug_frame   0x00002f3c       0xe8 ./Middlewares/Third_Party/FatFs/diskio.o
 .debug_frame   0x00003024      0x908 ./Middlewares/Third_Party/FatFs/ff.o
 .debug_frame   0x0000392c       0xbc ./Middlewares/Third_Party/FatFs/ff_gen_drv.o
 .debug_frame   0x000039e8       0x20 C:/ST/STM32CubeIDE_2.1.1/STM32CubeIDE/plugins/com.st.stm32cube.ide.mcu.externaltools.gnu-tools-for-stm32.14.3.rel1.win32_1.0.100.202602081740/tools/bin/../lib/gcc/arm-none-eabi/14.3.1/../../../../arm-none-eabi/lib/thumb/v7e-m+dp/hard\libc_nano.a(libc_a-memset.o)
 .debug_frame   0x00003a08       0x2c C:/ST/STM32CubeIDE_2.1.1/STM32CubeIDE/plugins/com.st.stm32cube.ide.mcu.externaltools.gnu-tools-for-stm32.14.3.rel1.win32_1.0.100.202602081740/tools/bin/../lib/gcc/arm-none-eabi/14.3.1/../../../../arm-none-eabi/lib/thumb/v7e-m+dp/hard\libc_nano.a(libc_a-init.o)

.debug_line_str
                0x00000000       0x8c
 .debug_line_str
                0x00000000       0x8c ./Core/Startup/startup_stm32h755zitx.o
