../Core/Src/lcd_i2c.c:14:13:LCD_I2C_Write	24	static
../Core/Src/lcd_i2c.c:20:13:LCD_Pulse_Enable	16	static
../Core/Src/lcd_i2c.c:29:13:LCD_Send_Nibble	24	static
../Core/Src/lcd_i2c.c:37:13:LCD_Send_Byte	16	static
../Core/Src/lcd_i2c.c:44:13:LCD_Command	16	static
../Core/Src/lcd_i2c.c:45:13:LCD_Data	16	static
../Core/Src/lcd_i2c.c:48:6:LCD_Init	16	static
../Core/Src/lcd_i2c.c:70:6:LCD_Clear	8	static
../Core/Src/lcd_i2c.c:76:6:LCD_SetCursor	24	static
../Core/Src/lcd_i2c.c:84:6:LCD_PrintChar	16	static
../Core/Src/lcd_i2c.c:86:6:LCD_Print	16	static
../Core/Src/lcd_i2c.c:91:6:LCD_Backlight	16	static
