../Core/Src/ssd1306.c:46:9:SSD1306_Init	16	static
../Core/Src/ssd1306.c:110:7:SSD1306_UpdateScreen	16	static
../Core/Src/ssd1306.c:126:6:SSD1306_ToggleInvert	16	static
../Core/Src/ssd1306.c:138:6:SSD1306_Fill	16	static
../Core/Src/ssd1306.c:143:6:SSD1306_DrawPixel	16	static
../Core/Src/ssd1306.c:165:6:SSD1306_GotoXY	16	static
../Core/Src/ssd1306.c:171:6:SSD1306_Putc	32	static
../Core/Src/ssd1306.c:194:6:SSD1306_Puts	24	static
../Core/Src/ssd1306.c:212:6:SSD1306_DrawLine	40	static
../Core/Src/ssd1306.c:296:6:SSD1306_DrawRectangle	32	static
../Core/Src/ssd1306.c:321:6:SSD1306_DrawFilledRectangle	40	static
../Core/Src/ssd1306.c:348:6:SSD1306_DrawTriangle	32	static
../Core/Src/ssd1306.c:356:6:SSD1306_DrawFilledTriangle	64	static
../Core/Src/ssd1306.c:412:6:SSD1306_DrawCircle	40	static
../Core/Src/ssd1306.c:446:6:SSD1306_DrawFilledCircle	48	static
../Core/Src/ssd1306.c:477:6:ssd1306_image	32	static
../Core/Src/ssd1306.c:496:6:SSD1306_ON	8	static
../Core/Src/ssd1306.c:501:6:SSD1306_OFF	8	static
../Core/Src/ssd1306.c:517:6:ssd1306_I2C_Init	16	static
../Core/Src/ssd1306.c:529:6:ssd1306_I2C_WriteMulti	64	dynamic
../Core/Src/ssd1306.c:539:6:ssd1306_I2C_WriteMulti_DMA	24	static
../Core/Src/ssd1306.c:545:6:ssd1306_I2C_Write	32	static
